Last login: Wed Nov 18 18:04:51 on console
kw@iMac-OS-X-Server ~ % ssh azadmin@137.135.63.210
Welcome to Ubuntu 18.04.5 LTS (GNU/Linux 5.4.0-1031-azure x86_64)

 * Documentation:  https://help.ubuntu.com
 * Management:     https://landscape.canonical.com
 * Support:        https://ubuntu.com/advantage

  System information as of Thu Nov 19 01:49:14 UTC 2020

  System load:  0.0               Processes:           109
  Usage of /:   6.9% of 28.90GB   Users logged in:     0
  Memory usage: 23%               IP address for eth0: 10.0.0.4
  Swap usage:   0%

 * Introducing self-healing high availability clustering for MicroK8s!
   Super simple, hardened and opinionated Kubernetes for production.

     https://microk8s.io/high-availability

 * Canonical Livepatch is available for installation.
   - Reduce system reboots and improve kernel security. Activate at:
     https://ubuntu.com/livepatch

2 packages can be updated.
0 updates are security updates.


Last login: Tue Nov 17 00:40:30 2020 from 68.2.91.221
azadmin@Jump-Box-Provisioner:~$ sudo docker container list -a
CONTAINER ID        IMAGE                           COMMAND             CREATED             STATUS                    PORTS               NAMES
cf331a2fb986        cyberxsecurity/ansible:latest   "bash"              2 days ago          Exited (0) 45 hours ago                       brave_elbakyan
04193c64f350        cyberxsecurity/ansible:latest   "bash"              2 days ago          Exited (0) 2 days ago                         thirsty_cori
476edd452512        cyberxsecurity/ansible:latest   "bash"              2 days ago          Exited (0) 2 days ago                         nice_wu
azadmin@Jump-Box-Provisioner:~$ sudo docker start cf331a2fb986
cf331a2fb986
azadmin@Jump-Box-Provisioner:~$ sudo docker attach cf331a2fb986
root@cf331a2fb986:~# ssh azadmin@10.1.0.4
^C
root@cf331a2fb986:~# ssh azadmin@10.1.1.4

^C
root@cf331a2fb986:~# ssh azadmin@13.90.26.172
The authenticity of host '13.90.26.172 (13.90.26.172)' can't be established.
ECDSA key fingerprint is SHA256:P1kmHfMarodG5tXx8nREPuf/ypm5i40B+KVM6Tfgp9g.
Are you sure you want to continue connecting (yes/no)? yes
Warning: Permanently added '13.90.26.172' (ECDSA) to the list of known hosts.
Welcome to Ubuntu 18.04.5 LTS (GNU/Linux 5.4.0-1031-azure x86_64)

 * Documentation:  https://help.ubuntu.com
 * Management:     https://landscape.canonical.com
 * Support:        https://ubuntu.com/advantage

  System information as of Thu Nov 19 02:09:08 UTC 2020

  System load:  0.11              Processes:           132
  Usage of /:   4.5% of 28.90GB   Users logged in:     0
  Memory usage: 5%                IP address for eth0: 10.1.1.4
  Swap usage:   0%

0 packages can be updated.
0 updates are security updates.



The programs included with the Ubuntu system are free software;
the exact distribution terms for each program are described in the
individual files in /usr/share/doc/*/copyright.

Ubuntu comes with ABSOLUTELY NO WARRANTY, to the extent permitted by
applicable law.

To run a command as administrator (user "root"), use "sudo <command>".
See "man sudo_root" for details.

azadmin@ELK:~$ exit
logout
Connection to 13.90.26.172 closed.
root@cf331a2fb986:~# ssh azadmin@10.1.1.4
The authenticity of host '10.1.1.4 (10.1.1.4)' can't be established.
ECDSA key fingerprint is SHA256:P1kmHfMarodG5tXx8nREPuf/ypm5i40B+KVM6Tfgp9g.
Are you sure you want to continue connecting (yes/no)? yes
Warning: Permanently added '10.1.1.4' (ECDSA) to the list of known hosts.
Welcome to Ubuntu 18.04.5 LTS (GNU/Linux 5.4.0-1031-azure x86_64)

 * Documentation:  https://help.ubuntu.com
 * Management:     https://landscape.canonical.com
 * Support:        https://ubuntu.com/advantage

  System information as of Thu Nov 19 02:30:02 UTC 2020

  System load:  0.0               Processes:           117
  Usage of /:   4.5% of 28.90GB   Users logged in:     0
  Memory usage: 5%                IP address for eth0: 10.1.1.4
  Swap usage:   0%


0 packages can be updated.
0 updates are security updates.

New release '20.04.1 LTS' available.
Run 'do-release-upgrade' to upgrade to it.


Last login: Thu Nov 19 02:09:10 2020 from 137.135.63.210
To run a command as administrator (user "root"), use "sudo <command>".
See "man sudo_root" for details.

azadmin@ELK:~$ exit
logout
Connection to 10.1.1.4 closed.
root@cf331a2fb986:~# cd /etc/ansible
root@cf331a2fb986:/etc/ansible# nano hosts
root@cf331a2fb986:/etc/ansible# cat /Users/kw/Downloads/Resources/install-elk.yml 
cat: /Users/kw/Downloads/Resources/install-elk.yml: No such file or directory
root@cf331a2fb986:/etc/ansible# touch /etc/ansible/install-elk.yml
]root@cf331a2fb986:/etc/ansible# cat /etc/ansible/install-elk.yml
root@cf331a2fb986:/etc/ansible# nano /etc/ansible/install-elk.yml
root@cf331a2fb986:/etc/ansible# ansible-playbook /install-elk.yml
ERROR! the playbook: /install-elk.yml could not be found
root@cf331a2fb986:/etc/ansible# ansible-playbook install-elk.yml
ERROR! Syntax Error while loading YAML.
  did not find expected '-' indicator

The error appears to be in '/etc/ansible/install-elk.yml': line 6, column 2, but may
be elsewhere in the file depending on the exact syntax problem.

The offending line appears to be:

  become: true
 tasks:
 ^ here

root@cf331a2fb986:/etc/ansible# nano install-elk.yml
root@cf331a2fb986:/etc/ansible# ansible-playbook install-elk.yml
[WARNING]: Could not match supplied host pattern, ignoring: elk


PLAY [Configure Elk VM with Docker] ******************************************************************************************************
skipping: no hosts matched

PLAY RECAP *******************************************************************************************************************************

root@cf331a2fb986:/etc/ansible# nano install-elk.yml
root@cf331a2fb986:/etc/ansible# nano install-elk.yml
root@cf331a2fb986:/etc/ansible# ansible-playbook install-elk.yml

PLAY [Configure Elk VM with Docker] ******************************************************************************************************

TASK [Gathering Facts] *******************************************************************************************************************
ok: [10.1.1.4]

TASK [Install docker.io] *****************************************************************************************************************
changed: [10.1.1.4]

TASK [Install python3-pip] ***************************************************************************************************************
changed: [10.1.1.4]

TASK [Install Docker module] *************************************************************************************************************
changed: [10.1.1.4]

TASK [Increase virtual memory] ***********************************************************************************************************
changed: [10.1.1.4]

TASK [Use more memory] *******************************************************************************************************************
[WARNING]: The value 262144 (type int) in a string field was converted to '262144' (type string). If this does not look like what you
expect, quote the entire value to ensure it does not change.

changed: [10.1.1.4]

TASK [download and launch a docker elk container] ****************************************************************************************
changed: [10.1.1.4]

PLAY RECAP *******************************************************************************************************************************
10.1.1.4                   : ok=7    changed=6    unreachable=0    failed=0    skipped=0    rescued=0    ignored=0   

root@cf331a2fb986:/etc/ansible# ssh azadmin@10.1.1.4                              
Welcome to Ubuntu 18.04.5 LTS (GNU/Linux 5.4.0-1031-azure x86_64)

 * Documentation:  https://help.ubuntu.com
 * Management:     https://landscape.canonical.com
 * Support:        https://ubuntu.com/advantage

  System information as of Thu Nov 19 03:11:54 UTC 2020

  System load:  1.85               Processes:              132
  Usage of /:   16.0% of 28.90GB   Users logged in:        0
  Memory usage: 76%                IP address for eth0:    10.1.1.4
  Swap usage:   0%                 IP address for docker0: 172.17.0.1


9 packages can be updated.
7 updates are security updates.

New release '20.04.1 LTS' available.
Run 'do-release-upgrade' to upgrade to it.


Last login: Thu Nov 19 03:06:33 2020 from 10.0.0.4
azadmin@ELK:~$ curl localhost:5601/app/kibana
<!DOCTYPE html><html lang="en"><head><meta charSet="utf-8"/><meta http-equiv="X-UA-Compatible" content="IE=edge,chrome=1"/><meta name="viewport" content="width=device-width"/><title>Kibana</title><style>
        
        @font-face {
          font-family: 'Inter UI';
          font-style: normal;
          font-weight: 100;
          src: url('/ui/fonts/inter_ui/Inter-UI-Thin-BETA.woff2') format('woff2'), url('/ui/fonts/inter_ui/Inter-UI-Thin-BETA.woff') format('woff');
        }

        @font-face {
          font-family: 'Inter UI';
          font-style: italic;
          font-weight: 100;
          src: url('/ui/fonts/inter_ui/Inter-UI-ThinItalic-BETA.woff2') format('woff2'), url('/ui/fonts/inter_ui/Inter-UI-ThinItalic-BETA.woff') format('woff');
        }

        @font-face {
          font-family: 'Inter UI';
          font-style: normal;
          font-weight: 200;
          src: url('/ui/fonts/inter_ui/Inter-UI-ExtraLight-BETA.woff2') format('woff2'), url('/ui/fonts/inter_ui/Inter-UI-ExtraLight-BETA.woff') format('woff');
        }

        @font-face {
          font-family: 'Inter UI';
          font-style: italic;
          font-weight: 200;
          src: url('/ui/fonts/inter_ui/Inter-UI-ExtraLightItalic-BETA.woff2') format('woff2'), url('/ui/fonts/inter_ui/Inter-UI-ExtraLightItalic-BETA.woff') format('woff');
        }

        @font-face {
          font-family: 'Inter UI';
          font-style: normal;
          font-weight: 300;
          src: url('/ui/fonts/inter_ui/Inter-UI-Light-BETA.woff2') format('woff2'), url('/ui/fonts/inter_ui/Inter-UI-Light-BETA.woff') format('woff');
        }

        @font-face {
          font-family: 'Inter UI';
          font-style: italic;
          font-weight: 300;
          src: url('/ui/fonts/inter_ui/Inter-UI-LightItalic-BETA.woff2') format('woff2'), url('/ui/fonts/inter_ui/Inter-UI-LightItalic-BETA.woff') format('woff');
        }

        @font-face {
          font-family: 'Inter UI';
          font-style: normal;
          font-weight: 400;
          src: url('/ui/fonts/inter_ui/Inter-UI-Regular.woff2') format('woff2'), url('/ui/fonts/inter_ui/Inter-UI-Regular.woff') format('woff');
        }

        @font-face {
          font-family: 'Inter UI';
          font-style: italic;
          font-weight: 400;
          src: url('/ui/fonts/inter_ui/Inter-UI-Italic.woff2') format('woff2'), url('/ui/fonts/inter_ui/Inter-UI-Italic.woff') format('woff');
        }

        @font-face {
          font-family: 'Inter UI';
          font-style: normal;
          font-weight: 500;
          src: url('/ui/fonts/inter_ui/Inter-UI-Medium.woff2') format('woff2'), url('/ui/fonts/inter_ui/Inter-UI-Medium.woff') format('woff');
        }

        @font-face {
          font-family: 'Inter UI';
          font-style: italic;
          font-weight: 500;
          src: url('/ui/fonts/inter_ui/Inter-UI-MediumItalic.woff2') format('woff2'), url('/ui/fonts/inter_ui/Inter-UI-MediumItalic.woff') format('woff');
        }

        @font-face {
          font-family: 'Inter UI';
          font-style: normal;
          font-weight: 600;
          src: url('/ui/fonts/inter_ui/Inter-UI-SemiBold.woff2') format('woff2'), url('/ui/fonts/inter_ui/Inter-UI-SemiBold.woff') format('woff');
        }

        @font-face {
          font-family: 'Inter UI';
          font-style: italic;
          font-weight: 600;
          src: url('/ui/fonts/inter_ui/Inter-UI-SemiBoldItalic.woff2') format('woff2'), url('/ui/fonts/inter_ui/Inter-UI-SemiBoldItalic.woff') format('woff');
        }

        @font-face {
          font-family: 'Inter UI';
          font-style: normal;
          font-weight: 700;
          src: url('/ui/fonts/inter_ui/Inter-UI-Bold.woff2') format('woff2'), url('/ui/fonts/inter_ui/Inter-UI-Bold.woff') format('woff');
        }

        @font-face {
          font-family: 'Inter UI';
          font-style: italic;
          font-weight: 700;
          src: url('/ui/fonts/inter_ui/Inter-UI-BoldItalic.woff2') format('woff2'), url('/ui/fonts/inter_ui/Inter-UI-BoldItalic.woff') format('woff');
        }

        @font-face {
          font-family: 'Inter UI';
          font-style: normal;
          font-weight: 800;
          src: url('/ui/fonts/inter_ui/Inter-UI-ExtraBold.woff2') format('woff2'), url('/ui/fonts/inter_ui/Inter-UI-ExtraBold.woff') format('woff');
        }

        @font-face {
          font-family: 'Inter UI';
          font-style: italic;
          font-weight: 800;
          src: url('/ui/fonts/inter_ui/Inter-UI-ExtraBoldItalic.woff2') format('woff2'), url('/ui/fonts/inter_ui/Inter-UI-ExtraBoldItalic.woff') format('woff');
        }

        @font-face {
          font-family: 'Inter UI';
          font-style: normal;
          font-weight: 900;
          src: url('/ui/fonts/inter_ui/Inter-UI-Black.woff2') format('woff2'), url('/ui/fonts/inter_ui/Inter-UI-Black.woff') format('woff');
        }

        @font-face {
          font-family: 'Inter UI';
          font-style: italic;
          font-weight: 900;
          src: url('/ui/fonts/inter_ui/Inter-UI-BlackItalic.woff2') format('woff2'), url('/ui/fonts/inter_ui/Inter-UI-BlackItalic.woff') format('woff');
        }

        @font-face {
          font-family: 'Roboto Mono';
          font-style: normal;
          font-weight: 400;
          src: local('Roboto Mono'), local('RobotoMono-Regular'), url('/ui/fonts/roboto_mono/RobotoMono-Regular.ttf') format('woff2');
          unicode-range: U+0000-00FF, U+0131, U+0152-0153, U+02BB-02BC, U+02C6, U+02DA, U+02DC, U+2000-206F, U+2074, U+20AC, U+2122, U+2191, U+2193, U+2212, U+2215, U+FEFF, U+FFFD;
        }

        @font-face {
          font-family: 'Roboto Mono';
          font-style: italic;
          font-weight: 400;
          src: local('Roboto Mono Italic'), local('RobotoMono-Italic'), url('/ui/fonts/roboto_mono/RobotoMono-Italic.ttf') format('ttf');
          unicode-range: U+0000-00FF, U+0131, U+0152-0153, U+02BB-02BC, U+02C6, U+02DA, U+02DC, U+2000-206F, U+2074, U+20AC, U+2122, U+2191, U+2193, U+2212, U+2215, U+FEFF, U+FFFD;
        }

        @font-face {
          font-family: 'Roboto Mono';
          font-style: normal;
          font-weight: 700;
          src: local('Roboto Mono Bold'), local('RobotoMono-Bold'), url('/ui/fonts/roboto_mono/RobotoMono-Bold.ttf') format('woff2');
          unicode-range: U+0000-00FF, U+0131, U+0152-0153, U+02BB-02BC, U+02C6, U+02DA, U+02DC, U+2000-206F, U+2074, U+20AC, U+2122, U+2191, U+2193, U+2212, U+2215, U+FEFF, U+FFFD;
        }

        @font-face {
          font-family: 'Roboto Mono';
          font-style: italic;
          font-weight: 700;
          src: local('Roboto Mono Bold Italic'), local('RobotoMono-BoldItalic'), url('/ui/fonts/roboto_mono/RobotoMono-BoldItalic.ttf') format('woff2');
          unicode-range: U+0000-00FF, U+0131, U+0152-0153, U+02BB-02BC, U+02C6, U+02DA, U+02DC, U+2000-206F, U+2074, U+20AC, U+2122, U+2191, U+2193, U+2212, U+2215, U+FEFF, U+FFFD;
        }
        /*
        Single variable font.

        Note that you may want to do something like this to make sure you're serving
        constant fonts to older browsers:
        html {
          font-family: 'Inter UI', sans-serif;
        }
        @supports (font-variation-settings: normal) {
          html {
            font-family: 'Inter UI var', sans-serif;
          }
        }

        BUGS:
        - Safari 12.0 will default to italic instead of regular when font-weight
          is provided in a @font-face declaration.
          Workaround: Use 'Inter UI var alt' for Safari, or explicitly set
          `font-variation-settings: 'slnt' DEGREE`.

        @font-face {
          font-family: 'Inter UI var';
          font-weight: 100 900;
          font-style: oblique 0deg 10deg;
          src:
            url('/ui/fonts/inter_ui/Inter-UI.var.woff2') format('woff2-variations'),
            url('/ui/fonts/inter_ui/Inter-UI.var.woff2') format('woff2');
        }

        'Inter UI var alt' is recommended for Safari and Edge, for reliable italics.

        @supports (font-variation-settings: normal) {
          html {
            font-family: 'Inter UI var alt', sans-serif;
          }
        }

        @font-face {
          font-family: 'Inter UI var alt';
          font-weight: 100 900;
          font-style: normal;
          font-named-instance: 'Regular';
          src:
            url('/ui/fonts/inter_ui/Inter-UI-upright.var.woff2') format('woff2 supports variations(gvar)'),
            url('/ui/fonts/inter_ui/Inter-UI-upright.var.woff2') format('woff2-variations'),
            url('/ui/fonts/inter_ui/Inter-UI-upright.var.woff2') format('woff2');
        }
        @font-face {
          font-family: 'Inter UI var alt';
          font-weight: 100 900;
          font-style: italic;
          font-named-instance: 'Italic';
          src:
            url('/ui/fonts/inter_ui/Inter-UI-italic.var.woff2') format('woff2 supports variations(gvar)'),
            url('/ui/fonts/inter_ui/Inter-UI-italic.var.woff2') format('woff2-variations'),
            url('/ui/fonts/inter_ui/Inter-UI-italic.var.woff2') format('woff2');
        }
        */
      </style><link rel="apple-touch-icon" sizes="180x180" href="/ui/favicons/apple-touch-icon.png"/><link rel="icon" type="image/png" sizes="32x32" href="/ui/favicons/favicon-32x32.png"/><link rel="icon" type="image/png" sizes="16x16" href="/ui/favicons/favicon-16x16.png"/><link rel="manifest" href="/ui/favicons/manifest.json"/><link rel="mask-icon" color="#e8488b" href="/ui/favicons/safari-pinned-tab.svg"/><link rel="shortcut icon" href="/ui/favicons/favicon.ico"/><meta name="msapplication-config" content="/ui/favicons/browserconfig.xml"/><meta name="theme-color" content="#ffffff"/><style>
          * {
            box-sizing: border-box;
          }

          body, html {
            width: 100%;
            height: 100%;
            margin: 0;
          }

          .kibanaWelcomeView {
            height: 100%;
            display: -webkit-box;
            display: -webkit-flex;
            display: -ms-flexbox;
            display: flex;
            -webkit-box-flex: 1;
            -webkit-flex: 1 0 auto;
                -ms-flex: 1 0 auto;
                    flex: 1 0 auto;
            -webkit-box-orient: vertical;
            -webkit-box-direction: normal;
            -webkit-flex-direction: column;
                -ms-flex-direction: column;
                    flex-direction: column;
            -webkit-box-align: center;
            -webkit-align-items: center;
                -ms-flex-align: center;
                    align-items: center;
            -webkit-box-pack: center;
            -webkit-justify-content: center;
                -ms-flex-pack: center;
                    justify-content: center;
          }

          .kibanaWelcomeLogo {
            width: 60px;
            height: 60px;
            margin: 10px 0 10px 20px;
            background-repeat: no-repeat;
            background-size: contain;
            /* SVG optimized according to http://codepen.io/tigt/post/optimizing-svgs-in-data-uris */
            background-image: url('data:image/svg+xml;base64,PHN2ZyB4bWxucz0iaHR0cDovL3d3dy53My5vcmcvMjAwMC9zdmciIHdpZHRoPSIzMCIgaGVpZ2h0PSIzOSIgdmlld0JveD0iMCAwIDMwIDM5Ij4gIDxnIGZpbGw9Im5vbmUiIGZpbGwtcnVsZT0iZXZlbm9kZCI+ICAgIDxwb2x5Z29uIGZpbGw9IiNGMDRFOTgiIHBvaW50cz0iMCAwIDAgMzQuNTQ3IDI5LjkyMiAuMDIiLz4gICAgPHBhdGggZmlsbD0iIzM0Mzc0MSIgZD0iTTAsMTQuNCBMMCwzNC41NDY4IEwxNC4yODcyLDE4LjA2MTIgQzEwLjA0MTYsMTUuNzM4IDUuMTgwNCwxNC40IDAsMTQuNCIvPiAgICA8cGF0aCBmaWxsPSIjMDBCRkIzIiBkPSJNMTcuMzc0MiwxOS45OTY4IEwyLjcyMSwzNi45MDQ4IEwxLjQzMzQsMzguMzg5MiBMMjkuMjYzOCwzOC4zODkyIEMyNy43NjE0LDMwLjgzODggMjMuNDA0MiwyNC4zMjY0IDE3LjM3NDIsMTkuOTk2OCIvPiAgPC9nPjwvc3ZnPg==');
          }

          .kibanaWelcomeTitle {
            color: #000;
            font-size: 20px;
            font-family: sans-serif;
            margin-top: 20px;
            animation: fadeIn 1s ease-in-out;
            animation-fill-mode: forwards;
            opacity: 0;
            animation-delay: 1.0s;
          }

          .kibanaWelcomeText {
            font-size: 14px;
            font-family: sans-serif;
            color: #98a2b3;
            animation: fadeIn 1s ease-in-out;
            animation-fill-mode: forwards;
            opacity: 0;
            animation-delay: 1.0s;
          }

          .kibanaLoaderWrap {
            height: 128px;
            width: 128px;
            position: relative;
            margin-top: 40px;
          }

          .kibanaLoaderWrap + * {
            margin-top: 24px;
          }

          .kibanaLoader {
            height: 128px;
            width: 128px;
            margin: 0 auto;
            position: relative;
            border: 2px solid transparent;
            border-top: 2px solid #017d73;
            border-radius: 100%;
            display: block;
            opacity: 0;
            animation: rotation .75s .5s infinite linear, fadeIn 1s .5s ease-in-out forwards;
          }

          .kibanaWelcomeLogoCircle {
            position: absolute;
            left: 4px;
            top: 4px;
            width: 120px;
            height: 120px;
            padding: 20px;
            background-color: #fff;
            border-radius: 50%;
            animation: bounceIn .5s ease-in-out;
          }

          @keyframes rotation {
            from {
              transform: rotate(0deg);
            }
            to {
              transform: rotate(359deg);
            }
          }
          @keyframes fadeIn {
            from {
              opacity: 0;
            }
            to {
              opacity: 1;
            }
          }
          @keyframes bounceIn {
            0% {
              opacity: 0;
              transform: scale(.1);
            }
            80% {
              opacity: .5;
              transform: scale(1.2);
            }
            100% {
              opacity: 1;
              transform: scale(1);
            }
          }
        </style></head><body><kbn-csp data="{&quot;strictCsp&quot;:false}"></kbn-csp><kbn-injected-metadata data="{&quot;version&quot;:&quot;7.6.1&quot;,&quot;buildNumber&quot;:29118,&quot;branch&quot;:&quot;7.6&quot;,&quot;basePath&quot;:&quot;&quot;,&quot;env&quot;:{&quot;homeDir&quot;:&quot;/opt/kibana&quot;,&quot;configDir&quot;:&quot;/opt/kibana/config&quot;,&quot;binDir&quot;:&quot;/opt/kibana/bin&quot;,&quot;logDir&quot;:&quot;/opt/kibana/log&quot;,&quot;pluginSearchPaths&quot;:[&quot;/opt/kibana/src/plugins&quot;,&quot;/opt/kibana/x-pack/plugins&quot;,&quot;/opt/kibana/plugins&quot;,&quot;/opt/kibana-extra&quot;],&quot;packageInfo&quot;:{&quot;branch&quot;:&quot;7.6&quot;,&quot;buildNum&quot;:29118,&quot;buildSha&quot;:&quot;5ddabf8510131ebf173762b7405e5e18f2757c12&quot;,&quot;version&quot;:&quot;7.6.1&quot;,&quot;dist&quot;:true},&quot;mode&quot;:{&quot;dev&quot;:false,&quot;name&quot;:&quot;production&quot;,&quot;prod&quot;:true},&quot;cliArgs&quot;:{&quot;dev&quot;:false,&quot;open&quot;:false,&quot;quiet&quot;:false,&quot;silent&quot;:false,&quot;watch&quot;:false,&quot;repl&quot;:false,&quot;runExamples&quot;:false,&quot;basePath&quot;:false,&quot;optimize&quot;:false,&quot;oss&quot;:false},&quot;configs&quot;:[&quot;/opt/kibana/config/kibana.yml&quot;],&quot;isDevClusterMaster&quot;:false},&quot;legacyMode&quot;:true,&quot;i18n&quot;:{&quot;translationsUrl&quot;:&quot;/translations/en.json&quot;},&quot;csp&quot;:{&quot;warnLegacyBrowsers&quot;:true},&quot;vars&quot;:{&quot;activeSpace&quot;:{&quot;valid&quot;:true,&quot;space&quot;:{&quot;id&quot;:&quot;default&quot;,&quot;name&quot;:&quot;Default&quot;,&quot;description&quot;:&quot;This is your default space!&quot;,&quot;color&quot;:&quot;#00bfb3&quot;,&quot;disabledFeatures&quot;:[],&quot;_reserved&quot;:true}},&quot;spacesEnabled&quot;:true,&quot;monitoringUiEnabled&quot;:true,&quot;serverBasePath&quot;:&quot;&quot;,&quot;secureCookies&quot;:false,&quot;session&quot;:{&quot;tenant&quot;:&quot;&quot;},&quot;enableSpaceAwarePrivileges&quot;:true,&quot;logoutUrl&quot;:&quot;/logout&quot;,&quot;mlEnabled&quot;:true,&quot;apmUiEnabled&quot;:true,&quot;apmIndexPatternTitle&quot;:&quot;apm-*&quot;,&quot;apmServiceMapEnabled&quot;:false,&quot;showMapVisualizationTypes&quot;:false,&quot;showMapsInspectorAdapter&quot;:false,&quot;preserveDrawingBuffer&quot;:false,&quot;isEmsEnabled&quot;:true,&quot;emsFontLibraryUrl&quot;:&quot;https://tiles.maps.elastic.co/fonts/{fontstack}/{range}.pbf&quot;,&quot;emsTileLayerId&quot;:{&quot;bright&quot;:&quot;road_map&quot;,&quot;desaturated&quot;:&quot;road_map_desaturated&quot;,&quot;dark&quot;:&quot;dark_map&quot;},&quot;proxyElasticMapsServiceInMaps&quot;:false,&quot;emsFileApiUrl&quot;:&quot;https://vector.maps.elastic.co&quot;,&quot;emsTileApiUrl&quot;:&quot;https://tiles.maps.elastic.co&quot;,&quot;emsLandingPageUrl&quot;:&quot;https://maps.elastic.co/v7.6&quot;,&quot;kbnPkgVersion&quot;:&quot;7.6.1&quot;,&quot;regionmapLayers&quot;:[],&quot;tilemap&quot;:{&quot;options&quot;:{&quot;default&quot;:true,&quot;minZoom&quot;:0,&quot;maxZoom&quot;:10}},&quot;licenseManagementUiEnabled&quot;:true,&quot;ilmUiEnabled&quot;:true,&quot;remoteClustersUiEnabled&quot;:true,&quot;ccrUiEnabled&quot;:true,&quot;slmUiEnabled&quot;:true,&quot;elasticsearchUrl&quot;:&quot;http://localhost:9200/&quot;,&quot;esRequestTimeout&quot;:30000,&quot;esShardTimeout&quot;:30000,&quot;esApiVersion&quot;:&quot;7.x&quot;,&quot;kbnIndex&quot;:&quot;.kibana&quot;,&quot;kbnBaseUrl&quot;:&quot;/app/kibana&quot;,&quot;mapConfig&quot;:{&quot;includeElasticMapsService&quot;:true,&quot;proxyElasticMapsServiceInMaps&quot;:false,&quot;tilemap&quot;:{&quot;options&quot;:{&quot;default&quot;:true,&quot;minZoom&quot;:0,&quot;maxZoom&quot;:10}},&quot;regionmap&quot;:{&quot;includeElasticMapsService&quot;:true,&quot;layers&quot;:[]},&quot;manifestServiceUrl&quot;:&quot;&quot;,&quot;emsFileApiUrl&quot;:&quot;https://vector.maps.elastic.co&quot;,&quot;emsTileApiUrl&quot;:&quot;https://tiles.maps.elastic.co&quot;,&quot;emsLandingPageUrl&quot;:&quot;https://maps.elastic.co/v7.6&quot;,&quot;emsFontLibraryUrl&quot;:&quot;https://tiles.maps.elastic.co/fonts/{fontstack}/{range}.pbf&quot;,&quot;emsTileLayerId&quot;:{&quot;bright&quot;:&quot;road_map&quot;,&quot;desaturated&quot;:&quot;road_map_desaturated&quot;,&quot;dark&quot;:&quot;dark_map&quot;}},&quot;tilemapsConfig&quot;:{&quot;deprecated&quot;:{&quot;isOverridden&quot;:false,&quot;config&quot;:{&quot;options&quot;:{&quot;default&quot;:true,&quot;minZoom&quot;:0,&quot;maxZoom&quot;:10}}}},&quot;newsfeed&quot;:{&quot;service&quot;:{&quot;pathTemplate&quot;:&quot;/kibana/v{VERSION}.json&quot;,&quot;urlRoot&quot;:&quot;https://feeds.elastic.co&quot;},&quot;defaultLanguage&quot;:&quot;en&quot;,&quot;mainInterval&quot;:120000,&quot;fetchInterval&quot;:86400000},&quot;regionmap&quot;:{&quot;includeElasticMapsService&quot;:true,&quot;layers&quot;:[]},&quot;isStatusPageAnonymous&quot;:false,&quot;telemetryEnabled&quot;:true,&quot;telemetryUrl&quot;:&quot;https://telemetry.elastic.co/xpack/v2/send&quot;,&quot;telemetryBanner&quot;:true,&quot;telemetryOptedIn&quot;:true,&quot;telemetryOptInStatusUrl&quot;:&quot;https://telemetry.elastic.co/opt_in_status/v2/send&quot;,&quot;allowChangingOptInStatus&quot;:true,&quot;telemetrySendUsageFrom&quot;:&quot;browser&quot;,&quot;telemetryNotifyUserAboutOptInDefault&quot;:true,&quot;timelionUiEnabled&quot;:false,&quot;enableExternalUrls&quot;:false,&quot;reportingPollConfig&quot;:{&quot;jobCompletionNotifier&quot;:{&quot;interval&quot;:10000,&quot;intervalErrorMultiplier&quot;:5},&quot;jobsRefresh&quot;:{&quot;interval&quot;:5000,&quot;intervalErrorMultiplier&quot;:5}},&quot;enablePanelActionDownload&quot;:true,&quot;kbnDefaultAppId&quot;:&quot;home&quot;,&quot;disableWelcomeScreen&quot;:false,&quot;importAndExportableTypes&quot;:[&quot;config&quot;,&quot;map&quot;,&quot;canvas-workpad&quot;,&quot;canvas-element&quot;,&quot;lens&quot;,&quot;query&quot;,&quot;index-pattern&quot;,&quot;visualization&quot;,&quot;search&quot;,&quot;dashboard&quot;,&quot;url&quot;],&quot;autocompleteTerminateAfter&quot;:100000,&quot;autocompleteTimeout&quot;:1000,&quot;xpackInitialInfo&quot;:{&quot;license&quot;:{&quot;type&quot;:&quot;basic&quot;,&quot;isActive&quot;:true},&quot;features&quot;:{&quot;security&quot;:{&quot;showLogin&quot;:false,&quot;allowLogin&quot;:false,&quot;showLinks&quot;:false,&quot;showRoleMappingsManagement&quot;:false,&quot;allowRoleDocumentLevelSecurity&quot;:false,&quot;allowRoleFieldLevelSecurity&quot;:false,&quot;allowRbac&quot;:false,&quot;linksMessage&quot;:&quot;Access is denied because Security is disabled in Elasticsearch.&quot;},&quot;searchprofiler&quot;:{&quot;showAppLink&quot;:true,&quot;enableAppLink&quot;:true},&quot;ml&quot;:{&quot;isAvailable&quot;:true,&quot;showLinks&quot;:true,&quot;enableLinks&quot;:true,&quot;licenseType&quot;:0,&quot;hasExpired&quot;:false},&quot;tilemap&quot;:{&quot;license&quot;:{&quot;uid&quot;:&quot;a1b71f0f-b0b5-4e88-9ba2-1693e46c34df&quot;,&quot;active&quot;:true,&quot;valid&quot;:true}},&quot;watcher&quot;:{&quot;status&quot;:&quot;INVALID&quot;,&quot;message&quot;:&quot;Your basic license does not support Watcher. Please upgrade your license.&quot;},&quot;grokdebugger&quot;:{&quot;enableLink&quot;:true,&quot;enableAPIRoute&quot;:true},&quot;logstash&quot;:{&quot;isAvailable&quot;:false,&quot;enableLinks&quot;:false,&quot;isReadOnly&quot;:false,&quot;message&quot;:&quot;Security must be enabled in order to use Logstash pipeline management features. Please set xpack.security.enabled: true in your elasticsearch.yml.&quot;},&quot;beatsManagement&quot;:{&quot;security&quot;:{&quot;enabled&quot;:false,&quot;available&quot;:true},&quot;settings&quot;:{&quot;enabled&quot;:true,&quot;defaultUserRoles&quot;:[&quot;superuser&quot;],&quot;encryptionKey&quot;:&quot;xpack_beats_default_encryptionKey&quot;,&quot;enrollmentTokensTtlInSeconds&quot;:600}},&quot;index_management&quot;:{&quot;status&quot;:&quot;VALID&quot;},&quot;index_lifecycle_management&quot;:{&quot;isAvailable&quot;:true,&quot;showLinks&quot;:true,&quot;enableLinks&quot;:true},&quot;rollup&quot;:{&quot;isAvailable&quot;:true,&quot;showLinks&quot;:true,&quot;enableLinks&quot;:true},&quot;transform&quot;:{&quot;status&quot;:&quot;VALID&quot;},&quot;remote_clusters&quot;:{&quot;status&quot;:&quot;VALID&quot;},&quot;cross_cluster_replication&quot;:{&quot;isAvailable&quot;:false,&quot;isActive&quot;:false,&quot;message&quot;:&quot;Your basic license does not support Cross-Cluster Replication. Please upgrade your license.&quot;},&quot;snapshot_restore&quot;:{&quot;status&quot;:&quot;VALID&quot;},&quot;monitoring&quot;:{&quot;clusterAlerts&quot;:{&quot;enabled&quot;:false},&quot;message&quot;:&quot;Cluster Alerts are not displayed if Watcher is disabled or the [monitoring] cluster&#x27;s current license is Basic.&quot;},&quot;reporting&quot;:{&quot;csv&quot;:{&quot;showLinks&quot;:true,&quot;enableLinks&quot;:true},&quot;csv_from_savedobject&quot;:{&quot;showLinks&quot;:true,&quot;enableLinks&quot;:true},&quot;png&quot;:{&quot;showLinks&quot;:false,&quot;enableLinks&quot;:false,&quot;message&quot;:&quot;Your basic license does not support PNG Reporting. Please upgrade your license.&quot;},&quot;printablePdf&quot;:{&quot;showLinks&quot;:false,&quot;enableLinks&quot;:false,&quot;message&quot;:&quot;Your basic license does not support PDF Reporting. Please upgrade your license.&quot;},&quot;management&quot;:{&quot;showLinks&quot;:true,&quot;enableLinks&quot;:true,&quot;jobTypes&quot;:[&quot;csv&quot;,&quot;csv_from_savedobject&quot;]}}}}},&quot;uiPlugins&quot;:[{&quot;id&quot;:&quot;licensing&quot;,&quot;plugin&quot;:{&quot;id&quot;:&quot;licensing&quot;,&quot;configPath&quot;:[&quot;xpack&quot;,&quot;licensing&quot;],&quot;requiredPlugins&quot;:[],&quot;optionalPlugins&quot;:[]},&quot;config&quot;:{}},{&quot;id&quot;:&quot;usageCollection&quot;,&quot;plugin&quot;:{&quot;id&quot;:&quot;usageCollection&quot;,&quot;configPath&quot;:[&quot;usageCollection&quot;],&quot;requiredPlugins&quot;:[],&quot;optionalPlugins&quot;:[]},&quot;config&quot;:{&quot;uiMetric&quot;:{&quot;enabled&quot;:true,&quot;debug&quot;:false}}},{&quot;id&quot;:&quot;security&quot;,&quot;plugin&quot;:{&quot;id&quot;:&quot;security&quot;,&quot;configPath&quot;:[&quot;xpack&quot;,&quot;security&quot;],&quot;requiredPlugins&quot;:[&quot;licensing&quot;],&quot;optionalPlugins&quot;:[]},&quot;config&quot;:{}},{&quot;id&quot;:&quot;reporting&quot;,&quot;plugin&quot;:{&quot;id&quot;:&quot;reporting&quot;,&quot;configPath&quot;:&quot;reporting&quot;,&quot;requiredPlugins&quot;:[],&quot;optionalPlugins&quot;:[]},&quot;config&quot;:{}},{&quot;id&quot;:&quot;uiActions&quot;,&quot;plugin&quot;:{&quot;id&quot;:&quot;uiActions&quot;,&quot;configPath&quot;:&quot;uiActions&quot;,&quot;requiredPlugins&quot;:[],&quot;optionalPlugins&quot;:[]},&quot;config&quot;:{}},{&quot;id&quot;:&quot;data&quot;,&quot;plugin&quot;:{&quot;id&quot;:&quot;data&quot;,&quot;configPath&quot;:&quot;data&quot;,&quot;requiredPlugins&quot;:[&quot;uiActions&quot;],&quot;optionalPlugins&quot;:[&quot;usageCollection&quot;]},&quot;config&quot;:{}},{&quot;id&quot;:&quot;navigation&quot;,&quot;plugin&quot;:{&quot;id&quot;:&quot;navigation&quot;,&quot;configPath&quot;:&quot;navigation&quot;,&quot;requiredPlugins&quot;:[&quot;data&quot;],&quot;optionalPlugins&quot;:[]},&quot;config&quot;:{}},{&quot;id&quot;:&quot;status_page&quot;,&quot;plugin&quot;:{&quot;id&quot;:&quot;status_page&quot;,&quot;configPath&quot;:&quot;status_page&quot;,&quot;requiredPlugins&quot;:[],&quot;optionalPlugins&quot;:[]},&quot;config&quot;:{}},{&quot;id&quot;:&quot;share&quot;,&quot;plugin&quot;:{&quot;id&quot;:&quot;share&quot;,&quot;configPath&quot;:&quot;share&quot;,&quot;requiredPlugins&quot;:[],&quot;optionalPlugins&quot;:[]},&quot;config&quot;:{}},{&quot;id&quot;:&quot;newsfeed&quot;,&quot;plugin&quot;:{&quot;id&quot;:&quot;newsfeed&quot;,&quot;configPath&quot;:&quot;newsfeed&quot;,&quot;requiredPlugins&quot;:[],&quot;optionalPlugins&quot;:[]},&quot;config&quot;:{}},{&quot;id&quot;:&quot;kibana_legacy&quot;,&quot;plugin&quot;:{&quot;id&quot;:&quot;kibana_legacy&quot;,&quot;configPath&quot;:&quot;kibana_legacy&quot;,&quot;requiredPlugins&quot;:[],&quot;optionalPlugins&quot;:[]},&quot;config&quot;:{}},{&quot;id&quot;:&quot;management&quot;,&quot;plugin&quot;:{&quot;id&quot;:&quot;management&quot;,&quot;configPath&quot;:&quot;management&quot;,&quot;requiredPlugins&quot;:[&quot;kibana_legacy&quot;],&quot;optionalPlugins&quot;:[]},&quot;config&quot;:{}},{&quot;id&quot;:&quot;dev_tools&quot;,&quot;plugin&quot;:{&quot;id&quot;:&quot;dev_tools&quot;,&quot;configPath&quot;:&quot;dev_tools&quot;,&quot;requiredPlugins&quot;:[&quot;kibana_legacy&quot;],&quot;optionalPlugins&quot;:[]},&quot;config&quot;:{}},{&quot;id&quot;:&quot;home&quot;,&quot;plugin&quot;:{&quot;id&quot;:&quot;home&quot;,&quot;configPath&quot;:&quot;home&quot;,&quot;requiredPlugins&quot;:[],&quot;optionalPlugins&quot;:[]},&quot;config&quot;:{}},{&quot;id&quot;:&quot;cloud&quot;,&quot;plugin&quot;:{&quot;id&quot;:&quot;cloud&quot;,&quot;configPath&quot;:[&quot;xpack&quot;,&quot;cloud&quot;],&quot;requiredPlugins&quot;:[],&quot;optionalPlugins&quot;:[&quot;usageCollection&quot;,&quot;home&quot;]},&quot;config&quot;:{}},{&quot;id&quot;:&quot;graph&quot;,&quot;plugin&quot;:{&quot;id&quot;:&quot;graph&quot;,&quot;configPath&quot;:&quot;graph&quot;,&quot;requiredPlugins&quot;:[&quot;licensing&quot;],&quot;optionalPlugins&quot;:[&quot;home&quot;]},&quot;config&quot;:{}},{&quot;id&quot;:&quot;inspector&quot;,&quot;plugin&quot;:{&quot;id&quot;:&quot;inspector&quot;,&quot;configPath&quot;:&quot;inspector&quot;,&quot;requiredPlugins&quot;:[],&quot;optionalPlugins&quot;:[]},&quot;config&quot;:{}},{&quot;id&quot;:&quot;embeddable&quot;,&quot;plugin&quot;:{&quot;id&quot;:&quot;embeddable&quot;,&quot;configPath&quot;:&quot;embeddable&quot;,&quot;requiredPlugins&quot;:[&quot;inspector&quot;,&quot;uiActions&quot;],&quot;optionalPlugins&quot;:[]},&quot;config&quot;:{}},{&quot;id&quot;:&quot;advancedUiActions&quot;,&quot;plugin&quot;:{&quot;id&quot;:&quot;advancedUiActions&quot;,&quot;configPath&quot;:&quot;advancedUiActions&quot;,&quot;requiredPlugins&quot;:[&quot;embeddable&quot;,&quot;uiActions&quot;],&quot;optionalPlugins&quot;:[]},&quot;config&quot;:{}},{&quot;id&quot;:&quot;dashboard_embeddable_container&quot;,&quot;plugin&quot;:{&quot;id&quot;:&quot;dashboard_embeddable_container&quot;,&quot;configPath&quot;:&quot;dashboard_embeddable_container&quot;,&quot;requiredPlugins&quot;:[&quot;embeddable&quot;,&quot;inspector&quot;,&quot;uiActions&quot;],&quot;optionalPlugins&quot;:[]},&quot;config&quot;:{}},{&quot;id&quot;:&quot;expressions&quot;,&quot;plugin&quot;:{&quot;id&quot;:&quot;expressions&quot;,&quot;configPath&quot;:&quot;expressions&quot;,&quot;requiredPlugins&quot;:[&quot;inspector&quot;],&quot;optionalPlugins&quot;:[]},&quot;config&quot;:{}},{&quot;id&quot;:&quot;visualizations&quot;,&quot;plugin&quot;:{&quot;id&quot;:&quot;visualizations&quot;,&quot;configPath&quot;:&quot;visualizations&quot;,&quot;requiredPlugins&quot;:[&quot;expressions&quot;],&quot;optionalPlugins&quot;:[]},&quot;config&quot;:{}},{&quot;id&quot;:&quot;eui_utils&quot;,&quot;plugin&quot;:{&quot;id&quot;:&quot;eui_utils&quot;,&quot;configPath&quot;:&quot;eui_utils&quot;,&quot;requiredPlugins&quot;:[],&quot;optionalPlugins&quot;:[]},&quot;config&quot;:{}},{&quot;id&quot;:&quot;bfetch&quot;,&quot;plugin&quot;:{&quot;id&quot;:&quot;bfetch&quot;,&quot;configPath&quot;:&quot;bfetch&quot;,&quot;requiredPlugins&quot;:[],&quot;optionalPlugins&quot;:[]},&quot;config&quot;:{}}],&quot;legacyMetadata&quot;:{&quot;app&quot;:{&quot;id&quot;:&quot;kibana&quot;,&quot;title&quot;:&quot;Kibana&quot;,&quot;main&quot;:&quot;plugins/kibana/kibana&quot;,&quot;navLink&quot;:{&quot;id&quot;:&quot;kibana&quot;,&quot;title&quot;:&quot;Kibana&quot;,&quot;order&quot;:0,&quot;url&quot;:&quot;/app/kibana&quot;,&quot;subUrlBase&quot;:&quot;/app/kibana&quot;,&quot;linkToLastSubUrl&quot;:true,&quot;hidden&quot;:false,&quot;disabled&quot;:false,&quot;tooltip&quot;:&quot;&quot;},&quot;linkToLastSubUrl&quot;:true},&quot;bundleId&quot;:&quot;app:kibana&quot;,&quot;nav&quot;:[{&quot;id&quot;:&quot;kibana:discover&quot;,&quot;title&quot;:&quot;Discover&quot;,&quot;order&quot;:-1003,&quot;url&quot;:&quot;/app/kibana#/discover&quot;,&quot;subUrlBase&quot;:&quot;/app/kibana#/discover&quot;,&quot;euiIconType&quot;:&quot;discoverApp&quot;,&quot;linkToLastSubUrl&quot;:true,&quot;hidden&quot;:false,&quot;disabled&quot;:false,&quot;tooltip&quot;:&quot;&quot;},{&quot;id&quot;:&quot;kibana:visualize&quot;,&quot;title&quot;:&quot;Visualize&quot;,&quot;order&quot;:-1002,&quot;url&quot;:&quot;/app/kibana#/visualize&quot;,&quot;subUrlBase&quot;:&quot;/app/kibana#/visualize&quot;,&quot;euiIconType&quot;:&quot;visualizeApp&quot;,&quot;linkToLastSubUrl&quot;:true,&quot;hidden&quot;:false,&quot;disabled&quot;:false,&quot;tooltip&quot;:&quot;&quot;},{&quot;id&quot;:&quot;kibana:dashboard&quot;,&quot;title&quot;:&quot;Dashboard&quot;,&quot;order&quot;:-1001,&quot;url&quot;:&quot;/app/kibana#/dashboards&quot;,&quot;subUrlBase&quot;:&quot;/app/kibana#/dashboard&quot;,&quot;euiIconType&quot;:&quot;dashboardApp&quot;,&quot;linkToLastSubUrl&quot;:true,&quot;hidden&quot;:false,&quot;disabled&quot;:false,&quot;tooltip&quot;:&quot;&quot;},{&quot;id&quot;:&quot;timelion&quot;,&quot;title&quot;:&quot;Timelion&quot;,&quot;order&quot;:-1000,&quot;icon&quot;:&quot;plugins/timelion/icon.svg&quot;,&quot;euiIconType&quot;:&quot;timelionApp&quot;,&quot;url&quot;:&quot;/app/timelion&quot;,&quot;linkToLastSubUrl&quot;:true},{&quot;id&quot;:&quot;canvas&quot;,&quot;title&quot;:&quot;Canvas&quot;,&quot;order&quot;:0,&quot;icon&quot;:&quot;plugins/canvas/icon.svg&quot;,&quot;euiIconType&quot;:&quot;canvasApp&quot;,&quot;url&quot;:&quot;/app/canvas&quot;,&quot;linkToLastSubUrl&quot;:true},{&quot;id&quot;:&quot;maps&quot;,&quot;title&quot;:&quot;Maps&quot;,&quot;order&quot;:0,&quot;icon&quot;:&quot;plugins/maps/icon.svg&quot;,&quot;euiIconType&quot;:&quot;gisApp&quot;,&quot;url&quot;:&quot;/app/maps&quot;,&quot;linkToLastSubUrl&quot;:true},{&quot;id&quot;:&quot;ml&quot;,&quot;title&quot;:&quot;Machine Learning&quot;,&quot;order&quot;:0,&quot;icon&quot;:&quot;plugins/ml/application/ml.svg&quot;,&quot;euiIconType&quot;:&quot;machineLearningApp&quot;,&quot;url&quot;:&quot;/app/ml&quot;,&quot;linkToLastSubUrl&quot;:true},{&quot;id&quot;:&quot;infra:home&quot;,&quot;title&quot;:&quot;Metrics&quot;,&quot;order&quot;:8000,&quot;url&quot;:&quot;/app/infra#/infrastructure&quot;,&quot;subUrlBase&quot;:&quot;/app/infra#/infrastructure&quot;,&quot;icon&quot;:&quot;plugins/infra/images/infra_mono_white.svg&quot;,&quot;euiIconType&quot;:&quot;metricsApp&quot;,&quot;linkToLastSubUrl&quot;:true,&quot;hidden&quot;:false,&quot;disabled&quot;:false,&quot;tooltip&quot;:&quot;&quot;},{&quot;id&quot;:&quot;infra:logs&quot;,&quot;title&quot;:&quot;Logs&quot;,&quot;order&quot;:8001,&quot;url&quot;:&quot;/app/infra#/logs&quot;,&quot;subUrlBase&quot;:&quot;/app/infra#/logs&quot;,&quot;icon&quot;:&quot;plugins/infra/images/logging_mono_white.svg&quot;,&quot;euiIconType&quot;:&quot;logsApp&quot;,&quot;linkToLastSubUrl&quot;:true,&quot;hidden&quot;:false,&quot;disabled&quot;:false,&quot;tooltip&quot;:&quot;&quot;},{&quot;id&quot;:&quot;apm&quot;,&quot;title&quot;:&quot;APM&quot;,&quot;order&quot;:8100,&quot;icon&quot;:&quot;plugins/apm/icon.svg&quot;,&quot;euiIconType&quot;:&quot;apmApp&quot;,&quot;url&quot;:&quot;/app/apm&quot;,&quot;linkToLastSubUrl&quot;:true},{&quot;id&quot;:&quot;uptime&quot;,&quot;title&quot;:&quot;Uptime&quot;,&quot;order&quot;:8900,&quot;icon&quot;:&quot;plugins/uptime/icons/heartbeat_white.svg&quot;,&quot;euiIconType&quot;:&quot;uptimeApp&quot;,&quot;url&quot;:&quot;/app/uptime#/&quot;,&quot;linkToLastSubUrl&quot;:true},{&quot;id&quot;:&quot;siem&quot;,&quot;title&quot;:&quot;SIEM&quot;,&quot;order&quot;:9000,&quot;url&quot;:&quot;/app/siem&quot;,&quot;subUrlBase&quot;:&quot;/app/siem&quot;,&quot;euiIconType&quot;:&quot;securityAnalyticsApp&quot;,&quot;linkToLastSubUrl&quot;:true,&quot;hidden&quot;:false,&quot;disabled&quot;:false,&quot;tooltip&quot;:&quot;&quot;},{&quot;id&quot;:&quot;graph&quot;,&quot;title&quot;:&quot;Graph&quot;,&quot;order&quot;:9000,&quot;icon&quot;:&quot;plugins/graph/icon.png&quot;,&quot;euiIconType&quot;:&quot;graphApp&quot;,&quot;url&quot;:&quot;/app/graph&quot;,&quot;linkToLastSubUrl&quot;:true},{&quot;id&quot;:&quot;kibana:dev_tools&quot;,&quot;title&quot;:&quot;Dev Tools&quot;,&quot;order&quot;:9001,&quot;url&quot;:&quot;/app/kibana#/dev_tools&quot;,&quot;subUrlBase&quot;:&quot;/app/kibana#/dev_tools&quot;,&quot;euiIconType&quot;:&quot;devToolsApp&quot;,&quot;linkToLastSubUrl&quot;:true,&quot;hidden&quot;:false,&quot;disabled&quot;:false,&quot;tooltip&quot;:&quot;&quot;},{&quot;id&quot;:&quot;monitoring&quot;,&quot;title&quot;:&quot;Stack Monitoring&quot;,&quot;order&quot;:9002,&quot;icon&quot;:&quot;plugins/monitoring/icons/monitoring.svg&quot;,&quot;euiIconType&quot;:&quot;monitoringApp&quot;,&quot;url&quot;:&quot;/app/monitoring&quot;,&quot;linkToLastSubUrl&quot;:false},{&quot;id&quot;:&quot;kibana:management&quot;,&quot;title&quot;:&quot;Management&quot;,&quot;order&quot;:9003,&quot;url&quot;:&quot;/app/kibana#/management&quot;,&quot;subUrlBase&quot;:&quot;/app/kibana#/management&quot;,&quot;euiIconType&quot;:&quot;managementApp&quot;,&quot;linkToLastSubUrl&quot;:false,&quot;hidden&quot;:false,&quot;disabled&quot;:false,&quot;tooltip&quot;:&quot;&quot;}],&quot;version&quot;:&quot;7.6.1&quot;,&quot;branch&quot;:&quot;7.6&quot;,&quot;buildNum&quot;:29118,&quot;buildSha&quot;:&quot;5ddabf8510131ebf173762b7405e5e18f2757c12&quot;,&quot;devMode&quot;:false,&quot;basePath&quot;:&quot;&quot;,&quot;uiSettings&quot;:{&quot;defaults&quot;:{&quot;xPack:defaultAdminEmail&quot;:{&quot;name&quot;:&quot;Admin email&quot;,&quot;description&quot;:&quot;Recipient email address for X-Pack admin operations, such as Cluster Alert email notifications from Monitoring.&quot;,&quot;type&quot;:&quot;string&quot;,&quot;value&quot;:null},&quot;xpackDashboardMode:roles&quot;:{&quot;name&quot;:&quot;Dashboards only roles&quot;,&quot;description&quot;:&quot;Roles that belong to View Dashboards Only mode&quot;,&quot;value&quot;:[&quot;kibana_dashboard_only_user&quot;],&quot;category&quot;:[&quot;dashboard&quot;]},&quot;rollups:enableIndexPatterns&quot;:{&quot;name&quot;:&quot;Enable rollup index patterns&quot;,&quot;value&quot;:true,&quot;description&quot;:&quot;Enable the creation of index patterns which capture rollup indices,\n              which in turn enable visualizations based on rollup data. Refresh\n              the page to apply the changes.&quot;,&quot;category&quot;:[&quot;rollups&quot;]},&quot;siem:refreshIntervalDefaults&quot;:{&quot;type&quot;:&quot;json&quot;,&quot;name&quot;:&quot;Time filter refresh interval&quot;,&quot;value&quot;:&quot;{\n  \&quot;pause\&quot;: true,\n  \&quot;value\&quot;: 300000\n}&quot;,&quot;description&quot;:&quot;&lt;p&gt;Default refresh interval for the SIEM time filter, in milliseconds.&lt;/p&gt;&quot;,&quot;category&quot;:[&quot;siem&quot;],&quot;requiresPageReload&quot;:true},&quot;siem:timeDefaults&quot;:{&quot;type&quot;:&quot;json&quot;,&quot;name&quot;:&quot;Time filter period&quot;,&quot;value&quot;:&quot;{\n  \&quot;from\&quot;: \&quot;now-24h\&quot;,\n  \&quot;to\&quot;: \&quot;now\&quot;\n}&quot;,&quot;description&quot;:&quot;&lt;p&gt;Default period of time in the SIEM time filter.&lt;/p&gt;&quot;,&quot;category&quot;:[&quot;siem&quot;],&quot;requiresPageReload&quot;:true},&quot;siem:defaultIndex&quot;:{&quot;name&quot;:&quot;Elasticsearch indices&quot;,&quot;value&quot;:[&quot;apm-*-transaction*&quot;,&quot;auditbeat-*&quot;,&quot;endgame-*&quot;,&quot;filebeat-*&quot;,&quot;packetbeat-*&quot;,&quot;winlogbeat-*&quot;],&quot;description&quot;:&quot;&lt;p&gt;Comma-delimited list of Elasticsearch indices from which the SIEM app collects events.&lt;/p&gt;&quot;,&quot;category&quot;:[&quot;siem&quot;],&quot;requiresPageReload&quot;:true},&quot;siem:defaultAnomalyScore&quot;:{&quot;name&quot;:&quot;Anomaly threshold&quot;,&quot;value&quot;:50,&quot;type&quot;:&quot;number&quot;,&quot;description&quot;:&quot;&lt;p&gt;Value above which Machine Learning job anomalies are displayed in the SIEM app.&lt;/p&gt;&lt;p&gt;Valid values: 0 to 100.&lt;/p&gt;&quot;,&quot;category&quot;:[&quot;siem&quot;],&quot;requiresPageReload&quot;:true},&quot;siem:enableNewsFeed&quot;:{&quot;name&quot;:&quot;News feed&quot;,&quot;value&quot;:true,&quot;description&quot;:&quot;&lt;p&gt;Enables the News feed&lt;/p&gt;&quot;,&quot;type&quot;:&quot;boolean&quot;,&quot;category&quot;:[&quot;siem&quot;],&quot;requiresPageReload&quot;:true},&quot;siem:newsFeedUrl&quot;:{&quot;name&quot;:&quot;News feed URL&quot;,&quot;value&quot;:&quot;https://feeds.elastic.co/security-solution&quot;,&quot;description&quot;:&quot;&lt;p&gt;News feed content will be retrieved from this URL&lt;/p&gt;&quot;,&quot;category&quot;:[&quot;siem&quot;],&quot;requiresPageReload&quot;:true},&quot;buildNum&quot;:{&quot;readonly&quot;:true},&quot;defaultRoute&quot;:{&quot;name&quot;:&quot;Default route&quot;,&quot;value&quot;:&quot;/app/kibana&quot;,&quot;validation&quot;:{&quot;regexString&quot;:&quot;^/&quot;,&quot;message&quot;:&quot;The route must start with a slash (\&quot;/\&quot;)&quot;},&quot;description&quot;:&quot;This setting specifies the default route when opening Kibana. You can use this setting to modify the landing page when opening Kibana. The route must start with a slash (\&quot;/\&quot;).&quot;},&quot;query:queryString:options&quot;:{&quot;name&quot;:&quot;Query string options&quot;,&quot;value&quot;:&quot;{ \&quot;analyze_wildcard\&quot;: true }&quot;,&quot;description&quot;:&quot;&lt;a href=\&quot;https://www.elastic.co/guide/en/elasticsearch/reference/current/query-dsl-query-string-query.html\&quot; target=\&quot;_blank\&quot; rel=\&quot;noopener noreferrer\&quot;&gt;Options&lt;/a&gt; for the lucene query string parser. Is only used when \&quot;Query language\&quot; is set to Lucene.&quot;,&quot;type&quot;:&quot;json&quot;},&quot;query:allowLeadingWildcards&quot;:{&quot;name&quot;:&quot;Allow leading wildcards in query&quot;,&quot;value&quot;:true,&quot;description&quot;:&quot;When set, * is allowed as the first character in a query clause. Currently only applies when experimental query features are enabled in the query bar. To disallow leading wildcards in basic lucene queries, use query:queryString:options.&quot;},&quot;search:queryLanguage&quot;:{&quot;name&quot;:&quot;Query language&quot;,&quot;value&quot;:&quot;kuery&quot;,&quot;description&quot;:&quot;Query language used by the query bar. KQL is a new language built specifically for Kibana.&quot;,&quot;type&quot;:&quot;select&quot;,&quot;options&quot;:[&quot;lucene&quot;,&quot;kuery&quot;],&quot;optionLabels&quot;:{&quot;lucene&quot;:&quot;Lucene&quot;,&quot;kuery&quot;:&quot;KQL&quot;}},&quot;sort:options&quot;:{&quot;name&quot;:&quot;Sort options&quot;,&quot;value&quot;:&quot;{ \&quot;unmapped_type\&quot;: \&quot;boolean\&quot; }&quot;,&quot;description&quot;:&quot;&lt;a href=\&quot;https://www.elastic.co/guide/en/elasticsearch/reference/current/search-request-sort.html\&quot; target=\&quot;_blank\&quot; rel=\&quot;noopener noreferrer\&quot;&gt;Options&lt;/a&gt; for the Elasticsearch sort parameter&quot;,&quot;type&quot;:&quot;json&quot;},&quot;dateFormat&quot;:{&quot;name&quot;:&quot;Date format&quot;,&quot;value&quot;:&quot;MMM D, YYYY @ HH:mm:ss.SSS&quot;,&quot;description&quot;:&quot;When displaying a pretty formatted date, use this &lt;a href=\&quot;https://momentjs.com/docs/#/displaying/format/\&quot; target=\&quot;_blank\&quot; rel=\&quot;noopener noreferrer\&quot;&gt;format&lt;/a&gt;&quot;},&quot;dateFormat:tz&quot;:{&quot;name&quot;:&quot;Timezone for date formatting&quot;,&quot;value&quot;:&quot;Browser&quot;,&quot;description&quot;:&quot;Which timezone should be used. \&quot;Browser\&quot; will use the timezone detected by your browser.&quot;,&quot;type&quot;:&quot;select&quot;,&quot;options&quot;:[&quot;Browser&quot;,&quot;Africa/Abidjan&quot;,&quot;Africa/Accra&quot;,&quot;Africa/Addis_Ababa&quot;,&quot;Africa/Algiers&quot;,&quot;Africa/Asmara&quot;,&quot;Africa/Asmera&quot;,&quot;Africa/Bamako&quot;,&quot;Africa/Bangui&quot;,&quot;Africa/Banjul&quot;,&quot;Africa/Bissau&quot;,&quot;Africa/Blantyre&quot;,&quot;Africa/Brazzaville&quot;,&quot;Africa/Bujumbura&quot;,&quot;Africa/Cairo&quot;,&quot;Africa/Casablanca&quot;,&quot;Africa/Ceuta&quot;,&quot;Africa/Conakry&quot;,&quot;Africa/Dakar&quot;,&quot;Africa/Dar_es_Salaam&quot;,&quot;Africa/Djibouti&quot;,&quot;Africa/Douala&quot;,&quot;Africa/El_Aaiun&quot;,&quot;Africa/Freetown&quot;,&quot;Africa/Gaborone&quot;,&quot;Africa/Harare&quot;,&quot;Africa/Johannesburg&quot;,&quot;Africa/Juba&quot;,&quot;Africa/Kampala&quot;,&quot;Africa/Khartoum&quot;,&quot;Africa/Kigali&quot;,&quot;Africa/Kinshasa&quot;,&quot;Africa/Lagos&quot;,&quot;Africa/Libreville&quot;,&quot;Africa/Lome&quot;,&quot;Africa/Luanda&quot;,&quot;Africa/Lubumbashi&quot;,&quot;Africa/Lusaka&quot;,&quot;Africa/Malabo&quot;,&quot;Africa/Maputo&quot;,&quot;Africa/Maseru&quot;,&quot;Africa/Mbabane&quot;,&quot;Africa/Mogadishu&quot;,&quot;Africa/Monrovia&quot;,&quot;Africa/Nairobi&quot;,&quot;Africa/Ndjamena&quot;,&quot;Africa/Niamey&quot;,&quot;Africa/Nouakchott&quot;,&quot;Africa/Ouagadougou&quot;,&quot;Africa/Porto-Novo&quot;,&quot;Africa/Sao_Tome&quot;,&quot;Africa/Timbuktu&quot;,&quot;Africa/Tripoli&quot;,&quot;Africa/Tunis&quot;,&quot;Africa/Windhoek&quot;,&quot;America/Adak&quot;,&quot;America/Anchorage&quot;,&quot;America/Anguilla&quot;,&quot;America/Antigua&quot;,&quot;America/Araguaina&quot;,&quot;America/Argentina/Buenos_Aires&quot;,&quot;America/Argentina/Catamarca&quot;,&quot;America/Argentina/ComodRivadavia&quot;,&quot;America/Argentina/Cordoba&quot;,&quot;America/Argentina/Jujuy&quot;,&quot;America/Argentina/La_Rioja&quot;,&quot;America/Argentina/Mendoza&quot;,&quot;America/Argentina/Rio_Gallegos&quot;,&quot;America/Argentina/Salta&quot;,&quot;America/Argentina/San_Juan&quot;,&quot;America/Argentina/San_Luis&quot;,&quot;America/Argentina/Tucuman&quot;,&quot;America/Argentina/Ushuaia&quot;,&quot;America/Aruba&quot;,&quot;America/Asuncion&quot;,&quot;America/Atikokan&quot;,&quot;America/Atka&quot;,&quot;America/Bahia&quot;,&quot;America/Bahia_Banderas&quot;,&quot;America/Barbados&quot;,&quot;America/Belem&quot;,&quot;America/Belize&quot;,&quot;America/Blanc-Sablon&quot;,&quot;America/Boa_Vista&quot;,&quot;America/Bogota&quot;,&quot;America/Boise&quot;,&quot;America/Buenos_Aires&quot;,&quot;America/Cambridge_Bay&quot;,&quot;America/Campo_Grande&quot;,&quot;America/Cancun&quot;,&quot;America/Caracas&quot;,&quot;America/Catamarca&quot;,&quot;America/Cayenne&quot;,&quot;America/Cayman&quot;,&quot;America/Chicago&quot;,&quot;America/Chihuahua&quot;,&quot;America/Coral_Harbour&quot;,&quot;America/Cordoba&quot;,&quot;America/Costa_Rica&quot;,&quot;America/Creston&quot;,&quot;America/Cuiaba&quot;,&quot;America/Curacao&quot;,&quot;America/Danmarkshavn&quot;,&quot;America/Dawson&quot;,&quot;America/Dawson_Creek&quot;,&quot;America/Denver&quot;,&quot;America/Detroit&quot;,&quot;America/Dominica&quot;,&quot;America/Edmonton&quot;,&quot;America/Eirunepe&quot;,&quot;America/El_Salvador&quot;,&quot;America/Ensenada&quot;,&quot;America/Fort_Nelson&quot;,&quot;America/Fort_Wayne&quot;,&quot;America/Fortaleza&quot;,&quot;America/Glace_Bay&quot;,&quot;America/Godthab&quot;,&quot;America/Goose_Bay&quot;,&quot;America/Grand_Turk&quot;,&quot;America/Grenada&quot;,&quot;America/Guadeloupe&quot;,&quot;America/Guatemala&quot;,&quot;America/Guayaquil&quot;,&quot;America/Guyana&quot;,&quot;America/Halifax&quot;,&quot;America/Havana&quot;,&quot;America/Hermosillo&quot;,&quot;America/Indiana/Indianapolis&quot;,&quot;America/Indiana/Knox&quot;,&quot;America/Indiana/Marengo&quot;,&quot;America/Indiana/Petersburg&quot;,&quot;America/Indiana/Tell_City&quot;,&quot;America/Indiana/Vevay&quot;,&quot;America/Indiana/Vincennes&quot;,&quot;America/Indiana/Winamac&quot;,&quot;America/Indianapolis&quot;,&quot;America/Inuvik&quot;,&quot;America/Iqaluit&quot;,&quot;America/Jamaica&quot;,&quot;America/Jujuy&quot;,&quot;America/Juneau&quot;,&quot;America/Kentucky/Louisville&quot;,&quot;America/Kentucky/Monticello&quot;,&quot;America/Knox_IN&quot;,&quot;America/Kralendijk&quot;,&quot;America/La_Paz&quot;,&quot;America/Lima&quot;,&quot;America/Los_Angeles&quot;,&quot;America/Louisville&quot;,&quot;America/Lower_Princes&quot;,&quot;America/Maceio&quot;,&quot;America/Managua&quot;,&quot;America/Manaus&quot;,&quot;America/Marigot&quot;,&quot;America/Martinique&quot;,&quot;America/Matamoros&quot;,&quot;America/Mazatlan&quot;,&quot;America/Mendoza&quot;,&quot;America/Menominee&quot;,&quot;America/Merida&quot;,&quot;America/Metlakatla&quot;,&quot;America/Mexico_City&quot;,&quot;America/Miquelon&quot;,&quot;America/Moncton&quot;,&quot;America/Monterrey&quot;,&quot;America/Montevideo&quot;,&quot;America/Montreal&quot;,&quot;America/Montserrat&quot;,&quot;America/Nassau&quot;,&quot;America/New_York&quot;,&quot;America/Nipigon&quot;,&quot;America/Nome&quot;,&quot;America/Noronha&quot;,&quot;America/North_Dakota/Beulah&quot;,&quot;America/North_Dakota/Center&quot;,&quot;America/North_Dakota/New_Salem&quot;,&quot;America/Ojinaga&quot;,&quot;America/Panama&quot;,&quot;America/Pangnirtung&quot;,&quot;America/Paramaribo&quot;,&quot;America/Phoenix&quot;,&quot;America/Port-au-Prince&quot;,&quot;America/Port_of_Spain&quot;,&quot;America/Porto_Acre&quot;,&quot;America/Porto_Velho&quot;,&quot;America/Puerto_Rico&quot;,&quot;America/Punta_Arenas&quot;,&quot;America/Rainy_River&quot;,&quot;America/Rankin_Inlet&quot;,&quot;America/Recife&quot;,&quot;America/Regina&quot;,&quot;America/Resolute&quot;,&quot;America/Rio_Branco&quot;,&quot;America/Rosario&quot;,&quot;America/Santa_Isabel&quot;,&quot;America/Santarem&quot;,&quot;America/Santiago&quot;,&quot;America/Santo_Domingo&quot;,&quot;America/Sao_Paulo&quot;,&quot;America/Scoresbysund&quot;,&quot;America/Shiprock&quot;,&quot;America/Sitka&quot;,&quot;America/St_Barthelemy&quot;,&quot;America/St_Johns&quot;,&quot;America/St_Kitts&quot;,&quot;America/St_Lucia&quot;,&quot;America/St_Thomas&quot;,&quot;America/St_Vincent&quot;,&quot;America/Swift_Current&quot;,&quot;America/Tegucigalpa&quot;,&quot;America/Thule&quot;,&quot;America/Thunder_Bay&quot;,&quot;America/Tijuana&quot;,&quot;America/Toronto&quot;,&quot;America/Tortola&quot;,&quot;America/Vancouver&quot;,&quot;America/Virgin&quot;,&quot;America/Whitehorse&quot;,&quot;America/Winnipeg&quot;,&quot;America/Yakutat&quot;,&quot;America/Yellowknife&quot;,&quot;Antarctica/Casey&quot;,&quot;Antarctica/Davis&quot;,&quot;Antarctica/DumontDUrville&quot;,&quot;Antarctica/Macquarie&quot;,&quot;Antarctica/Mawson&quot;,&quot;Antarctica/McMurdo&quot;,&quot;Antarctica/Palmer&quot;,&quot;Antarctica/Rothera&quot;,&quot;Antarctica/South_Pole&quot;,&quot;Antarctica/Syowa&quot;,&quot;Antarctica/Troll&quot;,&quot;Antarctica/Vostok&quot;,&quot;Arctic/Longyearbyen&quot;,&quot;Asia/Aden&quot;,&quot;Asia/Almaty&quot;,&quot;Asia/Amman&quot;,&quot;Asia/Anadyr&quot;,&quot;Asia/Aqtau&quot;,&quot;Asia/Aqtobe&quot;,&quot;Asia/Ashgabat&quot;,&quot;Asia/Ashkhabad&quot;,&quot;Asia/Atyrau&quot;,&quot;Asia/Baghdad&quot;,&quot;Asia/Bahrain&quot;,&quot;Asia/Baku&quot;,&quot;Asia/Bangkok&quot;,&quot;Asia/Barnaul&quot;,&quot;Asia/Beirut&quot;,&quot;Asia/Bishkek&quot;,&quot;Asia/Brunei&quot;,&quot;Asia/Calcutta&quot;,&quot;Asia/Chita&quot;,&quot;Asia/Choibalsan&quot;,&quot;Asia/Chongqing&quot;,&quot;Asia/Chungking&quot;,&quot;Asia/Colombo&quot;,&quot;Asia/Dacca&quot;,&quot;Asia/Damascus&quot;,&quot;Asia/Dhaka&quot;,&quot;Asia/Dili&quot;,&quot;Asia/Dubai&quot;,&quot;Asia/Dushanbe&quot;,&quot;Asia/Famagusta&quot;,&quot;Asia/Gaza&quot;,&quot;Asia/Harbin&quot;,&quot;Asia/Hebron&quot;,&quot;Asia/Ho_Chi_Minh&quot;,&quot;Asia/Hong_Kong&quot;,&quot;Asia/Hovd&quot;,&quot;Asia/Irkutsk&quot;,&quot;Asia/Istanbul&quot;,&quot;Asia/Jakarta&quot;,&quot;Asia/Jayapura&quot;,&quot;Asia/Jerusalem&quot;,&quot;Asia/Kabul&quot;,&quot;Asia/Kamchatka&quot;,&quot;Asia/Karachi&quot;,&quot;Asia/Kashgar&quot;,&quot;Asia/Kathmandu&quot;,&quot;Asia/Katmandu&quot;,&quot;Asia/Khandyga&quot;,&quot;Asia/Kolkata&quot;,&quot;Asia/Krasnoyarsk&quot;,&quot;Asia/Kuala_Lumpur&quot;,&quot;Asia/Kuching&quot;,&quot;Asia/Kuwait&quot;,&quot;Asia/Macao&quot;,&quot;Asia/Macau&quot;,&quot;Asia/Magadan&quot;,&quot;Asia/Makassar&quot;,&quot;Asia/Manila&quot;,&quot;Asia/Muscat&quot;,&quot;Asia/Nicosia&quot;,&quot;Asia/Novokuznetsk&quot;,&quot;Asia/Novosibirsk&quot;,&quot;Asia/Omsk&quot;,&quot;Asia/Oral&quot;,&quot;Asia/Phnom_Penh&quot;,&quot;Asia/Pontianak&quot;,&quot;Asia/Pyongyang&quot;,&quot;Asia/Qatar&quot;,&quot;Asia/Qostanay&quot;,&quot;Asia/Qyzylorda&quot;,&quot;Asia/Rangoon&quot;,&quot;Asia/Riyadh&quot;,&quot;Asia/Saigon&quot;,&quot;Asia/Sakhalin&quot;,&quot;Asia/Samarkand&quot;,&quot;Asia/Seoul&quot;,&quot;Asia/Shanghai&quot;,&quot;Asia/Singapore&quot;,&quot;Asia/Srednekolymsk&quot;,&quot;Asia/Taipei&quot;,&quot;Asia/Tashkent&quot;,&quot;Asia/Tbilisi&quot;,&quot;Asia/Tehran&quot;,&quot;Asia/Tel_Aviv&quot;,&quot;Asia/Thimbu&quot;,&quot;Asia/Thimphu&quot;,&quot;Asia/Tokyo&quot;,&quot;Asia/Tomsk&quot;,&quot;Asia/Ujung_Pandang&quot;,&quot;Asia/Ulaanbaatar&quot;,&quot;Asia/Ulan_Bator&quot;,&quot;Asia/Urumqi&quot;,&quot;Asia/Ust-Nera&quot;,&quot;Asia/Vientiane&quot;,&quot;Asia/Vladivostok&quot;,&quot;Asia/Yakutsk&quot;,&quot;Asia/Yangon&quot;,&quot;Asia/Yekaterinburg&quot;,&quot;Asia/Yerevan&quot;,&quot;Atlantic/Azores&quot;,&quot;Atlantic/Bermuda&quot;,&quot;Atlantic/Canary&quot;,&quot;Atlantic/Cape_Verde&quot;,&quot;Atlantic/Faeroe&quot;,&quot;Atlantic/Faroe&quot;,&quot;Atlantic/Jan_Mayen&quot;,&quot;Atlantic/Madeira&quot;,&quot;Atlantic/Reykjavik&quot;,&quot;Atlantic/South_Georgia&quot;,&quot;Atlantic/St_Helena&quot;,&quot;Atlantic/Stanley&quot;,&quot;Australia/ACT&quot;,&quot;Australia/Adelaide&quot;,&quot;Australia/Brisbane&quot;,&quot;Australia/Broken_Hill&quot;,&quot;Australia/Canberra&quot;,&quot;Australia/Currie&quot;,&quot;Australia/Darwin&quot;,&quot;Australia/Eucla&quot;,&quot;Australia/Hobart&quot;,&quot;Australia/LHI&quot;,&quot;Australia/Lindeman&quot;,&quot;Australia/Lord_Howe&quot;,&quot;Australia/Melbourne&quot;,&quot;Australia/NSW&quot;,&quot;Australia/North&quot;,&quot;Australia/Perth&quot;,&quot;Australia/Queensland&quot;,&quot;Australia/South&quot;,&quot;Australia/Sydney&quot;,&quot;Australia/Tasmania&quot;,&quot;Australia/Victoria&quot;,&quot;Australia/West&quot;,&quot;Australia/Yancowinna&quot;,&quot;Brazil/Acre&quot;,&quot;Brazil/DeNoronha&quot;,&quot;Brazil/East&quot;,&quot;Brazil/West&quot;,&quot;CET&quot;,&quot;CST6CDT&quot;,&quot;Canada/Atlantic&quot;,&quot;Canada/Central&quot;,&quot;Canada/Eastern&quot;,&quot;Canada/Mountain&quot;,&quot;Canada/Newfoundland&quot;,&quot;Canada/Pacific&quot;,&quot;Canada/Saskatchewan&quot;,&quot;Canada/Yukon&quot;,&quot;Chile/Continental&quot;,&quot;Chile/EasterIsland&quot;,&quot;Cuba&quot;,&quot;EET&quot;,&quot;EST&quot;,&quot;EST5EDT&quot;,&quot;Egypt&quot;,&quot;Eire&quot;,&quot;Etc/GMT&quot;,&quot;Etc/GMT+0&quot;,&quot;Etc/GMT+1&quot;,&quot;Etc/GMT+10&quot;,&quot;Etc/GMT+11&quot;,&quot;Etc/GMT+12&quot;,&quot;Etc/GMT+2&quot;,&quot;Etc/GMT+3&quot;,&quot;Etc/GMT+4&quot;,&quot;Etc/GMT+5&quot;,&quot;Etc/GMT+6&quot;,&quot;Etc/GMT+7&quot;,&quot;Etc/GMT+8&quot;,&quot;Etc/GMT+9&quot;,&quot;Etc/GMT-0&quot;,&quot;Etc/GMT-1&quot;,&quot;Etc/GMT-10&quot;,&quot;Etc/GMT-11&quot;,&quot;Etc/GMT-12&quot;,&quot;Etc/GMT-13&quot;,&quot;Etc/GMT-14&quot;,&quot;Etc/GMT-2&quot;,&quot;Etc/GMT-3&quot;,&quot;Etc/GMT-4&quot;,&quot;Etc/GMT-5&quot;,&quot;Etc/GMT-6&quot;,&quot;Etc/GMT-7&quot;,&quot;Etc/GMT-8&quot;,&quot;Etc/GMT-9&quot;,&quot;Etc/GMT0&quot;,&quot;Etc/Greenwich&quot;,&quot;Etc/UCT&quot;,&quot;Etc/UTC&quot;,&quot;Etc/Universal&quot;,&quot;Etc/Zulu&quot;,&quot;Europe/Amsterdam&quot;,&quot;Europe/Andorra&quot;,&quot;Europe/Astrakhan&quot;,&quot;Europe/Athens&quot;,&quot;Europe/Belfast&quot;,&quot;Europe/Belgrade&quot;,&quot;Europe/Berlin&quot;,&quot;Europe/Bratislava&quot;,&quot;Europe/Brussels&quot;,&quot;Europe/Bucharest&quot;,&quot;Europe/Budapest&quot;,&quot;Europe/Busingen&quot;,&quot;Europe/Chisinau&quot;,&quot;Europe/Copenhagen&quot;,&quot;Europe/Dublin&quot;,&quot;Europe/Gibraltar&quot;,&quot;Europe/Guernsey&quot;,&quot;Europe/Helsinki&quot;,&quot;Europe/Isle_of_Man&quot;,&quot;Europe/Istanbul&quot;,&quot;Europe/Jersey&quot;,&quot;Europe/Kaliningrad&quot;,&quot;Europe/Kiev&quot;,&quot;Europe/Kirov&quot;,&quot;Europe/Lisbon&quot;,&quot;Europe/Ljubljana&quot;,&quot;Europe/London&quot;,&quot;Europe/Luxembourg&quot;,&quot;Europe/Madrid&quot;,&quot;Europe/Malta&quot;,&quot;Europe/Mariehamn&quot;,&quot;Europe/Minsk&quot;,&quot;Europe/Monaco&quot;,&quot;Europe/Moscow&quot;,&quot;Europe/Nicosia&quot;,&quot;Europe/Oslo&quot;,&quot;Europe/Paris&quot;,&quot;Europe/Podgorica&quot;,&quot;Europe/Prague&quot;,&quot;Europe/Riga&quot;,&quot;Europe/Rome&quot;,&quot;Europe/Samara&quot;,&quot;Europe/San_Marino&quot;,&quot;Europe/Sarajevo&quot;,&quot;Europe/Saratov&quot;,&quot;Europe/Simferopol&quot;,&quot;Europe/Skopje&quot;,&quot;Europe/Sofia&quot;,&quot;Europe/Stockholm&quot;,&quot;Europe/Tallinn&quot;,&quot;Europe/Tirane&quot;,&quot;Europe/Tiraspol&quot;,&quot;Europe/Ulyanovsk&quot;,&quot;Europe/Uzhgorod&quot;,&quot;Europe/Vaduz&quot;,&quot;Europe/Vatican&quot;,&quot;Europe/Vienna&quot;,&quot;Europe/Vilnius&quot;,&quot;Europe/Volgograd&quot;,&quot;Europe/Warsaw&quot;,&quot;Europe/Zagreb&quot;,&quot;Europe/Zaporozhye&quot;,&quot;Europe/Zurich&quot;,&quot;GB&quot;,&quot;GB-Eire&quot;,&quot;GMT&quot;,&quot;GMT+0&quot;,&quot;GMT-0&quot;,&quot;GMT0&quot;,&quot;Greenwich&quot;,&quot;HST&quot;,&quot;Hongkong&quot;,&quot;Iceland&quot;,&quot;Indian/Antananarivo&quot;,&quot;Indian/Chagos&quot;,&quot;Indian/Christmas&quot;,&quot;Indian/Cocos&quot;,&quot;Indian/Comoro&quot;,&quot;Indian/Kerguelen&quot;,&quot;Indian/Mahe&quot;,&quot;Indian/Maldives&quot;,&quot;Indian/Mauritius&quot;,&quot;Indian/Mayotte&quot;,&quot;Indian/Reunion&quot;,&quot;Iran&quot;,&quot;Israel&quot;,&quot;Jamaica&quot;,&quot;Japan&quot;,&quot;Kwajalein&quot;,&quot;Libya&quot;,&quot;MET&quot;,&quot;MST&quot;,&quot;MST7MDT&quot;,&quot;Mexico/BajaNorte&quot;,&quot;Mexico/BajaSur&quot;,&quot;Mexico/General&quot;,&quot;NZ&quot;,&quot;NZ-CHAT&quot;,&quot;Navajo&quot;,&quot;PRC&quot;,&quot;PST8PDT&quot;,&quot;Pacific/Apia&quot;,&quot;Pacific/Auckland&quot;,&quot;Pacific/Bougainville&quot;,&quot;Pacific/Chatham&quot;,&quot;Pacific/Chuuk&quot;,&quot;Pacific/Easter&quot;,&quot;Pacific/Efate&quot;,&quot;Pacific/Enderbury&quot;,&quot;Pacific/Fakaofo&quot;,&quot;Pacific/Fiji&quot;,&quot;Pacific/Funafuti&quot;,&quot;Pacific/Galapagos&quot;,&quot;Pacific/Gambier&quot;,&quot;Pacific/Guadalcanal&quot;,&quot;Pacific/Guam&quot;,&quot;Pacific/Honolulu&quot;,&quot;Pacific/Johnston&quot;,&quot;Pacific/Kiritimati&quot;,&quot;Pacific/Kosrae&quot;,&quot;Pacific/Kwajalein&quot;,&quot;Pacific/Majuro&quot;,&quot;Pacific/Marquesas&quot;,&quot;Pacific/Midway&quot;,&quot;Pacific/Nauru&quot;,&quot;Pacific/Niue&quot;,&quot;Pacific/Norfolk&quot;,&quot;Pacific/Noumea&quot;,&quot;Pacific/Pago_Pago&quot;,&quot;Pacific/Palau&quot;,&quot;Pacific/Pitcairn&quot;,&quot;Pacific/Pohnpei&quot;,&quot;Pacific/Ponape&quot;,&quot;Pacific/Port_Moresby&quot;,&quot;Pacific/Rarotonga&quot;,&quot;Pacific/Saipan&quot;,&quot;Pacific/Samoa&quot;,&quot;Pacific/Tahiti&quot;,&quot;Pacific/Tarawa&quot;,&quot;Pacific/Tongatapu&quot;,&quot;Pacific/Truk&quot;,&quot;Pacific/Wake&quot;,&quot;Pacific/Wallis&quot;,&quot;Pacific/Yap&quot;,&quot;Poland&quot;,&quot;Portugal&quot;,&quot;ROC&quot;,&quot;ROK&quot;,&quot;Singapore&quot;,&quot;Turkey&quot;,&quot;UCT&quot;,&quot;US/Alaska&quot;,&quot;US/Aleutian&quot;,&quot;US/Arizona&quot;,&quot;US/Central&quot;,&quot;US/East-Indiana&quot;,&quot;US/Eastern&quot;,&quot;US/Hawaii&quot;,&quot;US/Indiana-Starke&quot;,&quot;US/Michigan&quot;,&quot;US/Mountain&quot;,&quot;US/Pacific&quot;,&quot;US/Pacific-New&quot;,&quot;US/Samoa&quot;,&quot;UTC&quot;,&quot;Universal&quot;,&quot;W-SU&quot;,&quot;WET&quot;,&quot;Zulu&quot;],&quot;requiresPageReload&quot;:true},&quot;dateFormat:scaled&quot;:{&quot;name&quot;:&quot;Scaled date format&quot;,&quot;type&quot;:&quot;json&quot;,&quot;value&quot;:&quot;[\n  [\&quot;\&quot;, \&quot;HH:mm:ss.SSS\&quot;],\n  [\&quot;PT1S\&quot;, \&quot;HH:mm:ss\&quot;],\n  [\&quot;PT1M\&quot;, \&quot;HH:mm\&quot;],\n  [\&quot;PT1H\&quot;, \&quot;YYYY-MM-DD HH:mm\&quot;],\n  [\&quot;P1DT\&quot;, \&quot;YYYY-MM-DD\&quot;],\n  [\&quot;P1YT\&quot;, \&quot;YYYY\&quot;]\n]&quot;,&quot;description&quot;:&quot;Values that define the format used in situations where time-based data is rendered in order, and formatted timestamps should adapt to the interval between measurements. Keys are &lt;a href=\&quot;http://en.wikipedia.org/wiki/ISO_8601#Time_intervals\&quot; target=\&quot;_blank\&quot; rel=\&quot;noopener noreferrer\&quot;&gt;ISO8601 intervals&lt;/a&gt;.&quot;},&quot;dateFormat:dow&quot;:{&quot;name&quot;:&quot;Day of week&quot;,&quot;value&quot;:&quot;Sunday&quot;,&quot;description&quot;:&quot;What day should weeks start on?&quot;,&quot;type&quot;:&quot;select&quot;,&quot;options&quot;:[&quot;Sunday&quot;,&quot;Monday&quot;,&quot;Tuesday&quot;,&quot;Wednesday&quot;,&quot;Thursday&quot;,&quot;Friday&quot;,&quot;Saturday&quot;]},&quot;dateNanosFormat&quot;:{&quot;name&quot;:&quot;Date with nanoseconds format&quot;,&quot;value&quot;:&quot;MMM D, YYYY @ HH:mm:ss.SSSSSSSSS&quot;,&quot;description&quot;:&quot;Used for the &lt;a href=\&quot;https://www.elastic.co/guide/en/elasticsearch/reference/master/date_nanos.html\&quot; target=\&quot;_blank\&quot; rel=\&quot;noopener noreferrer\&quot;&gt;date_nanos&lt;/a&gt; datatype of Elasticsearch&quot;},&quot;defaultIndex&quot;:{&quot;name&quot;:&quot;Default index&quot;,&quot;value&quot;:null,&quot;description&quot;:&quot;The index to access if no index is set&quot;},&quot;defaultColumns&quot;:{&quot;name&quot;:&quot;Default columns&quot;,&quot;value&quot;:[&quot;_source&quot;],&quot;description&quot;:&quot;Columns displayed by default in the Discovery tab&quot;,&quot;category&quot;:[&quot;discover&quot;]},&quot;metaFields&quot;:{&quot;name&quot;:&quot;Meta fields&quot;,&quot;value&quot;:[&quot;_source&quot;,&quot;_id&quot;,&quot;_type&quot;,&quot;_index&quot;,&quot;_score&quot;],&quot;description&quot;:&quot;Fields that exist outside of _source to merge into our document when displaying it&quot;},&quot;discover:sampleSize&quot;:{&quot;name&quot;:&quot;Number of rows&quot;,&quot;value&quot;:500,&quot;description&quot;:&quot;The number of rows to show in the table&quot;,&quot;category&quot;:[&quot;discover&quot;]},&quot;discover:aggs:terms:size&quot;:{&quot;name&quot;:&quot;Number of terms&quot;,&quot;value&quot;:20,&quot;type&quot;:&quot;number&quot;,&quot;description&quot;:&quot;Determines how many terms will be visualized when clicking the \&quot;visualize\&quot; button, in the field drop downs, in the discover sidebar.&quot;,&quot;category&quot;:[&quot;discover&quot;]},&quot;discover:sort:defaultOrder&quot;:{&quot;name&quot;:&quot;Default sort direction&quot;,&quot;value&quot;:&quot;desc&quot;,&quot;options&quot;:[&quot;desc&quot;,&quot;asc&quot;],&quot;optionLabels&quot;:{&quot;desc&quot;:&quot;Descending&quot;,&quot;asc&quot;:&quot;Ascending&quot;},&quot;type&quot;:&quot;select&quot;,&quot;description&quot;:&quot;Controls the default sort direction for time based index patterns in the Discover app.&quot;,&quot;category&quot;:[&quot;discover&quot;]},&quot;discover:searchOnPageLoad&quot;:{&quot;name&quot;:&quot;Search on page load&quot;,&quot;value&quot;:true,&quot;type&quot;:&quot;boolean&quot;,&quot;description&quot;:&quot;Controls whether a search is executed when Discover first loads. This setting does not have an effect when loading a saved search.&quot;,&quot;category&quot;:[&quot;discover&quot;]},&quot;doc_table:highlight&quot;:{&quot;name&quot;:&quot;Highlight results&quot;,&quot;value&quot;:true,&quot;description&quot;:&quot;Highlight results in Discover and Saved Searches Dashboard. Highlighting makes requests slow when working on big documents.&quot;,&quot;category&quot;:[&quot;discover&quot;]},&quot;doc_table:hideTimeColumn&quot;:{&quot;name&quot;:&quot;Hide &#x27;Time&#x27; column&quot;,&quot;value&quot;:false,&quot;description&quot;:&quot;Hide the &#x27;Time&#x27; column in Discover and in all Saved Searches on Dashboards.&quot;,&quot;category&quot;:[&quot;discover&quot;]},&quot;courier:ignoreFilterIfFieldNotInIndex&quot;:{&quot;name&quot;:&quot;Ignore filter(s)&quot;,&quot;value&quot;:false,&quot;description&quot;:&quot;This configuration enhances support for dashboards containing visualizations accessing dissimilar indexes. When disabled, all filters are applied to all visualizations. When enabled, filter(s) will be ignored for a visualization when the visualization&#x27;s index does not contain the filtering field.&quot;,&quot;category&quot;:[&quot;search&quot;]},&quot;courier:setRequestPreference&quot;:{&quot;name&quot;:&quot;Request preference&quot;,&quot;value&quot;:&quot;sessionId&quot;,&quot;options&quot;:[&quot;sessionId&quot;,&quot;custom&quot;,&quot;none&quot;],&quot;optionLabels&quot;:{&quot;sessionId&quot;:&quot;Session ID&quot;,&quot;custom&quot;:&quot;Custom&quot;,&quot;none&quot;:&quot;None&quot;},&quot;type&quot;:&quot;select&quot;,&quot;description&quot;:&quot;Allows you to set which shards handle your search requests.\n          &lt;ul&gt;\n            &lt;li&gt;&lt;strong&gt;Session ID:&lt;/strong&gt; restricts operations to execute all search requests on the same shards.\n              This has the benefit of reusing shard caches across requests.&lt;/li&gt;\n            &lt;li&gt;&lt;strong&gt;Custom:&lt;/strong&gt; allows you to define a your own preference.\n              Use &lt;strong&gt;courier:customRequestPreference&lt;/strong&gt; to customize your preference value.&lt;/li&gt;\n            &lt;li&gt;&lt;strong&gt;None:&lt;/strong&gt; means do not set a preference.\n              This might provide better performance because requests can be spread across all shard copies.\n              However, results might be inconsistent because different shards might be in different refresh states.&lt;/li&gt;\n          &lt;/ul&gt;&quot;,&quot;category&quot;:[&quot;search&quot;]},&quot;courier:customRequestPreference&quot;:{&quot;name&quot;:&quot;Custom request preference&quot;,&quot;value&quot;:&quot;_local&quot;,&quot;type&quot;:&quot;string&quot;,&quot;description&quot;:&quot;&lt;a href=\&quot;https://www.elastic.co/guide/en/elasticsearch/reference/current/search-request-preference.html\&quot; target=\&quot;_blank\&quot; rel=\&quot;noopener noreferrer\&quot;&gt;Request Preference&lt;/a&gt; used when &lt;strong&gt;courier:setRequestPreference&lt;/strong&gt; is set to \&quot;custom\&quot;.&quot;,&quot;category&quot;:[&quot;search&quot;]},&quot;courier:maxConcurrentShardRequests&quot;:{&quot;name&quot;:&quot;Max Concurrent Shard Requests&quot;,&quot;value&quot;:0,&quot;type&quot;:&quot;number&quot;,&quot;description&quot;:&quot;Controls the &lt;a href=\&quot;https://www.elastic.co/guide/en/elasticsearch/reference/current/search-multi-search.html\&quot;\n            target=\&quot;_blank\&quot; rel=\&quot;noopener noreferrer\&quot; &gt;max_concurrent_shard_requests&lt;/a&gt; setting used for _msearch requests sent by Kibana. Set to 0 to disable this config and use the Elasticsearch default.&quot;,&quot;category&quot;:[&quot;search&quot;]},&quot;courier:batchSearches&quot;:{&quot;name&quot;:&quot;Batch concurrent searches&quot;,&quot;value&quot;:false,&quot;type&quot;:&quot;boolean&quot;,&quot;description&quot;:&quot;When disabled, dashboard panels will load individually, and search requests will terminate when users navigate\n           away or update the query. When enabled, dashboard panels will load together when all of the data is loaded, and\n           searches will not terminate.&quot;,&quot;deprecation&quot;:{&quot;message&quot;:&quot;This setting is deprecated and will be removed in Kibana 8.0.&quot;,&quot;docLinksKey&quot;:&quot;kibanaSearchSettings&quot;},&quot;category&quot;:[&quot;search&quot;]},&quot;search:includeFrozen&quot;:{&quot;name&quot;:&quot;Search in frozen indices&quot;,&quot;description&quot;:&quot;Will include &lt;a href=\&quot;https://www.elastic.co/guide/en/elasticsearch/reference/current/frozen-indices.html\&quot;\n        target=\&quot;_blank\&quot; rel=\&quot;noopener noreferrer\&quot;&gt;frozen indices&lt;/a&gt; in results if enabled. Searching through frozen indices\n        might increase the search time.&quot;,&quot;value&quot;:false,&quot;category&quot;:[&quot;search&quot;]},&quot;fields:popularLimit&quot;:{&quot;name&quot;:&quot;Popular fields limit&quot;,&quot;value&quot;:10,&quot;description&quot;:&quot;The top N most popular fields to show&quot;},&quot;histogram:barTarget&quot;:{&quot;name&quot;:&quot;Target bars&quot;,&quot;value&quot;:50,&quot;description&quot;:&quot;Attempt to generate around this many bars when using \&quot;auto\&quot; interval in date histograms&quot;},&quot;histogram:maxBars&quot;:{&quot;name&quot;:&quot;Maximum bars&quot;,&quot;value&quot;:100,&quot;description&quot;:&quot;Never show more than this many bars in date histograms, scale values if needed&quot;},&quot;visualize:enableLabs&quot;:{&quot;name&quot;:&quot;Enable experimental visualizations&quot;,&quot;value&quot;:true,&quot;description&quot;:&quot;Allows users to create, view, and edit experimental visualizations. If disabled,\n          only visualizations that are considered production-ready are available to the user.&quot;,&quot;category&quot;:[&quot;visualization&quot;]},&quot;visualization:tileMap:maxPrecision&quot;:{&quot;name&quot;:&quot;Maximum tile map precision&quot;,&quot;value&quot;:7,&quot;description&quot;:&quot;The maximum geoHash precision displayed on tile maps: 7 is high, 10 is very high, 12 is the max. &lt;a href=\&quot;http://www.elastic.co/guide/en/elasticsearch/reference/current/search-aggregations-bucket-geohashgrid-aggregation.html#_cell_dimensions_at_the_equator\&quot;\n            target=\&quot;_blank\&quot; rel=\&quot;noopener noreferrer\&quot;&gt;Explanation of cell dimensions&lt;/a&gt;&quot;,&quot;category&quot;:[&quot;visualization&quot;]},&quot;visualization:tileMap:WMSdefaults&quot;:{&quot;name&quot;:&quot;Default WMS properties&quot;,&quot;value&quot;:&quot;{\n  \&quot;enabled\&quot;: false,\n  \&quot;options\&quot;: {\n    \&quot;format\&quot;: \&quot;image/png\&quot;,\n    \&quot;transparent\&quot;: true\n  }\n}&quot;,&quot;type&quot;:&quot;json&quot;,&quot;description&quot;:&quot;Default &lt;a href=\&quot;http://leafletjs.com/reference.html#tilelayer-wms\&quot; target=\&quot;_blank\&quot; rel=\&quot;noopener noreferrer\&quot;&gt;properties&lt;/a&gt; for the WMS map server support in the coordinate map&quot;,&quot;category&quot;:[&quot;visualization&quot;]},&quot;visualization:regionmap:showWarnings&quot;:{&quot;name&quot;:&quot;Show region map warning&quot;,&quot;value&quot;:true,&quot;description&quot;:&quot;Whether the region map shows a warning when terms cannot be joined to a shape on the map.&quot;,&quot;category&quot;:[&quot;visualization&quot;]},&quot;visualization:colorMapping&quot;:{&quot;name&quot;:&quot;Color mapping&quot;,&quot;value&quot;:&quot;{\&quot;Count\&quot;:\&quot;#00A69B\&quot;}&quot;,&quot;type&quot;:&quot;json&quot;,&quot;description&quot;:&quot;Maps values to specified colors within visualizations&quot;,&quot;category&quot;:[&quot;visualization&quot;]},&quot;visualization:loadingDelay&quot;:{&quot;name&quot;:&quot;Loading delay&quot;,&quot;value&quot;:&quot;2s&quot;,&quot;description&quot;:&quot;Time to wait before dimming visualizations during query&quot;,&quot;category&quot;:[&quot;visualization&quot;]},&quot;visualization:dimmingOpacity&quot;:{&quot;name&quot;:&quot;Dimming opacity&quot;,&quot;value&quot;:0.5,&quot;type&quot;:&quot;number&quot;,&quot;description&quot;:&quot;The opacity of the chart items that are dimmed when highlighting another element of the chart. The lower this number, the more the highlighted element will stand out. This must be a number between 0 and 1.&quot;,&quot;category&quot;:[&quot;visualization&quot;]},&quot;visualization:heatmap:maxBuckets&quot;:{&quot;name&quot;:&quot;Heatmap maximum buckets&quot;,&quot;value&quot;:50,&quot;type&quot;:&quot;number&quot;,&quot;description&quot;:&quot;The maximum number of buckets a single datasource can return. A higher number might have negative impact on browser rendering performance&quot;,&quot;category&quot;:[&quot;visualization&quot;]},&quot;csv:separator&quot;:{&quot;name&quot;:&quot;CSV separator&quot;,&quot;value&quot;:&quot;,&quot;,&quot;description&quot;:&quot;Separate exported values with this string&quot;},&quot;csv:quoteValues&quot;:{&quot;name&quot;:&quot;Quote CSV values&quot;,&quot;value&quot;:true,&quot;description&quot;:&quot;Should values be quoted in csv exports?&quot;},&quot;history:limit&quot;:{&quot;name&quot;:&quot;History limit&quot;,&quot;value&quot;:10,&quot;description&quot;:&quot;In fields that have history (e.g. query inputs), show this many recent values&quot;},&quot;shortDots:enable&quot;:{&quot;name&quot;:&quot;Shorten fields&quot;,&quot;value&quot;:false,&quot;description&quot;:&quot;Shorten long fields, for example, instead of foo.bar.baz, show f.b.baz&quot;},&quot;truncate:maxHeight&quot;:{&quot;name&quot;:&quot;Maximum table cell height&quot;,&quot;value&quot;:115,&quot;description&quot;:&quot;The maximum height that a cell in a table should occupy. Set to 0 to disable truncation&quot;},&quot;indexPattern:fieldMapping:lookBack&quot;:{&quot;name&quot;:&quot;Recent matching patterns&quot;,&quot;value&quot;:5,&quot;description&quot;:&quot;For index patterns containing timestamps in their names, look for this many recent matching patterns from which to query the field mapping&quot;},&quot;format:defaultTypeMap&quot;:{&quot;name&quot;:&quot;Field type format name&quot;,&quot;value&quot;:&quot;{\n  \&quot;ip\&quot;: { \&quot;id\&quot;: \&quot;ip\&quot;, \&quot;params\&quot;: {} },\n  \&quot;date\&quot;: { \&quot;id\&quot;: \&quot;date\&quot;, \&quot;params\&quot;: {} },\n  \&quot;date_nanos\&quot;: { \&quot;id\&quot;: \&quot;date_nanos\&quot;, \&quot;params\&quot;: {}, \&quot;es\&quot;: true },\n  \&quot;number\&quot;: { \&quot;id\&quot;: \&quot;number\&quot;, \&quot;params\&quot;: {} },\n  \&quot;boolean\&quot;: { \&quot;id\&quot;: \&quot;boolean\&quot;, \&quot;params\&quot;: {} },\n  \&quot;_source\&quot;: { \&quot;id\&quot;: \&quot;_source\&quot;, \&quot;params\&quot;: {} },\n  \&quot;_default_\&quot;: { \&quot;id\&quot;: \&quot;string\&quot;, \&quot;params\&quot;: {} }\n}&quot;,&quot;type&quot;:&quot;json&quot;,&quot;description&quot;:&quot;Map of the format name to use by default for each field type. \&quot;_default_\&quot; is used if the field type is not mentioned explicitly&quot;},&quot;format:number:defaultPattern&quot;:{&quot;name&quot;:&quot;Number format&quot;,&quot;value&quot;:&quot;0,0.[000]&quot;,&quot;type&quot;:&quot;string&quot;,&quot;description&quot;:&quot;Default &lt;a href=\&quot;http://numeraljs.com/\&quot; target=\&quot;_blank\&quot; rel=\&quot;noopener noreferrer\&quot;&gt;numeral format&lt;/a&gt; for the \&quot;number\&quot; format&quot;},&quot;format:bytes:defaultPattern&quot;:{&quot;name&quot;:&quot;Bytes format&quot;,&quot;value&quot;:&quot;0,0.[0]b&quot;,&quot;type&quot;:&quot;string&quot;,&quot;description&quot;:&quot;Default &lt;a href=\&quot;http://numeraljs.com/\&quot; target=\&quot;_blank\&quot; rel=\&quot;noopener noreferrer\&quot;&gt;numeral format&lt;/a&gt; for the \&quot;bytes\&quot; format&quot;},&quot;format:percent:defaultPattern&quot;:{&quot;name&quot;:&quot;Percent format&quot;,&quot;value&quot;:&quot;0,0.[000]%&quot;,&quot;type&quot;:&quot;string&quot;,&quot;description&quot;:&quot;Default &lt;a href=\&quot;http://numeraljs.com/\&quot; target=\&quot;_blank\&quot; rel=\&quot;noopener noreferrer\&quot;&gt;numeral format&lt;/a&gt; for the \&quot;percent\&quot; format&quot;},&quot;format:currency:defaultPattern&quot;:{&quot;name&quot;:&quot;Currency format&quot;,&quot;value&quot;:&quot;($0,0.[00])&quot;,&quot;type&quot;:&quot;string&quot;,&quot;description&quot;:&quot;Default &lt;a href=\&quot;http://numeraljs.com/\&quot; target=\&quot;_blank\&quot; rel=\&quot;noopener noreferrer\&quot;&gt;numeral format&lt;/a&gt; for the \&quot;currency\&quot; format&quot;},&quot;format:number:defaultLocale&quot;:{&quot;name&quot;:&quot;Formatting locale&quot;,&quot;value&quot;:&quot;en&quot;,&quot;type&quot;:&quot;select&quot;,&quot;options&quot;:[&quot;en&quot;,&quot;be-nl&quot;,&quot;chs&quot;,&quot;cs&quot;,&quot;da-dk&quot;,&quot;de-ch&quot;,&quot;de&quot;,&quot;en-gb&quot;,&quot;es-ES&quot;,&quot;es&quot;,&quot;et&quot;,&quot;fi&quot;,&quot;fr-CA&quot;,&quot;fr-ch&quot;,&quot;fr&quot;,&quot;hu&quot;,&quot;it&quot;,&quot;ja&quot;,&quot;nl-nl&quot;,&quot;pl&quot;,&quot;pt-br&quot;,&quot;pt-pt&quot;,&quot;ru-UA&quot;,&quot;ru&quot;,&quot;sk&quot;,&quot;th&quot;,&quot;tr&quot;,&quot;uk-UA&quot;],&quot;description&quot;:&quot;&lt;a href=\&quot;http://numeraljs.com/\&quot; target=\&quot;_blank\&quot; rel=\&quot;noopener noreferrer\&quot;&gt;Numeral language&lt;/a&gt; locale&quot;},&quot;savedObjects:perPage&quot;:{&quot;name&quot;:&quot;Objects per page&quot;,&quot;value&quot;:20,&quot;type&quot;:&quot;number&quot;,&quot;description&quot;:&quot;Number of objects to show per page in the load dialog&quot;},&quot;savedObjects:listingLimit&quot;:{&quot;name&quot;:&quot;Objects listing limit&quot;,&quot;type&quot;:&quot;number&quot;,&quot;value&quot;:1000,&quot;description&quot;:&quot;Number of objects to fetch for the listing pages&quot;},&quot;timepicker:timeDefaults&quot;:{&quot;name&quot;:&quot;Time filter defaults&quot;,&quot;value&quot;:&quot;{\n  \&quot;from\&quot;: \&quot;now-15m\&quot;,\n  \&quot;to\&quot;: \&quot;now\&quot;\n}&quot;,&quot;type&quot;:&quot;json&quot;,&quot;description&quot;:&quot;The timefilter selection to use when Kibana is started without one&quot;,&quot;requiresPageReload&quot;:true},&quot;timepicker:refreshIntervalDefaults&quot;:{&quot;name&quot;:&quot;Time filter refresh interval&quot;,&quot;value&quot;:&quot;{\n  \&quot;pause\&quot;: false,\n  \&quot;value\&quot;: 0\n}&quot;,&quot;type&quot;:&quot;json&quot;,&quot;description&quot;:&quot;The timefilter&#x27;s default refresh interval&quot;,&quot;requiresPageReload&quot;:true},&quot;timepicker:quickRanges&quot;:{&quot;name&quot;:&quot;Time filter quick ranges&quot;,&quot;value&quot;:&quot;[\n  {\n    \&quot;from\&quot;: \&quot;now/d\&quot;,\n    \&quot;to\&quot;: \&quot;now/d\&quot;,\n    \&quot;display\&quot;: \&quot;Today\&quot;\n  },\n  {\n    \&quot;from\&quot;: \&quot;now/w\&quot;,\n    \&quot;to\&quot;: \&quot;now/w\&quot;,\n    \&quot;display\&quot;: \&quot;This week\&quot;\n  },\n  {\n    \&quot;from\&quot;: \&quot;now-15m\&quot;,\n    \&quot;to\&quot;: \&quot;now\&quot;,\n    \&quot;display\&quot;: \&quot;Last 15 minutes\&quot;\n  },\n  {\n    \&quot;from\&quot;: \&quot;now-30m\&quot;,\n    \&quot;to\&quot;: \&quot;now\&quot;,\n    \&quot;display\&quot;: \&quot;Last 30 minutes\&quot;\n  },\n  {\n    \&quot;from\&quot;: \&quot;now-1h\&quot;,\n    \&quot;to\&quot;: \&quot;now\&quot;,\n    \&quot;display\&quot;: \&quot;Last 1 hour\&quot;\n  },\n  {\n    \&quot;from\&quot;: \&quot;now-24h\&quot;,\n    \&quot;to\&quot;: \&quot;now\&quot;,\n    \&quot;display\&quot;: \&quot;Last 24 hours\&quot;\n  },\n  {\n    \&quot;from\&quot;: \&quot;now-7d\&quot;,\n    \&quot;to\&quot;: \&quot;now\&quot;,\n    \&quot;display\&quot;: \&quot;Last 7 days\&quot;\n  },\n  {\n    \&quot;from\&quot;: \&quot;now-30d\&quot;,\n    \&quot;to\&quot;: \&quot;now\&quot;,\n    \&quot;display\&quot;: \&quot;Last 30 days\&quot;\n  },\n  {\n    \&quot;from\&quot;: \&quot;now-90d\&quot;,\n    \&quot;to\&quot;: \&quot;now\&quot;,\n    \&quot;display\&quot;: \&quot;Last 90 days\&quot;\n  },\n  {\n    \&quot;from\&quot;: \&quot;now-1y\&quot;,\n    \&quot;to\&quot;: \&quot;now\&quot;,\n    \&quot;display\&quot;: \&quot;Last 1 year\&quot;\n  }\n]&quot;,&quot;type&quot;:&quot;json&quot;,&quot;description&quot;:&quot;The list of ranges to show in the Quick section of the time filter. This should be an array of objects, with each object containing \&quot;from\&quot;, \&quot;to\&quot; (see &lt;a href=\&quot;https://www.elastic.co/guide/en/elasticsearch/reference/current/common-options.html#date-math\&quot;\n            target=\&quot;_blank\&quot; rel=\&quot;noopener noreferrer\&quot;&gt;accepted formats&lt;/a&gt;), and \&quot;display\&quot; (the title to be displayed).&quot;},&quot;theme:darkMode&quot;:{&quot;name&quot;:&quot;Dark mode&quot;,&quot;value&quot;:false,&quot;description&quot;:&quot;Enable a dark mode for the Kibana UI. A page refresh is required for the setting to be applied.&quot;,&quot;requiresPageReload&quot;:true},&quot;filters:pinnedByDefault&quot;:{&quot;name&quot;:&quot;Pin filters by default&quot;,&quot;value&quot;:false,&quot;description&quot;:&quot;Whether the filters should have a global state (be pinned) by default&quot;},&quot;filterEditor:suggestValues&quot;:{&quot;name&quot;:&quot;Filter editor suggest values&quot;,&quot;value&quot;:true,&quot;description&quot;:&quot;Set this property to false to prevent the filter editor from suggesting values for fields.&quot;},&quot;notifications:banner&quot;:{&quot;name&quot;:&quot;Custom banner notification&quot;,&quot;value&quot;:&quot;&quot;,&quot;type&quot;:&quot;markdown&quot;,&quot;description&quot;:&quot;A custom banner intended for temporary notices to all users. &lt;a href=\&quot;https://help.github.com/articles/basic-writing-and-formatting-syntax/\&quot;\n            target=\&quot;_blank\&quot; rel=\&quot;noopener noreferrer\&quot;&gt;Markdown supported&lt;/a&gt;.&quot;,&quot;category&quot;:[&quot;notifications&quot;]},&quot;notifications:lifetime:banner&quot;:{&quot;name&quot;:&quot;Banner notification lifetime&quot;,&quot;value&quot;:3000000,&quot;description&quot;:&quot;The time in milliseconds which a banner notification will be displayed on-screen for. Setting to Infinity will disable the countdown.&quot;,&quot;type&quot;:&quot;number&quot;,&quot;category&quot;:[&quot;notifications&quot;]},&quot;notifications:lifetime:error&quot;:{&quot;name&quot;:&quot;Error notification lifetime&quot;,&quot;value&quot;:300000,&quot;description&quot;:&quot;The time in milliseconds which an error notification will be displayed on-screen for. Setting to Infinity will disable.&quot;,&quot;type&quot;:&quot;number&quot;,&quot;category&quot;:[&quot;notifications&quot;]},&quot;notifications:lifetime:warning&quot;:{&quot;name&quot;:&quot;Warning notification lifetime&quot;,&quot;value&quot;:10000,&quot;description&quot;:&quot;The time in milliseconds which a warning notification will be displayed on-screen for. Setting to Infinity will disable.&quot;,&quot;type&quot;:&quot;number&quot;,&quot;category&quot;:[&quot;notifications&quot;]},&quot;notifications:lifetime:info&quot;:{&quot;name&quot;:&quot;Info notification lifetime&quot;,&quot;value&quot;:5000,&quot;description&quot;:&quot;The time in milliseconds which an information notification will be displayed on-screen for. Setting to Infinity will disable.&quot;,&quot;type&quot;:&quot;number&quot;,&quot;category&quot;:[&quot;notifications&quot;]},&quot;metrics:max_buckets&quot;:{&quot;name&quot;:&quot;Maximum buckets&quot;,&quot;value&quot;:2000,&quot;description&quot;:&quot;The maximum number of buckets a single datasource can return&quot;},&quot;state:storeInSessionStorage&quot;:{&quot;name&quot;:&quot;Store URLs in session storage&quot;,&quot;value&quot;:false,&quot;description&quot;:&quot;The URL can sometimes grow to be too large for some browsers to handle. To counter-act this we are testing if storing parts of the URL in session storage could help. Please let us know how it goes!&quot;},&quot;indexPattern:placeholder&quot;:{&quot;name&quot;:&quot;Index pattern placeholder&quot;,&quot;value&quot;:&quot;&quot;,&quot;description&quot;:&quot;The placeholder for the \&quot;Index pattern name\&quot; field in \&quot;Management &gt; Index Patterns &gt; Create Index Pattern\&quot;.&quot;},&quot;context:defaultSize&quot;:{&quot;name&quot;:&quot;Context size&quot;,&quot;value&quot;:5,&quot;description&quot;:&quot;The number of surrounding entries to show in the context view&quot;,&quot;category&quot;:[&quot;discover&quot;]},&quot;context:step&quot;:{&quot;name&quot;:&quot;Context size step&quot;,&quot;value&quot;:5,&quot;description&quot;:&quot;The step size to increment or decrement the context size by&quot;,&quot;category&quot;:[&quot;discover&quot;]},&quot;context:tieBreakerFields&quot;:{&quot;name&quot;:&quot;Tie breaker fields&quot;,&quot;value&quot;:[&quot;_doc&quot;],&quot;description&quot;:&quot;A comma-separated list of fields to use for tie-breaking between documents that have the same timestamp value. From this list the first field that is present and sortable in the current index pattern is used.&quot;,&quot;category&quot;:[&quot;discover&quot;]},&quot;accessibility:disableAnimations&quot;:{&quot;name&quot;:&quot;Disable Animations&quot;,&quot;value&quot;:false,&quot;description&quot;:&quot;Turn off all unnecessary animations in the Kibana UI. Refresh the page to apply the changes.&quot;,&quot;category&quot;:[&quot;accessibility&quot;],&quot;requiresPageReload&quot;:true},&quot;telemetry:optIn&quot;:{&quot;name&quot;:&quot;Telemetry opt-in&quot;,&quot;description&quot;:&quot;Help us improve the Elastic Stack by providing usage statistics for basic features. We will not share this data outside of Elastic.&quot;,&quot;value&quot;:false,&quot;readonly&quot;:true},&quot;timelion:showTutorial&quot;:{&quot;name&quot;:&quot;Show tutorial&quot;,&quot;value&quot;:false,&quot;description&quot;:&quot;Should I show the tutorial by default when entering the timelion app?&quot;,&quot;category&quot;:[&quot;timelion&quot;]},&quot;timelion:es.timefield&quot;:{&quot;name&quot;:&quot;Time field&quot;,&quot;value&quot;:&quot;@timestamp&quot;,&quot;description&quot;:&quot;Default field containing a timestamp when using .es()&quot;,&quot;category&quot;:[&quot;timelion&quot;]},&quot;timelion:es.default_index&quot;:{&quot;name&quot;:&quot;Default index&quot;,&quot;value&quot;:&quot;_all&quot;,&quot;description&quot;:&quot;Default elasticsearch index to search with .es()&quot;,&quot;category&quot;:[&quot;timelion&quot;]},&quot;timelion:target_buckets&quot;:{&quot;name&quot;:&quot;Target buckets&quot;,&quot;value&quot;:200,&quot;description&quot;:&quot;The number of buckets to shoot for when using auto intervals&quot;,&quot;category&quot;:[&quot;timelion&quot;]},&quot;timelion:max_buckets&quot;:{&quot;name&quot;:&quot;Maximum buckets&quot;,&quot;value&quot;:2000,&quot;description&quot;:&quot;The maximum number of buckets a single datasource can return&quot;,&quot;category&quot;:[&quot;timelion&quot;]},&quot;timelion:default_columns&quot;:{&quot;name&quot;:&quot;Default columns&quot;,&quot;value&quot;:2,&quot;description&quot;:&quot;Number of columns on a timelion sheet by default&quot;,&quot;category&quot;:[&quot;timelion&quot;]},&quot;timelion:default_rows&quot;:{&quot;name&quot;:&quot;Default rows&quot;,&quot;value&quot;:2,&quot;description&quot;:&quot;Number of rows on a timelion sheet by default&quot;,&quot;category&quot;:[&quot;timelion&quot;]},&quot;timelion:min_interval&quot;:{&quot;name&quot;:&quot;Minimum interval&quot;,&quot;value&quot;:&quot;1ms&quot;,&quot;description&quot;:&quot;The smallest interval that will be calculated when using \&quot;auto\&quot;&quot;,&quot;category&quot;:[&quot;timelion&quot;]},&quot;timelion:graphite.url&quot;:{&quot;name&quot;:&quot;Graphite URL&quot;,&quot;value&quot;:null,&quot;description&quot;:&quot;&lt;em&gt;[experimental]&lt;/em&gt; The &lt;a href=\&quot;https://www.hostedgraphite.com/UID/ACCESS_KEY/graphite\&quot; target=\&quot;_blank\&quot; rel=\&quot;noopener\&quot;&gt;URL&lt;/a&gt; of your graphite host&quot;,&quot;type&quot;:&quot;select&quot;,&quot;options&quot;:[],&quot;category&quot;:[&quot;timelion&quot;]},&quot;timelion:quandl.key&quot;:{&quot;name&quot;:&quot;Quandl key&quot;,&quot;value&quot;:&quot;someKeyHere&quot;,&quot;description&quot;:&quot;&lt;em&gt;[experimental]&lt;/em&gt; Your API key from www.quandl.com&quot;,&quot;category&quot;:[&quot;timelion&quot;]},&quot;xpackReporting:customPdfLogo&quot;:{&quot;name&quot;:&quot;PDF footer image&quot;,&quot;value&quot;:null,&quot;description&quot;:&quot;Custom image to use in the PDF&#x27;s footer&quot;,&quot;type&quot;:&quot;image&quot;,&quot;validation&quot;:{&quot;maxSize&quot;:{&quot;length&quot;:273066,&quot;description&quot;:&quot;200 kB&quot;}},&quot;category&quot;:[&quot;reporting&quot;]}},&quot;user&quot;:{&quot;buildNum&quot;:{&quot;userValue&quot;:29118}}}}}"></kbn-injected-metadata><div class="kibanaWelcomeView" id="kbn_loading_message" style="display:none" data-test-subj="kbnLoadingMessage"><div class="kibanaLoaderWrap"><div class="kibanaLoader"></div><div class="kibanaWelcomeLogoCircle"><div class="kibanaWelcomeLogo"></div></div></div><div class="kibanaWelcomeText" data-error-message="Kibana did not load properly. Check the server output for more information.">Loading Kibana</div></div><div class="kibanaWelcomeView" id="kbn_legacy_browser_error" style="display:none"><div class="kibanaLoaderWrap"><div class="kibanaWelcomeLogoCircle"><div class="kibanaWelcomeLogo"></div></div></div><h2 class="kibanaWelcomeTitle">Please upgrade your browser</h2><div class="kibanaWelcomeText">This Kibana installation has strict security requirements enabled that your current browser does not meet.</div></div><script>
            // Since this is an unsafe inline script, this code will not run
            // in browsers that support content security policy(CSP). This is
            // intentional as we check for the existence of __kbnCspNotEnforced__ in
            // bootstrap.
            window.__kbnCspNotEnforced__ = true;
          </script><script src="/bundles/app/kibana/bootstrap.js"></script></body></html>azadmin@ELK:~$ curl -L -O https://artifacts.elastic.co/downloads/beats/filebeat/filebeat-7.6.1-amd64.deb
  % Total    % Received % Xferd  Average Speed   Time    Time     Time  Current
                                 Dload  Upload   Total   Spent    Left  Speed
100 23.9M  100 23.9M    0     0  62.4M      0 --:--:-- --:--:-- --:--:-- 62.4M
azadmin@ELK:~$ sudo dpkg -i filebeat-7.6.1-amd64.deb
Selecting previously unselected package filebeat.
(Reading database ... 83613 files and directories currently installed.)
Preparing to unpack filebeat-7.6.1-amd64.deb ...
Unpacking filebeat (7.6.1) ...
Setting up filebeat (7.6.1) ...
Processing triggers for ureadahead (0.100.0-21) ...
Processing triggers for systemd (237-3ubuntu10.42) ...
azadmin@ELK:~$ nano /etc/filebeat/filebeat.yml
azadmin@ELK:~$ exit
logout
Connection to 10.1.1.4 closed.
root@cf331a2fb986:/etc/ansible# curl -L -O https://artifacts.elastic.co/downloads/beats/filebeat/filebeat-7.6.1-amd64.deb
  % Total    % Received % Xferd  Average Speed   Time    Time     Time  Current
                                 Dload  Upload   Total   Spent    Left  Speed
100 23.9M  100 23.9M    0     0  82.1M      0 --:--:-- --:--:-- --:--:-- 82.1M
root@cf331a2fb986:/etc/ansible# sudo dpkg -i filebeat-7.6.1-amd64.deb
bash: sudo: command not found
root@cf331a2fb986:/etc/ansible# curl -L -O https://artifacts.elastic.co/downloads/beats/filebeat/filebeat-7.6.1-amd64.deb
  % Total    % Received % Xferd  Average Speed   Time    Time     Time  Current
                                 Dload  Upload   Total   Spent    Left  Speed
100 23.9M  100 23.9M    0     0  49.9M      0 --:--:-- --:--:-- --:--:-- 50.0M
root@cf331a2fb986:/etc/ansible# sudo dpkg -i filebeat-7.6.1-amd64.deb
bash: sudo: command not found
root@cf331a2fb986:/etc/ansible# dpkg -i filebeat-7.6.1-amd64.deb
Selecting previously unselected package filebeat.
(Reading database ... 16471 files and directories currently installed.)
Preparing to unpack filebeat-7.6.1-amd64.deb ...
Unpacking filebeat (7.6.1) ...
Setting up filebeat (7.6.1) ...
root@cf331a2fb986:/etc/ansible# nano /etc/filebeat/filebeat.yml
root@cf331a2fb986:/etc/ansible# ls -a
.  ..  ansible.cfg  filebeat-7.6.1-amd64.deb  hosts  install-elk.yml  roles
root@cf331a2fb986:/etc/ansible# nano /etc/filebeat/filebeat.yml
root@cf331a2fb986:/etc/ansible# curl https://gist.githubusercontent.com/slape/5cc350109583af6cbe577bbcc0710c93/raw/eca603b72586fbe148c11f9c87bf96a63cb25760/Filebeat
######################## Filebeat Configuration ############################
# This file is a full configuration example documenting all non-deprecated
# options in comments. For a shorter configuration example, that contains only
# the most common options, please see filebeat.yml in the same directory.
#
# You can find the full configuration reference here:
# https://www.elastic.co/guide/en/beats/filebeat/index.html
filebeat.config.modules:
  path: ${path.config}/modules.d/*.yml

#==========================  Modules configuration =============================
filebeat.modules:

#-------------------------------- System Module --------------------------------
#- module: system
  # Syslog
  #syslog:
    #enabled: true

    # Set custom paths for the log files. If left empty,
    # Filebeat will choose the paths depending on your OS.
    #var.paths:

    # Input configuration (advanced). Any input configuration option
    # can be added under this section.
    #input:

  # Authorization logs
  #auth:
    #enabled: true

    # Set custom paths for the log files. If left empty,
    # Filebeat will choose the paths depending on your OS.
    #var.paths:

    # Input configuration (advanced). Any input configuration option
    # can be added under this section.
    #input:

#-------------------------------- Apache Module --------------------------------
#- module: apache
  # Access logs
  #access:
    #enabled: true

    # Set custom paths for the log files. If left empty,
    # Filebeat will choose the paths depending on your OS.
    #var.paths:

    # Input configuration (advanced). Any input configuration option
    # can be added under this section.
    #input:

  # Error logs
  #error:
    #enabled: true

    # Set custom paths for the log files. If left empty,
    # Filebeat will choose the paths depending on your OS.
    #var.paths:

    # Input configuration (advanced). Any input configuration option
    # can be added under this section.
    #input:
#-------------------------------- Auditd Module --------------------------------
#- module: auditd
  #log:
    #enabled: true

    # Set custom paths for the log files. If left empty,
    # Filebeat will choose the paths depending on your OS.
    #var.paths:

    # Input configuration (advanced). Any input configuration option
    # can be added under this section.
    #input:

#---------------------------- Elasticsearch Module ----------------------------
- module: elasticsearch
  # Server log
  server:
    enabled: true

    # Set custom paths for the log files. If left empty,
    # Filebeat will choose the paths depending on your OS.
    #var.paths:

  gc:
    enabled: true
    # Set custom paths for the log files. If left empty,
    # Filebeat will choose the paths depending on your OS.
    #var.paths:

  audit:
    enabled: true
    # Set custom paths for the log files. If left empty,
    # Filebeat will choose the paths depending on your OS.
    #var.paths:

  slowlog:
    enabled: true
    # Set custom paths for the log files. If left empty,
    # Filebeat will choose the paths depending on your OS.
    #var.paths:

  deprecation:
    enabled: true
    # Set custom paths for the log files. If left empty,
    # Filebeat will choose the paths depending on your OS.
    #var.paths:

#------------------------------- Haproxy Module -------------------------------
- module: haproxy
  # All logs
  log:
    enabled: true

    # Set which input to use between syslog (default) or file.
    #var.input:

    # Set custom paths for the log files. If left empty,
    # Filebeat will choose the paths depending on your OS.
    #var.paths:

#-------------------------------- Icinga Module --------------------------------
#- module: icinga
  # Main logs
  #main:
    #enabled: true

    # Set custom paths for the log files. If left empty,
    # Filebeat will choose the paths depending on your OS.
    #var.paths:

    # Input configuration (advanced). Any input configuration option
    # can be added under this section.
    #input:

  # Debug logs
  #debug:
    #enabled: true

    # Set custom paths for the log files. If left empty,
    # Filebeat will choose the paths depending on your OS.
    #var.paths:

    # Input configuration (advanced). Any input configuration option
    # can be added under this section.
    #input:

  # Startup logs
  #startup:
    #enabled: true

    # Set custom paths for the log files. If left empty,
    # Filebeat will choose the paths depending on your OS.
    #var.paths:

    # Input configuration (advanced). Any input configuration option
    # can be added under this section.
    #input:

#--------------------------------- IIS Module ---------------------------------
#- module: iis
  # Access logs
  #access:
    #enabled: true

    # Set custom paths for the log files. If left empty,
    # Filebeat will choose the paths depending on your OS.
    #var.paths:

    # Input configuration (advanced). Any input configuration option
    # can be added under this section.
    #input:

  # Error logs
  #error:
    #enabled: true

    # Set custom paths for the log files. If left empty,
    # Filebeat will choose the paths depending on your OS.
    #var.paths:

    # Input configuration (advanced). Any input configuration option
    # can be added under this section.
    #input:

#-------------------------------- Kafka Module --------------------------------
- module: kafka
  # All logs
  log:
    enabled: true

    # Set custom paths for Kafka. If left empty,
    # Filebeat will look under /opt.
    #var.kafka_home:

    # Set custom paths for the log files. If left empty,
    # Filebeat will choose the paths depending on your OS.
    #var.paths:

#-------------------------------- Kibana Module --------------------------------
- module: kibana
  # All logs
  log:
    enabled: true

    # Set custom paths for the log files. If left empty,
    # Filebeat will choose the paths depending on your OS.
    #var.paths:

#------------------------------- Logstash Module -------------------------------
#- module: logstash
  # logs
  #log:
    #enabled: true

    # Set custom paths for the log files. If left empty,
    # Filebeat will choose the paths depending on your OS.
    # var.paths:

  # Slow logs
  #slowlog:
    #enabled: true
    # Set custom paths for the log files. If left empty,
    # Filebeat will choose the paths depending on your OS.
    #var.paths:

#------------------------------- Mongodb Module -------------------------------
#- module: mongodb
  # Logs
  #log:
    #enabled: true

    # Set custom paths for the log files. If left empty,
    # Filebeat will choose the paths depending on your OS.
    #var.paths:

    # Input configuration (advanced). Any input configuration option
    # can be added under this section.
    #input:

#-------------------------------- MySQL Module --------------------------------
#- module: mysql
  # Error logs
  #error:
    #enabled: true

    # Set custom paths for the log files. If left empty,
    # Filebeat will choose the paths depending on your OS.
    #var.paths:

    # Input configuration (advanced). Any input configuration option
    # can be added under this section.
    #input:

  # Slow logs
  #slowlog:
    #enabled: true

    # Set custom paths for the log files. If left empty,
    # Filebeat will choose the paths depending on your OS.
    #var.paths:

    # Input configuration (advanced). Any input configuration option
    # can be added under this section.
    #input:

#--------------------------------- Nats Module ---------------------------------
- module: nats
  # All logs
  log:
    enabled: true

    # Set custom paths for the log files. If left empty,
    # Filebeat will choose the paths depending on your OS.
    #var.paths:

#-------------------------------- Nginx Module --------------------------------
#- module: nginx
  # Access logs
  #access:
    #enabled: true

    # Set custom paths for the log files. If left empty,
    # Filebeat will choose the paths depending on your OS.
    #var.paths:

    # Input configuration (advanced). Any input configuration option
    # can be added under this section.
    #input:

  # Error logs
  #error:
    #enabled: true

    # Set custom paths for the log files. If left empty,
    # Filebeat will choose the paths depending on your OS.
    #var.paths:

    # Input configuration (advanced). Any input configuration option
    # can be added under this section.
    #input:

#------------------------------- Osquery Module -------------------------------
- module: osquery
  result:
    enabled: true

    # Set custom paths for the log files. If left empty,
    # Filebeat will choose the paths depending on your OS.
    #var.paths:

    # If true, all fields created by this module are prefixed with
    # `osquery.result`. Set to false to copy the fields in the root
    # of the document. The default is true.
    #var.use_namespace: true

#------------------------------ PostgreSQL Module ------------------------------
#- module: postgresql
  # Logs
  #log:
    #enabled: true

    # Set custom paths for the log files. If left empty,
    # Filebeat will choose the paths depending on your OS.
    #var.paths:

    # Input configuration (advanced). Any input configuration option
    # can be added under this section.
    #input:

#-------------------------------- Redis Module --------------------------------
#- module: redis
  # Main logs
  #log:
    #enabled: true

    # Set custom paths for the log files. If left empty,
    # Filebeat will choose the paths depending on your OS.
    #var.paths: ["/var/log/redis/redis-server.log*"]

  # Slow logs, retrieved via the Redis API (SLOWLOG)
  #slowlog:
    #enabled: true

    # The Redis hosts to connect to.
    #var.hosts: ["localhost:6379"]

    # Optional, the password to use when connecting to Redis.
    #var.password:

#----------------------------- Google Santa Module -----------------------------
- module: santa
  log:
    enabled: true
    # Set custom paths for the log files. If left empty,
    # Filebeat will choose the the default path.
    #var.paths:

#------------------------------- Traefik Module -------------------------------
#- module: traefik
  # Access logs
  #access:
    #enabled: true

    # Set custom paths for the log files. If left empty,
    # Filebeat will choose the paths depending on your OS.
    #var.paths:

    # Input configuration (advanced). Any input configuration option
    # can be added under this section.
    #input:


#=========================== Filebeat inputs =============================

# List of inputs to fetch data.
filebeat.inputs:
# Each - is an input. Most options can be set at the input level, so
# you can use different inputs for various configurations.
# Below are the input specific configurations.

# Type of the files. Based on this the way the file is read is decided.
# The different types cannot be mixed in one input
#
# Possible options are:
# * log: Reads every line of the log file (default)
# * stdin: Reads the standard in

#------------------------------ Log input --------------------------------
- type: log

  # Change to true to enable this input configuration.
  enabled: false

  # Paths that should be crawled and fetched. Glob based paths.
  # To fetch all ".log" files from a specific level of subdirectories
  # /var/log/*/*.log can be used.
  # For each file found under this path, a harvester is started.
  # Make sure not file is defined twice as this can lead to unexpected behaviour.
  paths:
    - /var/log/*.log
    #- c:\programdata\elasticsearch\logs\*

  # Configure the file encoding for reading files with international characters
  # following the W3C recommendation for HTML5 (http://www.w3.org/TR/encoding).
  # Some sample encodings:
  #   plain, utf-8, utf-16be-bom, utf-16be, utf-16le, big5, gb18030, gbk,
  #    hz-gb-2312, euc-kr, euc-jp, iso-2022-jp, shift-jis, ...
  #encoding: plain


  # Exclude lines. A list of regular expressions to match. It drops the lines that are
  # matching any regular expression from the list. The include_lines is called before
  # exclude_lines. By default, no lines are dropped.
  #exclude_lines: ['^DBG']

  # Include lines. A list of regular expressions to match. It exports the lines that are
  # matching any regular expression from the list. The include_lines is called before
  # exclude_lines. By default, all the lines are exported.
  #include_lines: ['^ERR', '^WARN']

  # Exclude files. A list of regular expressions to match. Filebeat drops the files that
  # are matching any regular expression from the list. By default, no files are dropped.
  #exclude_files: ['.gz$']

  # Optional additional fields. These fields can be freely picked
  # to add additional information to the crawled log files for filtering
  #fields:
  #  level: debug
  #  review: 1

  # Set to true to store the additional fields as top level fields instead
  # of under the "fields" sub-dictionary. In case of name conflicts with the
  # fields added by Filebeat itself, the custom fields overwrite the default
  # fields.
  #fields_under_root: false

  # Set to true to publish fields with null values in events.
  #keep_null: false

  # Ignore files which were modified more then the defined timespan in the past.
  # ignore_older is disabled by default, so no files are ignored by setting it to 0.
  # Time strings like 2h (2 hours), 5m (5 minutes) can be used.
  #ignore_older: 0

  # How often the input checks for new files in the paths that are specified
  # for harvesting. Specify 1s to scan the directory as frequently as possible
  # without causing Filebeat to scan too frequently. Default: 10s.
  #scan_frequency: 10s

  # Defines the buffer size every harvester uses when fetching the file
  #harvester_buffer_size: 16384

  # Maximum number of bytes a single log event can have
  # All bytes after max_bytes are discarded and not sent. The default is 10MB.
  # This is especially useful for multiline log messages which can get large.
  #max_bytes: 10485760

  # Characters which separate the lines. Valid values: auto, line_feed, vertical_tab, form_feed,
  # carriage_return, carriage_return_line_feed, next_line, line_separator, paragraph_separator.
  #line_terminator: auto

  ### Recursive glob configuration

  # Expand "**" patterns into regular glob patterns.
  #recursive_glob.enabled: true

  ### JSON configuration

  # Decode JSON options. Enable this if your logs are structured in JSON.
  # JSON key on which to apply the line filtering and multiline settings. This key
  # must be top level and its value must be string, otherwise it is ignored. If
  # no text key is defined, the line filtering and multiline features cannot be used.
  #json.message_key:

  # By default, the decoded JSON is placed under a "json" key in the output document.
  # If you enable this setting, the keys are copied top level in the output document.
  #json.keys_under_root: false

  # If keys_under_root and this setting are enabled, then the values from the decoded
  # JSON object overwrite the fields that Filebeat normally adds (type, source, offset, etc.)
  # in case of conflicts.
  #json.overwrite_keys: false

  # If this setting is enabled, Filebeat adds a "error.message" and "error.key: json" key in case of JSON
  # unmarshaling errors or when a text key is defined in the configuration but cannot
  # be used.
  #json.add_error_key: false

  ### Multiline options

  # Multiline can be used for log messages spanning multiple lines. This is common
  # for Java Stack Traces or C-Line Continuation

  # The regexp Pattern that has to be matched. The example pattern matches all lines starting with [
  #multiline.pattern: ^\[

  # Defines if the pattern set under pattern should be negated or not. Default is false.
  #multiline.negate: false

  # Match can be set to "after" or "before". It is used to define if lines should be append to a pattern
  # that was (not) matched before or after or as long as a pattern is not matched based on negate.
  # Note: After is the equivalent to previous and before is the equivalent to to next in Logstash
  #multiline.match: after

  # The maximum number of lines that are combined to one event.
  # In case there are more the max_lines the additional lines are discarded.
  # Default is 500
  #multiline.max_lines: 500

  # After the defined timeout, an multiline event is sent even if no new pattern was found to start a new event
  # Default is 5s.
  #multiline.timeout: 5s

  # Setting tail_files to true means filebeat starts reading new files at the end
  # instead of the beginning. If this is used in combination with log rotation
  # this can mean that the first entries of a new file are skipped.
  #tail_files: false

  # The Ingest Node pipeline ID associated with this input. If this is set, it
  # overwrites the pipeline option from the Elasticsearch output.
  #pipeline:

  # If symlinks is enabled, symlinks are opened and harvested. The harvester is opening the
  # original for harvesting but will report the symlink name as source.
  #symlinks: false

  # Backoff values define how aggressively filebeat crawls new files for updates
  # The default values can be used in most cases. Backoff defines how long it is waited
  # to check a file again after EOF is reached. Default is 1s which means the file
  # is checked every second if new lines were added. This leads to a near real time crawling.
  # Every time a new line appears, backoff is reset to the initial value.
  #backoff: 1s

  # Max backoff defines what the maximum backoff time is. After having backed off multiple times
  # from checking the files, the waiting time will never exceed max_backoff independent of the
  # backoff factor. Having it set to 10s means in the worst case a new line can be added to a log
  # file after having backed off multiple times, it takes a maximum of 10s to read the new line
  #max_backoff: 10s

  # The backoff factor defines how fast the algorithm backs off. The bigger the backoff factor,
  # the faster the max_backoff value is reached. If this value is set to 1, no backoff will happen.
  # The backoff value will be multiplied each time with the backoff_factor until max_backoff is reached
  #backoff_factor: 2

  # Max number of harvesters that are started in parallel.
  # Default is 0 which means unlimited
  #harvester_limit: 0

  ### Harvester closing options

  # Close inactive closes the file handler after the predefined period.
  # The period starts when the last line of the file was, not the file ModTime.
  # Time strings like 2h (2 hours), 5m (5 minutes) can be used.
  #close_inactive: 5m

  # Close renamed closes a file handler when the file is renamed or rotated.
  # Note: Potential data loss. Make sure to read and understand the docs for this option.
  #close_renamed: false

  # When enabling this option, a file handler is closed immediately in case a file can't be found
  # any more. In case the file shows up again later, harvesting will continue at the last known position
  # after scan_frequency.
  #close_removed: true

  # Closes the file handler as soon as the harvesters reaches the end of the file.
  # By default this option is disabled.
  # Note: Potential data loss. Make sure to read and understand the docs for this option.
  #close_eof: false

  ### State options

  # Files for the modification data is older then clean_inactive the state from the registry is removed
  # By default this is disabled.
  #clean_inactive: 0

  # Removes the state for file which cannot be found on disk anymore immediately
  #clean_removed: true

  # Close timeout closes the harvester after the predefined time.
  # This is independent if the harvester did finish reading the file or not.
  # By default this option is disabled.
  # Note: Potential data loss. Make sure to read and understand the docs for this option.
  #close_timeout: 0

  # Defines if inputs is enabled
  #enabled: true

#----------------------------- Stdin input -------------------------------
# Configuration to use stdin input
#- type: stdin

#------------------------- Redis slowlog input ---------------------------
# Experimental: Config options for the redis slow log input
#- type: redis
  #enabled: false

  # List of hosts to pool to retrieve the slow log information.
  #hosts: ["localhost:6379"]

  # How often the input checks for redis slow log.
  #scan_frequency: 10s

  # Timeout after which time the input should return an error
  #timeout: 1s

  # Network type to be used for redis connection. Default: tcp
  #network: tcp

  # Max number of concurrent connections. Default: 10
  #maxconn: 10

  # Redis AUTH password. Empty by default.
  #password: foobared

#------------------------------ Udp input --------------------------------
# Experimental: Config options for the udp input
#- type: udp
  #enabled: false

  # Maximum size of the message received over UDP
  #max_message_size: 10KiB

  # Size of the UDP read buffer in bytes
  #read_buffer: 0


#------------------------------ TCP input --------------------------------
# Experimental: Config options for the TCP input
#- type: tcp
  #enabled: false

  # The host and port to receive the new event
  #host: "localhost:9000"

  # Character used to split new message
  #line_delimiter: "\n"

  # Maximum size in bytes of the message received over TCP
  #max_message_size: 20MiB

  # Max number of concurrent connections, or 0 for no limit. Default: 0
  #max_connections: 0

  # The number of seconds of inactivity before a remote connection is closed.
  #timeout: 300s

  # Use SSL settings for TCP.
  #ssl.enabled: true

  # List of supported/valid TLS versions. By default all TLS versions 1.0 up to
  # 1.2 are enabled.
  #ssl.supported_protocols: [TLSv1.0, TLSv1.1, TLSv1.2]

  # SSL configuration. By default is off.
  # List of root certificates for client verifications
  #ssl.certificate_authorities: ["/etc/pki/root/ca.pem"]

  # Certificate for SSL server authentication.
  #ssl.certificate: "/etc/pki/client/cert.pem"

  # Server Certificate Key,
  #ssl.key: "/etc/pki/client/cert.key"

  # Optional passphrase for decrypting the Certificate Key.
  #ssl.key_passphrase: ''

  # Configure cipher suites to be used for SSL connections.
  #ssl.cipher_suites: []

  # Configure curve types for ECDHE based cipher suites.
  #ssl.curve_types: []

  # Configure what types of client authentication are supported. Valid options
  # are `none`, `optional`, and `required`. When `certificate_authorities` is set it will
  # default to `required` otherwise it will be set to `none`.
  #ssl.client_authentication: "required"

#------------------------------ Syslog input --------------------------------
# Experimental: Config options for the Syslog input
# Accept RFC3164 formatted syslog event via UDP.
#- type: syslog
  #enabled: false
  #protocol.udp:
    # The host and port to receive the new event
    #host: "localhost:9000"

    # Maximum size of the message received over UDP
    #max_message_size: 10KiB

# Accept RFC3164 formatted syslog event via TCP.
#- type: syslog
  #enabled: false

  #protocol.tcp:
    # The host and port to receive the new event
    #host: "localhost:9000"

    # Character used to split new message
    #line_delimiter: "\n"

    # Maximum size in bytes of the message received over TCP
    #max_message_size: 20MiB

    # The number of seconds of inactivity before a remote connection is closed.
    #timeout: 300s

    # Use SSL settings for TCP.
    #ssl.enabled: true

    # List of supported/valid TLS versions. By default all TLS versions 1.0 up to
    # 1.2 are enabled.
    #ssl.supported_protocols: [TLSv1.0, TLSv1.1, TLSv1.2]

    # SSL configuration. By default is off.
    # List of root certificates for client verifications
    #ssl.certificate_authorities: ["/etc/pki/root/ca.pem"]

    # Certificate for SSL server authentication.
    #ssl.certificate: "/etc/pki/client/cert.pem"

    # Server Certificate Key,
    #ssl.key: "/etc/pki/client/cert.key"

    # Optional passphrase for decrypting the Certificate Key.
    #ssl.key_passphrase: ''

    # Configure cipher suites to be used for SSL connections.
    #ssl.cipher_suites: []

    # Configure curve types for ECDHE based cipher suites.
    #ssl.curve_types: []

    # Configure what types of client authentication are supported. Valid options
    # are `none`, `optional`, and `required`. When `certificate_authorities` is set it will
    # default to `required` otherwise it will be set to `none`.
    #ssl.client_authentication: "required"

#------------------------------ Container input --------------------------------
#- type: container
  #enabled: false

  # Paths for container logs that should be crawled and fetched.
  #paths:
  #  -/var/lib/docker/containers/*/*.log

  # Configure stream to filter to a specific stream: stdout, stderr or all (default)
  #stream: all

#========================== Filebeat autodiscover ==============================

# Autodiscover allows you to detect changes in the system and spawn new modules
# or inputs as they happen.

#filebeat.autodiscover:
  # List of enabled autodiscover providers
#  providers:
#    - type: docker
#      templates:
#        - condition:
#            equals.docker.container.image: busybox
#          config:
#            - type: container
#              paths:
#                - /var/lib/docker/containers/${data.docker.container.id}/*.log

#========================= Filebeat global options ============================

# Registry data path. If a relative path is used, it is considered relative to the
# data path.
#filebeat.registry.path: ${path.data}/registry

# The permissions mask to apply on registry data, and meta files. The default
# value is 0600.  Must be a valid Unix-style file permissions mask expressed in
# octal notation.  This option is not supported on Windows.
#filebeat.registry.file_permissions: 0600

# The timeout value that controls when registry entries are written to disk
# (flushed). When an unwritten update exceeds this value, it triggers a write
# to disk. When flush is set to 0s, the registry is written to disk after each
# batch of events has been published successfully. The default value is 0s.
#filebeat.registry.flush: 0s


# Starting with Filebeat 7.0, the registry uses a new directory format to store
# Filebeat state. After you upgrade, Filebeat will automatically migrate a 6.x
# registry file to use the new directory format. If you changed
# filebeat.registry.path while upgrading, set filebeat.registry.migrate_file to
# point to the old registry file.
#filebeat.registry.migrate_file: ${path.data}/registry

# By default Ingest pipelines are not updated if a pipeline with the same ID
# already exists. If this option is enabled Filebeat overwrites pipelines
# everytime a new Elasticsearch connection is established.
#filebeat.overwrite_pipelines: false

# How long filebeat waits on shutdown for the publisher to finish.
# Default is 0, not waiting.
#filebeat.shutdown_timeout: 0

# Enable filebeat config reloading
#filebeat.config:
  #inputs:
    #enabled: false
    #path: inputs.d/*.yml
    #reload.enabled: true
    #reload.period: 10s
  #modules:
    #enabled: false
    #path: modules.d/*.yml
    #reload.enabled: true
    #reload.period: 10s

#================================ General ======================================

# The name of the shipper that publishes the network data. It can be used to group
# all the transactions sent by a single shipper in the web interface.
# If this options is not defined, the hostname is used.
#name:

# The tags of the shipper are included in their own field with each
# transaction published. Tags make it easy to group servers by different
# logical properties.
#tags: ["service-X", "web-tier"]

# Optional fields that you can specify to add additional information to the
# output. Fields can be scalar values, arrays, dictionaries, or any nested
# combination of these.
#fields:
#  env: staging

# If this option is set to true, the custom fields are stored as top-level
# fields in the output document instead of being grouped under a fields
# sub-dictionary. Default is false.
#fields_under_root: false

# Internal queue configuration for buffering events to be published.
#queue:
  # Queue type by name (default 'mem')
  # The memory queue will present all available events (up to the outputs
  # bulk_max_size) to the output, the moment the output is ready to server
  # another batch of events.
  #mem:
    # Max number of events the queue can buffer.
    #events: 4096

    # Hints the minimum number of events stored in the queue,
    # before providing a batch of events to the outputs.
    # The default value is set to 2048.
    # A value of 0 ensures events are immediately available
    # to be sent to the outputs.
    #flush.min_events: 2048

    # Maximum duration after which events are available to the outputs,
    # if the number of events stored in the queue is < `flush.min_events`.
    #flush.timeout: 1s

  # The spool queue will store events in a local spool file, before
  # forwarding the events to the outputs.
  #
  # Beta: spooling to disk is currently a beta feature. Use with care.
  #
  # The spool file is a circular buffer, which blocks once the file/buffer is full.
  # Events are put into a write buffer and flushed once the write buffer
  # is full or the flush_timeout is triggered.
  # Once ACKed by the output, events are removed immediately from the queue,
  # making space for new events to be persisted.
  #spool:
    # The file namespace configures the file path and the file creation settings.
    # Once the file exists, the `size`, `page_size` and `prealloc` settings
    # will have no more effect.
    #file:
      # Location of spool file. The default value is ${path.data}/spool.dat.
      #path: "${path.data}/spool.dat"

      # Configure file permissions if file is created. The default value is 0600.
      #permissions: 0600

      # File size hint. The spool blocks, once this limit is reached. The default value is 100 MiB.
      #size: 100MiB

      # The files page size. A file is split into multiple pages of the same size. The default value is 4KiB.
      #page_size: 4KiB

      # If prealloc is set, the required space for the file is reserved using
      # truncate. The default value is true.
      #prealloc: true

    # Spool writer settings
    # Events are serialized into a write buffer. The write buffer is flushed if:
    # - The buffer limit has been reached.
    # - The configured limit of buffered events is reached.
    # - The flush timeout is triggered.
    #write:
      # Sets the write buffer size.
      #buffer_size: 1MiB

      # Maximum duration after which events are flushed if the write buffer
      # is not full yet. The default value is 1s.
      #flush.timeout: 1s

      # Number of maximum buffered events. The write buffer is flushed once the
      # limit is reached.
      #flush.events: 16384

      # Configure the on-disk event encoding. The encoding can be changed
      # between restarts.
      # Valid encodings are: json, ubjson, and cbor.
      #codec: cbor
    #read:
      # Reader flush timeout, waiting for more events to become available, so
      # to fill a complete batch as required by the outputs.
      # If flush_timeout is 0, all available events are forwarded to the
      # outputs immediately.
      # The default value is 0s.
      #flush.timeout: 0s

# Sets the maximum number of CPUs that can be executing simultaneously. The
# default is the number of logical CPUs available in the system.
#max_procs:

#================================ Processors ===================================

# Processors are used to reduce the number of fields in the exported event or to
# enhance the event with external metadata. This section defines a list of
# processors that are applied one by one and the first one receives the initial
# event:
#
#   event -> filter1 -> event1 -> filter2 ->event2 ...
#
# The supported processors are drop_fields, drop_event, include_fields,
# decode_json_fields, and add_cloud_metadata.
#
# For example, you can use the following processors to keep the fields that
# contain CPU load percentages, but remove the fields that contain CPU ticks
# values:
#
#processors:
#- include_fields:
#    fields: ["cpu"]
#- drop_fields:
#    fields: ["cpu.user", "cpu.system"]
#
# The following example drops the events that have the HTTP response code 200:
#
#processors:
#- drop_event:
#    when:
#       equals:
#           http.code: 200
#
# The following example renames the field a to b:
#
#processors:
#- rename:
#    fields:
#       - from: "a"
#         to: "b"
#
# The following example tokenizes the string into fields:
#
#processors:
#- dissect:
#    tokenizer: "%{key1} - %{key2}"
#    field: "message"
#    target_prefix: "dissect"
#
# The following example enriches each event with metadata from the cloud
# provider about the host machine. It works on EC2, GCE, DigitalOcean,
# Tencent Cloud, and Alibaba Cloud.
#
#processors:
#- add_cloud_metadata: ~
#
# The following example enriches each event with the machine's local time zone
# offset from UTC.
#
#processors:
#- add_locale:
#    format: offset
#
# The following example enriches each event with docker metadata, it matches
# given fields to an existing container id and adds info from that container:
#
#processors:
#- add_docker_metadata:
#    host: "unix:///var/run/docker.sock"
#    match_fields: ["system.process.cgroup.id"]
#    match_pids: ["process.pid", "process.ppid"]
#    match_source: true
#    match_source_index: 4
#    match_short_id: false
#    cleanup_timeout: 60
#    labels.dedot: false
#    # To connect to Docker over TLS you must specify a client and CA certificate.
#    #ssl:
#    #  certificate_authority: "/etc/pki/root/ca.pem"
#    #  certificate:           "/etc/pki/client/cert.pem"
#    #  key:                   "/etc/pki/client/cert.key"
#
# The following example enriches each event with docker metadata, it matches
# container id from log path available in `source` field (by default it expects
# it to be /var/lib/docker/containers/*/*.log).
#
#processors:
#- add_docker_metadata: ~
#
# The following example enriches each event with host metadata.
#
#processors:
#- add_host_metadata:
#   netinfo.enabled: false
#
# The following example enriches each event with process metadata using
# process IDs included in the event.
#
#processors:
#- add_process_metadata:
#    match_pids: ["system.process.ppid"]
#    target: system.process.parent
#
# The following example decodes fields containing JSON strings
# and replaces the strings with valid JSON objects.
#
#processors:
#- decode_json_fields:
#    fields: ["field1", "field2", ...]
#    process_array: false
#    max_depth: 1
#    target: ""
#    overwrite_keys: false
#
#processors:
#- decompress_gzip_field:
#    from: "field1"
#    to: "field2"
#    ignore_missing: false
#    fail_on_error: true
#
# The following example copies the value of message to message_copied
#
#processors:
#- copy_fields:
#    fields:
#        - from: message
#          to: message_copied
#    fail_on_error: true
#    ignore_missing: false
#
# The following example truncates the value of message to 1024 bytes
#
#processors:
#- truncate_fields:
#    fields:
#      - message
#    max_bytes: 1024
#    fail_on_error: false
#    ignore_missing: true
#
# The following example preserves the raw message under event.original
#
#processors:
#- copy_fields:
#    fields:
#        - from: message
#          to: event.original
#    fail_on_error: false
#    ignore_missing: true
#- truncate_fields:
#    fields:
#      - event.original
#    max_bytes: 1024
#    fail_on_error: false
#    ignore_missing: true

#============================= Elastic Cloud ==================================

# These settings simplify using Filebeat with the Elastic Cloud (https://cloud.elastic.co/).

# The cloud.id setting overwrites the `output.elasticsearch.hosts` and
# `setup.kibana.host` options.
# You can find the `cloud.id` in the Elastic Cloud web UI.
#cloud.id:

# The cloud.auth setting overwrites the `output.elasticsearch.username` and
# `output.elasticsearch.password` settings. The format is `<user>:<pass>`.
#cloud.auth:

#================================ Outputs ======================================

# Configure what output to use when sending the data collected by the beat.

#-------------------------- Elasticsearch output -------------------------------
output.elasticsearch:
  # Boolean flag to enable or disable the output module.
  #enabled: true

  # Array of hosts to connect to.
  # Scheme and port can be left out and will be set to the default (http and 9200)
  # In case you specify and additional path, the scheme is required: http://localhost:9200/path
  # IPv6 addresses should always be defined as: https://[2001:db8::1]:9200
  hosts: ["10.0.0.12:9200"]
  username: "elastic"
  password: "changeme" # TODO: Change this to the password you set

  # Set gzip compression level.
  #compression_level: 0

  # Configure escaping HTML symbols in strings.
  #escape_html: false

  # Optional protocol and basic auth credentials.
  #protocol: "https"
  #username: "elastic"
  #password: "changeme"

  # Dictionary of HTTP parameters to pass within the URL with index operations.
  #parameters:
    #param1: value1
    #param2: value2

  # Number of workers per Elasticsearch host.
  #worker: 1

  # Optional index name. The default is "filebeat" plus date
  # and generates [filebeat-]YYYY.MM.DD keys.
  # In case you modify this pattern you must update setup.template.name and setup.template.pattern accordingly.
  #index: "filebeat-%{[agent.version]}-%{+yyyy.MM.dd}"

  # Optional ingest node pipeline. By default no pipeline will be used.
  #pipeline: ""

  # Optional HTTP path
  #path: "/elasticsearch"

  # Custom HTTP headers to add to each request
  #headers:
  #  X-My-Header: Contents of the header

  # Proxy server URL
  #proxy_url: http://proxy:3128

  # Whether to disable proxy settings for outgoing connections. If true, this
  # takes precedence over both the proxy_url field and any environment settings
  # (HTTP_PROXY, HTTPS_PROXY). The default is false.
  #proxy_disable: false

  # The number of times a particular Elasticsearch index operation is attempted. If
  # the indexing operation doesn't succeed after this many retries, the events are
  # dropped. The default is 3.
  #max_retries: 3

  # The maximum number of events to bulk in a single Elasticsearch bulk API index request.
  # The default is 50.
  #bulk_max_size: 50

  # The number of seconds to wait before trying to reconnect to Elasticsearch
  # after a network error. After waiting backoff.init seconds, the Beat
  # tries to reconnect. If the attempt fails, the backoff timer is increased
  # exponentially up to backoff.max. After a successful connection, the backoff
  # timer is reset. The default is 1s.
  #backoff.init: 1s

  # The maximum number of seconds to wait before attempting to connect to
  # Elasticsearch after a network error. The default is 60s.
  #backoff.max: 60s

  # Configure HTTP request timeout before failing a request to Elasticsearch.
  #timeout: 90

  # Use SSL settings for HTTPS.
  #ssl.enabled: true

  # Configure SSL verification mode. If `none` is configured, all server hosts
  # and certificates will be accepted. In this mode, SSL-based connections are
  # susceptible to man-in-the-middle attacks. Use only for testing. Default is
  # `full`.
  #ssl.verification_mode: full

  # List of supported/valid TLS versions. By default all TLS versions from 1.0 up to
  # 1.2 are enabled.
  #ssl.supported_protocols: [TLSv1.0, TLSv1.1, TLSv1.2]

  # List of root certificates for HTTPS server verifications
  #ssl.certificate_authorities: ["/etc/pki/root/ca.pem"]

  # Certificate for SSL client authentication
  #ssl.certificate: "/etc/pki/client/cert.pem"

  # Client certificate key
  #ssl.key: "/etc/pki/client/cert.key"

  # Optional passphrase for decrypting the certificate key.
  #ssl.key_passphrase: ''

  # Configure cipher suites to be used for SSL connections
  #ssl.cipher_suites: []

  # Configure curve types for ECDHE-based cipher suites
  #ssl.curve_types: []

  # Configure what types of renegotiation are supported. Valid options are
  # never, once, and freely. Default is never.
  #ssl.renegotiation: never

#----------------------------- Logstash output ---------------------------------
#output.logstash:
  # Boolean flag to enable or disable the output module.
  #enabled: true

  # The Logstash hosts
  #hosts: ["localhost:5044"]

  # Number of workers per Logstash host.
  #worker: 1

  # Set gzip compression level.
  #compression_level: 3

  # Configure escaping HTML symbols in strings.
  #escape_html: false

  # Optional maximum time to live for a connection to Logstash, after which the
  # connection will be re-established.  A value of `0s` (the default) will
  # disable this feature.
  #
  # Not yet supported for async connections (i.e. with the "pipelining" option set)
  #ttl: 30s

  # Optionally load-balance events between Logstash hosts. Default is false.
  #loadbalance: false

  # Number of batches to be sent asynchronously to Logstash while processing
  # new batches.
  #pipelining: 2

  # If enabled only a subset of events in a batch of events is transferred per
  # transaction.  The number of events to be sent increases up to `bulk_max_size`
  # if no error is encountered.
  #slow_start: false

  # The number of seconds to wait before trying to reconnect to Logstash
  # after a network error. After waiting backoff.init seconds, the Beat
  # tries to reconnect. If the attempt fails, the backoff timer is increased
  # exponentially up to backoff.max. After a successful connection, the backoff
  # timer is reset. The default is 1s.
  #backoff.init: 1s

  # The maximum number of seconds to wait before attempting to connect to
  # Logstash after a network error. The default is 60s.
  #backoff.max: 60s

  # Optional index name. The default index name is set to filebeat
  # in all lowercase.
  #index: 'filebeat'

  # SOCKS5 proxy server URL
  #proxy_url: socks5://user:password@socks5-server:2233

  # Resolve names locally when using a proxy server. Defaults to false.
  #proxy_use_local_resolver: false

  # Enable SSL support. SSL is automatically enabled if any SSL setting is set.
  #ssl.enabled: true

  # Configure SSL verification mode. If `none` is configured, all server hosts
  # and certificates will be accepted. In this mode, SSL based connections are
  # susceptible to man-in-the-middle attacks. Use only for testing. Default is
  # `full`.
  #ssl.verification_mode: full

  # List of supported/valid TLS versions. By default all TLS versions from 1.0 up to
  # 1.2 are enabled.
  #ssl.supported_protocols: [TLSv1.0, TLSv1.1, TLSv1.2]

  # Optional SSL configuration options. SSL is off by default.
  # List of root certificates for HTTPS server verifications
  #ssl.certificate_authorities: ["/etc/pki/root/ca.pem"]

  # Certificate for SSL client authentication
  #ssl.certificate: "/etc/pki/client/cert.pem"

  # Client certificate key
  #ssl.key: "/etc/pki/client/cert.key"

  # Optional passphrase for decrypting the Certificate Key.
  #ssl.key_passphrase: ''

  # Configure cipher suites to be used for SSL connections
  #ssl.cipher_suites: []

  # Configure curve types for ECDHE-based cipher suites
  #ssl.curve_types: []

  # Configure what types of renegotiation are supported. Valid options are
  # never, once, and freely. Default is never.
  #ssl.renegotiation: never

  # The number of times to retry publishing an event after a publishing failure.
  # After the specified number of retries, the events are typically dropped.
  # Some Beats, such as Filebeat and Winlogbeat, ignore the max_retries setting
  # and retry until all events are published.  Set max_retries to a value less
  # than 0 to retry until all events are published. The default is 3.
  #max_retries: 3

  # The maximum number of events to bulk in a single Logstash request. The
  # default is 2048.
  #bulk_max_size: 2048

  # The number of seconds to wait for responses from the Logstash server before
  # timing out. The default is 30s.
  #timeout: 30s

#------------------------------- Kafka output ----------------------------------
#output.kafka:
  # Boolean flag to enable or disable the output module.
  #enabled: true

  # The list of Kafka broker addresses from which to fetch the cluster metadata.
  # The cluster metadata contain the actual Kafka brokers events are published
  # to.
  #hosts: ["localhost:9092"]

  # The Kafka topic used for produced events. The setting can be a format string
  # using any event field. To set the topic from document type use `%{[type]}`.
  #topic: beats

  # The Kafka event key setting. Use format string to create a unique event key.
  # By default no event key will be generated.
  #key: ''

  # The Kafka event partitioning strategy. Default hashing strategy is `hash`
  # using the `output.kafka.key` setting or randomly distributes events if
  # `output.kafka.key` is not configured.
  #partition.hash:
    # If enabled, events will only be published to partitions with reachable
    # leaders. Default is false.
    #reachable_only: false

    # Configure alternative event field names used to compute the hash value.
    # If empty `output.kafka.key` setting will be used.
    # Default value is empty list.
    #hash: []

  # Authentication details. Password is required if username is set.
  #username: ''
  #password: ''

  # Kafka version Filebeat is assumed to run against. Defaults to the "1.0.0".
  #version: '1.0.0'

  # Configure JSON encoding
  #codec.json:
    # Pretty-print JSON event
    #pretty: false

    # Configure escaping HTML symbols in strings.
    #escape_html: false

  # Metadata update configuration. Metadata contains leader information
  # used to decide which broker to use when publishing.
  #metadata:
    # Max metadata request retry attempts when cluster is in middle of leader
    # election. Defaults to 3 retries.
    #retry.max: 3

    # Wait time between retries during leader elections. Default is 250ms.
    #retry.backoff: 250ms

    # Refresh metadata interval. Defaults to every 10 minutes.
    #refresh_frequency: 10m

    # Strategy for fetching the topics metadata from the broker. Default is false.
    #full: false

  # The number of concurrent load-balanced Kafka output workers.
  #worker: 1

  # The number of times to retry publishing an event after a publishing failure.
  # After the specified number of retries, events are typically dropped.
  # Some Beats, such as Filebeat, ignore the max_retries setting and retry until
  # all events are published.  Set max_retries to a value less than 0 to retry
  # until all events are published. The default is 3.
  #max_retries: 3

  # The maximum number of events to bulk in a single Kafka request. The default
  # is 2048.
  #bulk_max_size: 2048

  # Duration to wait before sending bulk Kafka request. 0 is no delay. The default
  # is 0.
  #bulk_flush_frequency: 0s

  # The number of seconds to wait for responses from the Kafka brokers before
  # timing out. The default is 30s.
  #timeout: 30s

  # The maximum duration a broker will wait for number of required ACKs. The
  # default is 10s.
  #broker_timeout: 10s

  # The number of messages buffered for each Kafka broker. The default is 256.
  #channel_buffer_size: 256

  # The keep-alive period for an active network connection. If 0s, keep-alives
  # are disabled. The default is 0 seconds.
  #keep_alive: 0

  # Sets the output compression codec. Must be one of none, snappy and gzip. The
  # default is gzip.
  #compression: gzip

  # Set the compression level. Currently only gzip provides a compression level
  # between 0 and 9. The default value is chosen by the compression algorithm.
  #compression_level: 4

  # The maximum permitted size of JSON-encoded messages. Bigger messages will be
  # dropped. The default value is 1000000 (bytes). This value should be equal to
  # or less than the broker's message.max.bytes.
  #max_message_bytes: 1000000

  # The ACK reliability level required from broker. 0=no response, 1=wait for
  # local commit, -1=wait for all replicas to commit. The default is 1.  Note:
  # If set to 0, no ACKs are returned by Kafka. Messages might be lost silently
  # on error.
  #required_acks: 1

  # The configurable ClientID used for logging, debugging, and auditing
  # purposes.  The default is "beats".
  #client_id: beats

  # Enable SSL support. SSL is automatically enabled if any SSL setting is set.
  #ssl.enabled: true

  # Optional SSL configuration options. SSL is off by default.
  # List of root certificates for HTTPS server verifications
  #ssl.certificate_authorities: ["/etc/pki/root/ca.pem"]

  # Configure SSL verification mode. If `none` is configured, all server hosts
  # and certificates will be accepted. In this mode, SSL based connections are
  # susceptible to man-in-the-middle attacks. Use only for testing. Default is
  # `full`.
  #ssl.verification_mode: full

  # List of supported/valid TLS versions. By default all TLS versions from 1.0 up to
  # 1.2 are enabled.
  #ssl.supported_protocols: [TLSv1.0, TLSv1.1, TLSv1.2]

  # Certificate for SSL client authentication
  #ssl.certificate: "/etc/pki/client/cert.pem"

  # Client Certificate Key
  #ssl.key: "/etc/pki/client/cert.key"

  # Optional passphrase for decrypting the Certificate Key.
  #ssl.key_passphrase: ''

  # Configure cipher suites to be used for SSL connections
  #ssl.cipher_suites: []

  # Configure curve types for ECDHE-based cipher suites
  #ssl.curve_types: []

  # Configure what types of renegotiation are supported. Valid options are
  # never, once, and freely. Default is never.
  #ssl.renegotiation: never

#------------------------------- Redis output ----------------------------------
#output.redis:
  # Boolean flag to enable or disable the output module.
  #enabled: true

  # Configure JSON encoding
  #codec.json:
    # Pretty print json event
    #pretty: false

    # Configure escaping HTML symbols in strings.
    #escape_html: false

  # The list of Redis servers to connect to. If load-balancing is enabled, the
  # events are distributed to the servers in the list. If one server becomes
  # unreachable, the events are distributed to the reachable servers only.
  #hosts: ["localhost:6379"]

  # The name of the Redis list or channel the events are published to. The
  # default is filebeat.
  #key: filebeat

  # The password to authenticate to Redis with. The default is no authentication.
  #password:

  # The Redis database number where the events are published. The default is 0.
  #db: 0

  # The Redis data type to use for publishing events. If the data type is list,
  # the Redis RPUSH command is used. If the data type is channel, the Redis
  # PUBLISH command is used. The default value is list.
  #datatype: list

  # The number of workers to use for each host configured to publish events to
  # Redis. Use this setting along with the loadbalance option. For example, if
  # you have 2 hosts and 3 workers, in total 6 workers are started (3 for each
  # host).
  #worker: 1

  # If set to true and multiple hosts or workers are configured, the output
  # plugin load balances published events onto all Redis hosts. If set to false,
  # the output plugin sends all events to only one host (determined at random)
  # and will switch to another host if the currently selected one becomes
  # unreachable. The default value is true.
  #loadbalance: true

  # The Redis connection timeout in seconds. The default is 5 seconds.
  #timeout: 5s

  # The number of times to retry publishing an event after a publishing failure.
  # After the specified number of retries, the events are typically dropped.
  # Some Beats, such as Filebeat, ignore the max_retries setting and retry until
  # all events are published. Set max_retries to a value less than 0 to retry
  # until all events are published. The default is 3.
  #max_retries: 3

  # The number of seconds to wait before trying to reconnect to Redis
  # after a network error. After waiting backoff.init seconds, the Beat
  # tries to reconnect. If the attempt fails, the backoff timer is increased
  # exponentially up to backoff.max. After a successful connection, the backoff
  # timer is reset. The default is 1s.
  #backoff.init: 1s

  # The maximum number of seconds to wait before attempting to connect to
  # Redis after a network error. The default is 60s.
  #backoff.max: 60s

  # The maximum number of events to bulk in a single Redis request or pipeline.
  # The default is 2048.
  #bulk_max_size: 2048

  # The URL of the SOCKS5 proxy to use when connecting to the Redis servers. The
  # value must be a URL with a scheme of socks5://.
  #proxy_url:

  # This option determines whether Redis hostnames are resolved locally when
  # using a proxy. The default value is false, which means that name resolution
  # occurs on the proxy server.
  #proxy_use_local_resolver: false

  # Enable SSL support. SSL is automatically enabled, if any SSL setting is set.
  #ssl.enabled: true

  # Configure SSL verification mode. If `none` is configured, all server hosts
  # and certificates will be accepted. In this mode, SSL based connections are
  # susceptible to man-in-the-middle attacks. Use only for testing. Default is
  # `full`.
  #ssl.verification_mode: full

  # List of supported/valid TLS versions. By default all TLS versions 1.0 up to
  # 1.2 are enabled.
  #ssl.supported_protocols: [TLSv1.0, TLSv1.1, TLSv1.2]

  # Optional SSL configuration options. SSL is off by default.
  # List of root certificates for HTTPS server verifications
  #ssl.certificate_authorities: ["/etc/pki/root/ca.pem"]

  # Certificate for SSL client authentication
  #ssl.certificate: "/etc/pki/client/cert.pem"

  # Client Certificate Key
  #ssl.key: "/etc/pki/client/cert.key"

  # Optional passphrase for decrypting the Certificate Key.
  #ssl.key_passphrase: ''

  # Configure cipher suites to be used for SSL connections
  #ssl.cipher_suites: []

  # Configure curve types for ECDHE based cipher suites
  #ssl.curve_types: []

  # Configure what types of renegotiation are supported. Valid options are
  # never, once, and freely. Default is never.
  #ssl.renegotiation: never

#------------------------------- File output -----------------------------------
#output.file:
  # Boolean flag to enable or disable the output module.
  #enabled: true

  # Configure JSON encoding
  #codec.json:
    # Pretty-print JSON event
    #pretty: false

    # Configure escaping HTML symbols in strings.
    #escape_html: false

  # Path to the directory where to save the generated files. The option is
  # mandatory.
  #path: "/tmp/filebeat"

  # Name of the generated files. The default is `filebeat` and it generates
  # files: `filebeat`, `filebeat.1`, `filebeat.2`, etc.
  #filename: filebeat

  # Maximum size in kilobytes of each file. When this size is reached, and on
  # every Filebeat restart, the files are rotated. The default value is 10240
  # kB.
  #rotate_every_kb: 10000

  # Maximum number of files under path. When this number of files is reached,
  # the oldest file is deleted and the rest are shifted from last to first. The
  # default is 7 files.
  #number_of_files: 7

  # Permissions to use for file creation. The default is 0600.
  #permissions: 0600

#----------------------------- Console output ---------------------------------
#output.console:
  # Boolean flag to enable or disable the output module.
  #enabled: true

  # Configure JSON encoding
  #codec.json:
    # Pretty-print JSON event
    #pretty: false

    # Configure escaping HTML symbols in strings.
    #escape_html: false

#================================= Paths ======================================

# The home path for the Filebeat installation. This is the default base path
# for all other path settings and for miscellaneous files that come with the
# distribution (for example, the sample dashboards).
# If not set by a CLI flag or in the configuration file, the default for the
# home path is the location of the binary.
#path.home:

# The configuration path for the Filebeat installation. This is the default
# base path for configuration files, including the main YAML configuration file
# and the Elasticsearch template file. If not set by a CLI flag or in the
# configuration file, the default for the configuration path is the home path.
#path.config: ${path.home}

# The data path for the Filebeat installation. This is the default base path
# for all the files in which Filebeat needs to store its data. If not set by a
# CLI flag or in the configuration file, the default for the data path is a data
# subdirectory inside the home path.
#path.data: ${path.home}/data

# The logs path for a Filebeat installation. This is the default location for
# the Beat's log files. If not set by a CLI flag or in the configuration file,
# the default for the logs path is a logs subdirectory inside the home path.
#path.logs: ${path.home}/logs

#================================ Keystore ==========================================
# Location of the Keystore containing the keys and their sensitive values.
#keystore.path: "${path.config}/beats.keystore"

#============================== Dashboards =====================================
# These settings control loading the sample dashboards to the Kibana index. Loading
# the dashboards are disabled by default and can be enabled either by setting the
# options here, or by using the `-setup` CLI flag or the `setup` command.
#setup.dashboards.enabled: false

# The directory from where to read the dashboards. The default is the `kibana`
# folder in the home path.
#setup.dashboards.directory: ${path.home}/kibana

# The URL from where to download the dashboards archive. It is used instead of
# the directory if it has a value.
#setup.dashboards.url:

# The file archive (zip file) from where to read the dashboards. It is used instead
# of the directory when it has a value.
#setup.dashboards.file:

# In case the archive contains the dashboards from multiple Beats, this lets you
# select which one to load. You can load all the dashboards in the archive by
# setting this to the empty string.
#setup.dashboards.beat: filebeat

# The name of the Kibana index to use for setting the configuration. Default is ".kibana"
#setup.dashboards.kibana_index: .kibana

# The Elasticsearch index name. This overwrites the index name defined in the
# dashboards and index pattern. Example: testbeat-*
#setup.dashboards.index:

# Always use the Kibana API for loading the dashboards instead of autodetecting
# how to install the dashboards by first querying Elasticsearch.
#setup.dashboards.always_kibana: false

# If true and Kibana is not reachable at the time when dashboards are loaded,
# it will retry to reconnect to Kibana instead of exiting with an error.
#setup.dashboards.retry.enabled: false

# Duration interval between Kibana connection retries.
#setup.dashboards.retry.interval: 1s

# Maximum number of retries before exiting with an error, 0 for unlimited retrying.
#setup.dashboards.retry.maximum: 0


#============================== Template =====================================

# A template is used to set the mapping in Elasticsearch
# By default template loading is enabled and the template is loaded.
# These settings can be adjusted to load your own template or overwrite existing ones.

# Set to false to disable template loading.
#setup.template.enabled: true

# Template name. By default the template name is "filebeat-%{[agent.version]}"
# The template name and pattern has to be set in case the Elasticsearch index pattern is modified.
#setup.template.name: "filebeat-%{[agent.version]}"

# Template pattern. By default the template pattern is "-%{[agent.version]}-*" to apply to the default index settings.
# The first part is the version of the beat and then -* is used to match all daily indices.
# The template name and pattern has to be set in case the Elasticsearch index pattern is modified.
#setup.template.pattern: "filebeat-%{[agent.version]}-*"

# Path to fields.yml file to generate the template
#setup.template.fields: "${path.config}/fields.yml"

# A list of fields to be added to the template and Kibana index pattern. Also
# specify setup.template.overwrite: true to overwrite the existing template.
# This setting is experimental.
#setup.template.append_fields:
#- name: field_name
#  type: field_type

# Enable JSON template loading. If this is enabled, the fields.yml is ignored.
#setup.template.json.enabled: false

# Path to the JSON template file
#setup.template.json.path: "${path.config}/template.json"

# Name under which the template is stored in Elasticsearch
#setup.template.json.name: ""

# Overwrite existing template
#setup.template.overwrite: false

# Elasticsearch template settings
setup.template.settings:

  # A dictionary of settings to place into the settings.index dictionary
  # of the Elasticsearch template. For more details, please check
  # https://www.elastic.co/guide/en/elasticsearch/reference/current/mapping.html
  #index:
    #number_of_shards: 1
    #codec: best_compression
    #number_of_routing_shards: 30

  # A dictionary of settings for the _source field. For more details, please check
  # https://www.elastic.co/guide/en/elasticsearch/reference/current/mapping-source-field.html
  #_source:
    #enabled: false

#============================== Setup ILM =====================================

# Configure index lifecycle management (ILM). These settings create a write
# alias and add additional settings to the index template. When ILM is enabled,
# output.elasticsearch.index is ignored, and the write alias is used to set the
# index name.

# Enable ILM support. Valid values are true, false, and auto. When set to auto
# (the default), the Beat uses index lifecycle management when it connects to a
# cluster that supports ILM; otherwise, it creates daily indices.
#setup.ilm.enabled: auto

# Set the prefix used in the index lifecycle write alias name. The default alias
# name is 'filebeat-%{[agent.version]}'.
#setup.ilm.rollover_alias: "filebeat"

# Set the rollover index pattern. The default is "%{now/d}-000001".
#setup.ilm.pattern: "{now/d}-000001"

# Set the lifecycle policy name. The default policy name is
# 'filebeat-%{[agent.version]}'.
#setup.ilm.policy_name: "mypolicy"

# The path to a JSON file that contains a lifecycle policy configuration. Used
# to load your own lifecycle policy.
#setup.ilm.policy_file:

# Disable the check for an existing lifecycle policy. The default is false. If
# you disable this check, set setup.ilm.overwrite: true so the lifecycle policy
# can be installed.
#setup.ilm.check_exists: false

# Overwrite the lifecycle policy at startup. The default is false.
#setup.ilm.overwrite: false

#============================== Kibana =====================================

# Starting with Beats version 6.0.0, the dashboards are loaded via the Kibana API.
# This requires a Kibana endpoint configuration.
setup.kibana:
  host: "10.0.0.12:5601" # TODO: Change this to the IP address of your ELK server
  # Kibana Host
  # Scheme and port can be left out and will be set to the default (http and 5601)
  # In case you specify and additional path, the scheme is required: http://localhost:5601/path
  # IPv6 addresses should always be defined as: https://[2001:db8::1]:5601
  #host: "localhost:5601"

  # Optional protocol and basic auth credentials.
  #protocol: "https"
  #username: "elastic"
  #password: "changeme"

  # Optional HTTP path
  #path: ""

  # Use SSL settings for HTTPS. Default is true.
  #ssl.enabled: true

  # Configure SSL verification mode. If `none` is configured, all server hosts
  # and certificates will be accepted. In this mode, SSL based connections are
  # susceptible to man-in-the-middle attacks. Use only for testing. Default is
  # `full`.
  #ssl.verification_mode: full

  # List of supported/valid TLS versions. By default all TLS versions from 1.0 up to
  # 1.2 are enabled.
  #ssl.supported_protocols: [TLSv1.0, TLSv1.1, TLSv1.2]

  # SSL configuration. The default is off.
  # List of root certificates for HTTPS server verifications
  #ssl.certificate_authorities: ["/etc/pki/root/ca.pem"]

  # Certificate for SSL client authentication
  #ssl.certificate: "/etc/pki/client/cert.pem"

  # Client certificate key
  #ssl.key: "/etc/pki/client/cert.key"

  # Optional passphrase for decrypting the certificate key.
  #ssl.key_passphrase: ''

  # Configure cipher suites to be used for SSL connections
  #ssl.cipher_suites: []

  # Configure curve types for ECDHE-based cipher suites
  #ssl.curve_types: []



#================================ Logging ======================================
# There are four options for the log output: file, stderr, syslog, eventlog
# The file output is the default.

# Sets log level. The default log level is info.
# Available log levels are: error, warning, info, debug
#logging.level: info

# Enable debug output for selected components. To enable all selectors use ["*"]
# Other available selectors are "beat", "publish", "service"
# Multiple selectors can be chained.
#logging.selectors: [ ]

# Send all logging output to stderr. The default is false.
#logging.to_stderr: false

# Send all logging output to syslog. The default is false.
#logging.to_syslog: false

# Send all logging output to Windows Event Logs. The default is false.
#logging.to_eventlog: false

# If enabled, Filebeat periodically logs its internal metrics that have changed
# in the last period. For each metric that changed, the delta from the value at
# the beginning of the period is logged. Also, the total values for
# all non-zero internal metrics are logged on shutdown. The default is true.
#logging.metrics.enabled: true

# The period after which to log the internal metrics. The default is 30s.
#logging.metrics.period: 30s

# Logging to rotating files. Set logging.to_files to false to disable logging to
# files.
logging.to_files: true
logging.files:
  # Configure the path where the logs are written. The default is the logs directory
  # under the home path (the binary location).
  #path: /var/log/filebeat

  # The name of the files where the logs are written to.
  #name: filebeat

  # Configure log file size limit. If limit is reached, log file will be
  # automatically rotated
  #rotateeverybytes: 10485760 # = 10MB

  # Number of rotated log files to keep. Oldest files will be deleted first.
  #keepfiles: 7

  # The permissions mask to apply when rotating log files. The default value is 0600.
  # Must be a valid Unix-style file permissions mask expressed in octal notation.
  #permissions: 0600

  # Enable log file rotation on time intervals in addition to size-based rotation.
  # Intervals must be at least 1s. Values of 1m, 1h, 24h, 7*24h, 30*24h, and 365*24h
  # are boundary-aligned with minutes, hours, days, weeks, months, and years as
  # reported by the local system clock. All other intervals are calculated from the
  # Unix epoch. Defaults to disabled.
  #interval: 0

  # Rotate existing logs on startup rather than appending to the existing
  # file. Defaults to true.
  # rotateonstartup: true

# Set to true to log messages in JSON format.
#logging.json: false


#============================== X-Pack Monitoring ===============================
# Filebeat can export internal metrics to a central Elasticsearch monitoring
# cluster.  This requires xpack monitoring to be enabled in Elasticsearch.  The
# reporting is disabled by default.

# Set to true to enable the monitoring reporter.
#monitoring.enabled: false

# Sets the UUID of the Elasticsearch cluster under which monitoring data for this
# Filebeat instance will appear in the Stack Monitoring UI. If output.elasticsearch
# is enabled, the UUID is derived from the Elasticsearch cluster referenced by output.elasticsearch.
#monitoring.cluster_uuid:

# Uncomment to send the metrics to Elasticsearch. Most settings from the
# Elasticsearch output are accepted here as well.
# Note that the settings should point to your Elasticsearch *monitoring* cluster.
# Any setting that is not set is automatically inherited from the Elasticsearch
# output configuration, so if you have the Elasticsearch output configured such
# that it is pointing to your Elasticsearch monitoring cluster, you can simply
# uncomment the following line.
#monitoring.elasticsearch:

  # Array of hosts to connect to.
  # Scheme and port can be left out and will be set to the default (http and 9200)
  # In case you specify and additional path, the scheme is required: http://localhost:9200/path
  # IPv6 addresses should always be defined as: https://[2001:db8::1]:9200
  #hosts: ["localhost:9200"]

  # Set gzip compression level.
  #compression_level: 0

  # Optional protocol and basic auth credentials.
  #protocol: "https"
  #username: "beats_system"
  #password: "changeme"

  # Dictionary of HTTP parameters to pass within the URL with index operations.
  #parameters:
    #param1: value1
    #param2: value2

  # Custom HTTP headers to add to each request
  #headers:
  #  X-My-Header: Contents of the header

  # Proxy server url
  #proxy_url: http://proxy:3128

  # The number of times a particular Elasticsearch index operation is attempted. If
  # the indexing operation doesn't succeed after this many retries, the events are
  # dropped. The default is 3.
  #max_retries: 3

  # The maximum number of events to bulk in a single Elasticsearch bulk API index request.
  # The default is 50.
  #bulk_max_size: 50

  # The number of seconds to wait before trying to reconnect to Elasticsearch
  # after a network error. After waiting backoff.init seconds, the Beat
  # tries to reconnect. If the attempt fails, the backoff timer is increased
  # exponentially up to backoff.max. After a successful connection, the backoff
  # timer is reset. The default is 1s.
  #backoff.init: 1s

  # The maximum number of seconds to wait before attempting to connect to
  # Elasticsearch after a network error. The default is 60s.
  #backoff.max: 60s

  # Configure HTTP request timeout before failing an request to Elasticsearch.
  #timeout: 90

  # Use SSL settings for HTTPS.
  #ssl.enabled: true

  # Configure SSL verification mode. If `none` is configured, all server hosts
  # and certificates will be accepted. In this mode, SSL based connections are
  # susceptible to man-in-the-middle attacks. Use only for testing. Default is
  # `full`.
  #ssl.verification_mode: full

  # List of supported/valid TLS versions. By default all TLS versions from 1.0 up to
  # 1.2 are enabled.
  #ssl.supported_protocols: [TLSv1.0, TLSv1.1, TLSv1.2]

  # SSL configuration. The default is off.
  # List of root certificates for HTTPS server verifications
  #ssl.certificate_authorities: ["/etc/pki/root/ca.pem"]

  # Certificate for SSL client authentication
  #ssl.certificate: "/etc/pki/client/cert.pem"

  # Client certificate key
  #ssl.key: "/etc/pki/client/cert.key"

  # Optional passphrase for decrypting the certificate key.
  #ssl.key_passphrase: ''

  # Configure cipher suites to be used for SSL connections
  #ssl.cipher_suites: []

  # Configure curve types for ECDHE-based cipher suites
  #ssl.curve_types: []

  # Configure what types of renegotiation are supported. Valid options are
  # never, once, and freely. Default is never.
  #ssl.renegotiation: never

  #metrics.period: 10s
  #state.period: 1m

#================================ HTTP Endpoint ======================================
# Each beat can expose internal metrics through a HTTP endpoint. For security
# reasons the endpoint is disabled by default. This feature is currently experimental.
# Stats can be access through http://localhost:5066/stats . For pretty JSON output
# append ?pretty to the URL.

# Defines if the HTTP endpoint is enabled.
#http.enabled: false

# The HTTP endpoint will bind to this hostname, IP address, unix socket or named pipe.
# When using IP addresses, it is recommended to only use localhost.
#http.host: localhost

# Port on which the HTTP endpoint will bind. Default is 5066.
#http.port: 5066

# Define which user should be owning the named pipe.
#http.named_pipe.user:

# Define which the permissions that should be applied to the named pipe, use the Security
# Descriptor Definition Language (SDDL) to define the permission. This option cannot be used with
# `http.user`.
#http.named_pipe.security_descriptor:

#============================= Process Security ================================

# Enable or disable seccomp system call filtering on Linux. Default is enabled.
#seccomp.enabled: true

#================================= Migration ==================================

# This allows to enable 6.7 migration aliases
#migration.6_to_7.enabled: falseroot@cf331a2fb986:/etc/ansible# curl https://gist.githubusercontent.com/slape/5cc350109583af6cbe577bbcc0710c93/raw/ecb25760/Filebeat > /etc/ansible/files/filebeat-config.yml
bash: /etc/ansible/files/filebeat-config.yml: No such file or directory
root@cf331a2fb986:/etc/ansible# curl https://gist.githubusercontent.com/slape/5cc350109583af6cbe577bbcc0710c93/raw/ecb25760/Filebeat > /files/filebeat-config.yml
bash: /files/filebeat-config.yml: No such file or directory
root@cf331a2fb986:/etc/ansible# touch /files/filebeat-config.yml
touch: cannot touch '/files/filebeat-config.yml': No such file or directory
root@cf331a2fb986:/etc/ansible# mkdir files                     
root@cf331a2fb986:/etc/ansible# cd files 
root@cf331a2fb986:/etc/ansible/files# touch filebeat-config.yml
root@cf331a2fb986:/etc/ansible/files# nano filebeat-config.yml
root@cf331a2fb986:/etc/ansible/files# ..cd
bash: ..cd: command not found
root@cf331a2fb986:/etc/ansible/files# ./cd
bash: ./cd: No such file or directory
root@cf331a2fb986:/etc/ansible/files# cd..
bash: cd..: command not found
root@cf331a2fb986:/etc/ansible/files# cd ..
root@cf331a2fb986:/etc/ansible# cd /roles
bash: cd: /roles: No such file or directory
root@cf331a2fb986:/etc/ansible# cd roles
root@cf331a2fb986:/etc/ansible/roles# curl https://artifacts.elastic.co/downloads/beats/filebeat/filebeat-7.4.0-amd64.deb
Warning: Binary output can mess up your terminal. Use "--output -" to tell 
Warning: curl to output it to your terminal anyway, or consider "--output 
Warning: <FILE>" to save to a file.
root@cf331a2fb986:/etc/ansible/roles# curl -L -O https://artifacts.elastic.co/downloads/beats/filebeat/filebeat-7.6.1-amd64.deb
  % Total    % Received % Xferd  Average Speed   Time    Time     Time  Current
                                 Dload  Upload   Total   Spent    Left  Speed
100 23.9M  100 23.9M    0     0   108M      0 --:--:-- --:--:-- --:--:--  107M
root@cf331a2fb986:/etc/ansible/roles# dpkg -i filebeat-7.4.0-amd64.deb
dpkg: error: cannot access archive 'filebeat-7.4.0-amd64.deb': No such file or directory
root@cf331a2fb986:/etc/ansible/roles# filebeat modules enable system
Enabled system
root@cf331a2fb986:/etc/ansible/roles# filebeat setup
Exiting: Couldn't connect to any of the configured Elasticsearch hosts. Errors: [Error connection to Elasticsearch http://localhost:9200: Get http://localhost:9200: dial tcp [::1]:9200: connect: cannot assign requested address]
root@cf331a2fb986:/etc/ansible/roles# cd /etc/filebeat
root@cf331a2fb986:/etc/filebeat# filebeat setup
Exiting: Couldn't connect to any of the configured Elasticsearch hosts. Errors: [Error connection to Elasticsearch http://localhost:9200: Get http://localhost:9200: dial tcp [::1]:9200: connect: cannot assign requested address]
root@cf331a2fb986:/etc/filebeat# filebeat -e
2020-11-19T04:10:29.941Z	INFO	instance/beat.go:622	Home path: [/usr/share/filebeat] Config path: [/etc/filebeat] Data path: [/var/lib/filebeat] Logs path: [/var/log/filebeat]
2020-11-19T04:10:29.943Z	INFO	instance/beat.go:630	Beat ID: 1542fbad-35db-4fb1-ae0c-9c2a75d52cd2
2020-11-19T04:10:29.947Z	INFO	[seccomp]	seccomp/seccomp.go:124	Syscall filter successfully installed
2020-11-19T04:10:29.948Z	INFO	[beat]	instance/beat.go:958	Beat info	{"system_info": {"beat": {"path": {"config": "/etc/filebeat", "data": "/var/lib/filebeat", "home": "/usr/share/filebeat", "logs": "/var/log/filebeat"}, "type": "filebeat", "uuid": "1542fbad-35db-4fb1-ae0c-9c2a75d52cd2"}}}
2020-11-19T04:10:29.949Z	INFO	[beat]	instance/beat.go:967	Build info	{"system_info": {"build": {"commit": "c1c49432bdc53563e63e9d684ca3e9843626e448", "libbeat": "7.6.1", "time": "2020-02-28T23:12:26.000Z", "version": "7.6.1"}}}
2020-11-19T04:10:29.950Z	INFO	[beat]	instance/beat.go:970	Go runtime info	{"system_info": {"go": {"os":"linux","arch":"amd64","max_procs":1,"version":"go1.13.8"}}}
2020-11-19T04:10:29.952Z	INFO	[beat]	instance/beat.go:974	Host info	{"system_info": {"host": {"architecture":"x86_64","boot_time":"2020-11-19T01:30:02Z","containerized":true,"name":"cf331a2fb986","ip":["127.0.0.1/8","172.17.0.2/16"],"kernel_version":"5.4.0-1031-azure","mac":["02:42:ac:11:00:02"],"os":{"family":"debian","platform":"ubuntu","name":"Ubuntu","version":"18.04.3 LTS (Bionic Beaver)","major":18,"minor":4,"patch":3,"codename":"bionic"},"timezone":"UTC","timezone_offset_sec":0}}}
2020-11-19T04:10:29.953Z	INFO	[beat]	instance/beat.go:1003	Process info	{"system_info": {"process": {"capabilities": {"inheritable":["chown","dac_override","fowner","fsetid","kill","setgid","setuid","setpcap","net_bind_service","net_raw","sys_chroot","mknod","audit_write","setfcap"],"permitted":["chown","dac_override","fowner","fsetid","kill","setgid","setuid","setpcap","net_bind_service","net_raw","sys_chroot","mknod","audit_write","setfcap"],"effective":["chown","dac_override","fowner","fsetid","kill","setgid","setuid","setpcap","net_bind_service","net_raw","sys_chroot","mknod","audit_write","setfcap"],"bounding":["chown","dac_override","fowner","fsetid","kill","setgid","setuid","setpcap","net_bind_service","net_raw","sys_chroot","mknod","audit_write","setfcap"],"ambient":null}, "cwd": "/etc/filebeat", "exe": "/usr/share/filebeat/bin/filebeat", "name": "filebeat", "pid": 168, "ppid": 1, "seccomp": {"mode":"filter","no_new_privs":true}, "start_time": "2020-11-19T04:10:28.960Z"}}}
2020-11-19T04:10:29.953Z	INFO	instance/beat.go:298	Setup Beat: filebeat; Version: 7.6.1
2020-11-19T04:10:29.954Z	INFO	[index-management]	idxmgmt/std.go:182	Set output.elasticsearch.index to 'filebeat-7.6.1' as ILM is enabled.
2020-11-19T04:10:29.956Z	INFO	elasticsearch/client.go:174	Elasticsearch url: http://localhost:9200
2020-11-19T04:10:29.958Z	INFO	[publisher]	pipeline/module.go:110	Beat name: cf331a2fb986
2020-11-19T04:10:29.959Z	INFO	instance/beat.go:439	filebeat start running.
2020-11-19T04:10:29.960Z	INFO	registrar/migrate.go:104	No registry home found. Create: /var/lib/filebeat/registry/filebeat
2020-11-19T04:10:29.961Z	INFO	registrar/migrate.go:112	Initialize registry meta file
2020-11-19T04:10:29.974Z	INFO	registrar/registrar.go:108	No registry file found under: /var/lib/filebeat/registry/filebeat/data.json. Creating a new registry file.
2020-11-19T04:10:29.979Z	INFO	[monitoring]	log/log.go:118	Starting metrics logging every 30s
2020-11-19T04:10:29.989Z	INFO	add_cloud_metadata/add_cloud_metadata.go:93	add_cloud_metadata: hosting provider type detected as az, metadata={"instance":{"id":"4a099783-923e-46ad-82b6-d953f9ac7c3d","name":"Jump-Box-Provisioner"},"machine":{"type":"Standard_B1s"},"provider":"az","region":"westus"}
2020-11-19T04:10:30.006Z	INFO	registrar/registrar.go:145	Loading registrar data from /var/lib/filebeat/registry/filebeat/data.json
2020-11-19T04:10:30.007Z	INFO	registrar/registrar.go:152	States Loaded from registrar: 0
2020-11-19T04:10:30.008Z	INFO	crawler/crawler.go:72	Loading Inputs: 1
2020-11-19T04:10:30.010Z	INFO	log/input.go:152	Configured paths: [/var/log/auth.log* /var/log/secure*]
2020-11-19T04:10:30.012Z	INFO	log/input.go:152	Configured paths: [/var/log/messages* /var/log/syslog*]
2020-11-19T04:10:30.013Z	INFO	crawler/crawler.go:106	Loading and starting Inputs completed. Enabled inputs: 0
2020-11-19T04:10:30.013Z	INFO	cfgfile/reload.go:171	Config reloader started
2020-11-19T04:10:30.017Z	INFO	log/input.go:152	Configured paths: [/var/log/auth.log* /var/log/secure*]
2020-11-19T04:10:30.019Z	INFO	log/input.go:152	Configured paths: [/var/log/messages* /var/log/syslog*]
2020-11-19T04:10:30.020Z	INFO	elasticsearch/client.go:174	Elasticsearch url: http://localhost:9200
2020-11-19T04:10:30.021Z	ERROR	elasticsearch/elasticsearch.go:261	Error connecting to Elasticsearch at http://localhost:9200: Get http://localhost:9200: dial tcp 127.0.0.1:9200: connect: connection refused
2020-11-19T04:10:30.022Z	ERROR	fileset/factory.go:131	Error loading pipeline: Error creating Elasticsearch client: Couldn't connect to any of the configured Elasticsearch hosts. Errors: [Error connection to Elasticsearch http://localhost:9200: Get http://localhost:9200: dial tcp 127.0.0.1:9200: connect: connection refused]
2020-11-19T04:10:30.023Z	INFO	input/input.go:114	Starting input of type: log; ID: 207241600085807068 
2020-11-19T04:10:30.024Z	INFO	input/input.go:114	Starting input of type: log; ID: 11368361240418550569 
2020-11-19T04:10:30.025Z	INFO	cfgfile/reload.go:226	Loading of config files completed.
^C2020-11-19T04:10:45.831Z	INFO	beater/filebeat.go:443	Stopping filebeat
2020-11-19T04:10:45.831Z	INFO	crawler/crawler.go:139	Stopping Crawler
2020-11-19T04:10:45.831Z	INFO	crawler/crawler.go:149	Stopping 0 inputs
2020-11-19T04:10:45.831Z	INFO	cfgfile/reload.go:229	Dynamic config reloader stopped
2020-11-19T04:10:45.831Z	INFO	[reload]	cfgfile/list.go:118	Stopping 1 runners ...
2020-11-19T04:10:45.831Z	INFO	input/input.go:149	input ticker stopped
2020-11-19T04:10:45.831Z	INFO	input/input.go:167	Stopping Input: 207241600085807068
2020-11-19T04:10:45.831Z	INFO	input/input.go:149	input ticker stopped
2020-11-19T04:10:45.831Z	INFO	input/input.go:167	Stopping Input: 11368361240418550569
2020-11-19T04:10:45.831Z	INFO	crawler/crawler.go:165	Crawler stopped
2020-11-19T04:10:45.831Z	INFO	registrar/registrar.go:367	Stopping Registrar
2020-11-19T04:10:45.831Z	INFO	registrar/registrar.go:293	Ending Registrar
2020-11-19T04:10:45.853Z	INFO	[monitoring]	log/log.go:153	Total non-zero metrics	{"monitoring": {"metrics": {"beat":{"cpu":{"system":{"ticks":10,"time":{"ms":18}},"total":{"ticks":50,"time":{"ms":59},"value":50},"user":{"ticks":40,"time":{"ms":41}}},"handles":{"limit":{"hard":1048576,"soft":1048576},"open":8},"info":{"ephemeral_id":"22978a6a-3251-4a0d-a1a8-d687c796888c","uptime":{"ms":15936}},"memstats":{"gc_next":9911856,"memory_alloc":6303856,"memory_total":14501112,"rss":57167872},"runtime":{"goroutines":12}},"filebeat":{"harvester":{"open_files":0,"running":0}},"libbeat":{"config":{"module":{"running":0},"reloads":1},"output":{"type":"elasticsearch"},"pipeline":{"clients":0,"events":{"active":0}}},"registrar":{"states":{"current":0},"writes":{"success":2,"total":2}},"system":{"cpu":{"cores":1},"load":{"1":0,"15":0,"5":0,"norm":{"1":0,"15":0,"5":0}}}}}}
2020-11-19T04:10:45.853Z	INFO	[monitoring]	log/log.go:154	Uptime: 15.938378698s
2020-11-19T04:10:45.853Z	INFO	[monitoring]	log/log.go:131	Stopping metrics logging.
2020-11-19T04:10:45.854Z	INFO	instance/beat.go:445	filebeat stopped.
root@cf331a2fb986:/etc/filebeat# cd ..
root@cf331a2fb986:/etc# cd ansible
root@cf331a2fb986:/etc/ansible# ls
ansible.cfg  filebeat-7.6.1-amd64.deb  files  hosts  install-elk.yml  roles
root@cf331a2fb986:/etc/ansible# cd roles
root@cf331a2fb986:/etc/ansible/roles# ls
filebeat-7.6.1-amd64.deb
root@cf331a2fb986:/etc/ansible/roles# cd ..     
root@cf331a2fb986:/etc/ansible# cd files
root@cf331a2fb986:/etc/ansible/files# ls 
filebeat-config.yml
root@cf331a2fb986:/etc/ansible/files# cp filebeat-config.yml > /etc/filebeat/filebeat.yml
cp: missing destination file operand after 'filebeat-config.yml'
Try 'cp --help' for more information.
root@cf331a2fb986:/etc/ansible/files# cp filebeat-config.yml > /etc/filebeat/            
bash: /etc/filebeat/: Is a directory
root@cf331a2fb986:/etc/ansible/files# mv filebeat-config.yml /etc/filebeat/filebeat.yml
root@cf331a2fb986:/etc/ansible/files# filebeat modules enable system
Module system is already enabled
root@cf331a2fb986:/etc/ansible/files# filebeat setup
Overwriting ILM policy is disabled. Set `setup.ilm.overwrite:true` for enabling.

Index setup finished.
Loading dashboards (Kibana must be running and reachable)
Loaded dashboards
Setting up ML using setup --machine-learning is going to be removed in 8.0.0. Please use the ML app instead.
See more: https://www.elastic.co/guide/en/elastic-stack-overview/current/xpack-ml.html
Loaded machine learning job configurations
Loaded Ingest pipelines
root@cf331a2fb986:/etc/ansible/files# filebeat -e 
2020-11-19T04:19:59.401Z	INFO	instance/beat.go:622	Home path: [/usr/share/filebeat] Config path: [/etc/filebeat] Data path: [/var/lib/filebeat] Logs path: [/var/log/filebeat]
2020-11-19T04:19:59.403Z	INFO	instance/beat.go:630	Beat ID: 1542fbad-35db-4fb1-ae0c-9c2a75d52cd2
2020-11-19T04:19:59.404Z	INFO	[seccomp]	seccomp/seccomp.go:124	Syscall filter successfully installed
2020-11-19T04:19:59.405Z	INFO	[beat]	instance/beat.go:958	Beat info	{"system_info": {"beat": {"path": {"config": "/etc/filebeat", "data": "/var/lib/filebeat", "home": "/usr/share/filebeat", "logs": "/var/log/filebeat"}, "type": "filebeat", "uuid": "1542fbad-35db-4fb1-ae0c-9c2a75d52cd2"}}}
2020-11-19T04:19:59.407Z	INFO	[beat]	instance/beat.go:967	Build info	{"system_info": {"build": {"commit": "c1c49432bdc53563e63e9d684ca3e9843626e448", "libbeat": "7.6.1", "time": "2020-02-28T23:12:26.000Z", "version": "7.6.1"}}}
2020-11-19T04:19:59.407Z	INFO	[beat]	instance/beat.go:970	Go runtime info	{"system_info": {"go": {"os":"linux","arch":"amd64","max_procs":1,"version":"go1.13.8"}}}
2020-11-19T04:19:59.408Z	INFO	[beat]	instance/beat.go:974	Host info	{"system_info": {"host": {"architecture":"x86_64","boot_time":"2020-11-19T01:30:02Z","containerized":true,"name":"cf331a2fb986","ip":["127.0.0.1/8","172.17.0.2/16"],"kernel_version":"5.4.0-1031-azure","mac":["02:42:ac:11:00:02"],"os":{"family":"debian","platform":"ubuntu","name":"Ubuntu","version":"18.04.3 LTS (Bionic Beaver)","major":18,"minor":4,"patch":3,"codename":"bionic"},"timezone":"UTC","timezone_offset_sec":0}}}
2020-11-19T04:19:59.410Z	INFO	[beat]	instance/beat.go:1003	Process info	{"system_info": {"process": {"capabilities": {"inheritable":["chown","dac_override","fowner","fsetid","kill","setgid","setuid","setpcap","net_bind_service","net_raw","sys_chroot","mknod","audit_write","setfcap"],"permitted":["chown","dac_override","fowner","fsetid","kill","setgid","setuid","setpcap","net_bind_service","net_raw","sys_chroot","mknod","audit_write","setfcap"],"effective":["chown","dac_override","fowner","fsetid","kill","setgid","setuid","setpcap","net_bind_service","net_raw","sys_chroot","mknod","audit_write","setfcap"],"bounding":["chown","dac_override","fowner","fsetid","kill","setgid","setuid","setpcap","net_bind_service","net_raw","sys_chroot","mknod","audit_write","setfcap"],"ambient":null}, "cwd": "/etc/ansible/files", "exe": "/usr/share/filebeat/bin/filebeat", "name": "filebeat", "pid": 195, "ppid": 1, "seccomp": {"mode":"filter","no_new_privs":true}, "start_time": "2020-11-19T04:19:58.420Z"}}}
2020-11-19T04:19:59.410Z	INFO	instance/beat.go:298	Setup Beat: filebeat; Version: 7.6.1
2020-11-19T04:19:59.411Z	INFO	[index-management]	idxmgmt/std.go:182	Set output.elasticsearch.index to 'filebeat-7.6.1' as ILM is enabled.
2020-11-19T04:19:59.412Z	INFO	elasticsearch/client.go:174	Elasticsearch url: http://10.1.1.4:9200
2020-11-19T04:19:59.414Z	INFO	[publisher]	pipeline/module.go:110	Beat name: cf331a2fb986
2020-11-19T04:19:59.421Z	INFO	beater/filebeat.go:92	Enabled modules/filesets: haproxy (log), kafka (log), kibana (log), nats (log), osquery (result), santa (log),  (), elasticsearch (server, slowlog, audit, deprecation, gc)
2020-11-19T04:19:59.424Z	INFO	instance/beat.go:439	filebeat start running.
2020-11-19T04:19:59.425Z	INFO	registrar/registrar.go:145	Loading registrar data from /var/lib/filebeat/registry/filebeat/data.json
2020-11-19T04:19:59.426Z	INFO	registrar/registrar.go:152	States Loaded from registrar: 0
2020-11-19T04:19:59.427Z	INFO	crawler/crawler.go:72	Loading Inputs: 12
2020-11-19T04:19:59.428Z	INFO	log/input.go:152	Configured paths: [/var/log/osquery/osqueryd.results.log*]
2020-11-19T04:19:59.429Z	INFO	input/input.go:114	Starting input of type: log; ID: 15581115036600007634 
2020-11-19T04:19:59.429Z	INFO	log/input.go:152	Configured paths: [/var/log/santa.log]
2020-11-19T04:19:59.429Z	INFO	input/input.go:114	Starting input of type: log; ID: 7922089049448530986 
2020-11-19T04:19:59.430Z	INFO	log/input.go:152	Configured paths: [/var/log/elasticsearch/*_access.log /var/log/elasticsearch/*_audit.log /var/log/elasticsearch/*_audit.json]
2020-11-19T04:19:59.430Z	INFO	input/input.go:114	Starting input of type: log; ID: 4516640461817529658 
2020-11-19T04:19:59.431Z	INFO	log/input.go:152	Configured paths: [/var/log/elasticsearch/*_deprecation.log /var/log/elasticsearch/*_deprecation.json]
2020-11-19T04:19:59.432Z	INFO	input/input.go:114	Starting input of type: log; ID: 1560080646516122171 
2020-11-19T04:19:59.432Z	INFO	log/input.go:152	Configured paths: [/var/log/elasticsearch/gc.log.[0-9]* /var/log/elasticsearch/gc.log]
2020-11-19T04:19:59.433Z	INFO	input/input.go:114	Starting input of type: log; ID: 5529333814483746034 
2020-11-19T04:19:59.434Z	INFO	log/input.go:152	Configured paths: [/var/log/elasticsearch/*.log /var/log/elasticsearch/*_server.json]
2020-11-19T04:19:59.435Z	INFO	input/input.go:114	Starting input of type: log; ID: 15046769416347304333 
2020-11-19T04:19:59.435Z	INFO	log/input.go:152	Configured paths: [/var/log/elasticsearch/*_index_search_slowlog.log /var/log/elasticsearch/*_index_indexing_slowlog.log /var/log/elasticsearch/*_index_search_slowlog.json /var/log/elasticsearch/*_index_indexing_slowlog.json]
2020-11-19T04:19:59.436Z	INFO	input/input.go:114	Starting input of type: log; ID: 5214519797908401371 
2020-11-19T04:19:59.436Z	WARN	[cfgwarn]	syslog/input.go:111	EXPERIMENTAL: Syslog input type is used
2020-11-19T04:19:59.436Z	INFO	input/input.go:114	Starting input of type: syslog; ID: 11948502083291095216 
2020-11-19T04:19:59.437Z	INFO	log/input.go:152	Configured paths: [/opt/kafka*/logs/controller.log* /opt/kafka*/logs/server.log* /opt/kafka*/logs/state-change.log* /opt/kafka*/logs/kafka-*.log*]
2020-11-19T04:19:59.438Z	INFO	input/input.go:114	Starting input of type: log; ID: 15589749874440875315 
2020-11-19T04:19:59.438Z	INFO	log/input.go:152	Configured paths: [/var/log/kibana/kibana.stdout]
2020-11-19T04:19:59.439Z	INFO	input/input.go:114	Starting input of type: log; ID: 1559381596868758645 
2020-11-19T04:19:59.439Z	INFO	log/input.go:152	Configured paths: [/var/log/nats/nats.log*]
2020-11-19T04:19:59.440Z	INFO	input/input.go:114	Starting input of type: log; ID: 15089596070574456188 
2020-11-19T04:19:59.444Z	INFO	log/input.go:152	Configured paths: [/var/log/auth.log* /var/log/secure*]
2020-11-19T04:19:59.445Z	INFO	log/input.go:152	Configured paths: [/var/log/messages* /var/log/syslog*]
2020-11-19T04:19:59.446Z	INFO	crawler/crawler.go:106	Loading and starting Inputs completed. Enabled inputs: 11
2020-11-19T04:19:59.449Z	INFO	[monitoring]	log/log.go:118	Starting metrics logging every 30s
2020-11-19T04:19:59.450Z	INFO	[syslog]	syslog/input.go:155	Starting Syslog input	{"protocol": "udp"}
2020-11-19T04:19:59.452Z	INFO	cfgfile/reload.go:171	Config reloader started
2020-11-19T04:19:59.454Z	INFO	[udp]	udp/server.go:81	Started listening for UDP connection	{"address": "localhost:9001"}
2020-11-19T04:19:59.457Z	INFO	log/input.go:152	Configured paths: [/var/log/auth.log* /var/log/secure*]
2020-11-19T04:19:59.458Z	INFO	log/input.go:152	Configured paths: [/var/log/messages* /var/log/syslog*]
2020-11-19T04:19:59.459Z	INFO	elasticsearch/client.go:174	Elasticsearch url: http://10.1.1.4:9200
2020-11-19T04:19:59.589Z	INFO	elasticsearch/client.go:757	Attempting to connect to Elasticsearch version 7.6.1
2020-11-19T04:19:59.722Z	INFO	[license]	licenser/es_callback.go:50	Elasticsearch license: Basic
2020-11-19T04:19:59.851Z	INFO	input/input.go:114	Starting input of type: log; ID: 207241600085807068 
2020-11-19T04:19:59.852Z	INFO	input/input.go:114	Starting input of type: log; ID: 11368361240418550569 
2020-11-19T04:19:59.852Z	INFO	cfgfile/reload.go:226	Loading of config files completed.
2020-11-19T04:20:29.452Z	INFO	[monitoring]	log/log.go:145	Non-zero metrics in the last 30s	{"monitoring": {"metrics": {"beat":{"cpu":{"system":{"ticks":20,"time":{"ms":24}},"total":{"ticks":70,"time":{"ms":77},"value":70},"user":{"ticks":50,"time":{"ms":53}}},"handles":{"limit":{"hard":1048576,"soft":1048576},"open":8},"info":{"ephemeral_id":"a56ab4a4-663a-4760-bfab-28e7dd5c934f","uptime":{"ms":30078}},"memstats":{"gc_next":9811232,"memory_alloc":6159592,"memory_total":16421712,"rss":55156736},"runtime":{"goroutines":103}},"filebeat":{"harvester":{"open_files":0,"running":0}},"libbeat":{"config":{"module":{"running":0},"reloads":1},"output":{"type":"elasticsearch"},"pipeline":{"clients":15,"events":{"active":0}}},"registrar":{"states":{"current":0}},"system":{"cpu":{"cores":1},"load":{"1":0,"15":0,"5":0,"norm":{"1":0,"15":0,"5":0}}}}}}
2020-11-19T04:20:59.452Z	INFO	[monitoring]	log/log.go:145	Non-zero metrics in the last 30s	{"monitoring": {"metrics": {"beat":{"cpu":{"system":{"ticks":20,"time":{"ms":5}},"total":{"ticks":70,"time":{"ms":5},"value":70},"user":{"ticks":50}},"handles":{"limit":{"hard":1048576,"soft":1048576},"open":8},"info":{"ephemeral_id":"a56ab4a4-663a-4760-bfab-28e7dd5c934f","uptime":{"ms":60078}},"memstats":{"gc_next":9811232,"memory_alloc":6753424,"memory_total":17015544},"runtime":{"goroutines":103}},"filebeat":{"harvester":{"open_files":0,"running":0}},"libbeat":{"config":{"module":{"running":0}},"pipeline":{"clients":15,"events":{"active":0}}},"registrar":{"states":{"current":0}},"system":{"load":{"1":0,"15":0,"5":0,"norm":{"1":0,"15":0,"5":0}}}}}}
2020-11-19T04:21:29.452Z	INFO	[monitoring]	log/log.go:145	Non-zero metrics in the last 30s	{"monitoring": {"metrics": {"beat":{"cpu":{"system":{"ticks":30,"time":{"ms":6}},"total":{"ticks":80,"time":{"ms":6},"value":80},"user":{"ticks":50}},"handles":{"limit":{"hard":1048576,"soft":1048576},"open":8},"info":{"ephemeral_id":"a56ab4a4-663a-4760-bfab-28e7dd5c934f","uptime":{"ms":90078}},"memstats":{"gc_next":9811232,"memory_alloc":7334536,"memory_total":17596656},"runtime":{"goroutines":103}},"filebeat":{"harvester":{"open_files":0,"running":0}},"libbeat":{"config":{"module":{"running":0}},"pipeline":{"clients":15,"events":{"active":0}}},"registrar":{"states":{"current":0}},"system":{"load":{"1":0,"15":0,"5":0,"norm":{"1":0,"15":0,"5":0}}}}}}
2020-11-19T04:21:59.452Z	INFO	[monitoring]	log/log.go:145	Non-zero metrics in the last 30s	{"monitoring": {"metrics": {"beat":{"cpu":{"system":{"ticks":30,"time":{"ms":3}},"total":{"ticks":80,"time":{"ms":5},"value":80},"user":{"ticks":50,"time":{"ms":2}}},"handles":{"limit":{"hard":1048576,"soft":1048576},"open":8},"info":{"ephemeral_id":"a56ab4a4-663a-4760-bfab-28e7dd5c934f","uptime":{"ms":120080}},"memstats":{"gc_next":9811232,"memory_alloc":7836968,"memory_total":18099088},"runtime":{"goroutines":103}},"filebeat":{"harvester":{"open_files":0,"running":0}},"libbeat":{"config":{"module":{"running":0}},"pipeline":{"clients":15,"events":{"active":0}}},"registrar":{"states":{"current":0}},"system":{"load":{"1":0,"15":0,"5":0,"norm":{"1":0,"15":0,"5":0}}}}}}
2020-11-19T04:22:29.452Z	INFO	[monitoring]	log/log.go:145	Non-zero metrics in the last 30s	{"monitoring": {"metrics": {"beat":{"cpu":{"system":{"ticks":40,"time":{"ms":7}},"total":{"ticks":90,"time":{"ms":11},"value":90},"user":{"ticks":50,"time":{"ms":4}}},"handles":{"limit":{"hard":1048576,"soft":1048576},"open":8},"info":{"ephemeral_id":"a56ab4a4-663a-4760-bfab-28e7dd5c934f","uptime":{"ms":150080}},"memstats":{"gc_next":9761808,"memory_alloc":5162616,"memory_total":18694384},"runtime":{"goroutines":103}},"filebeat":{"harvester":{"open_files":0,"running":0}},"libbeat":{"config":{"module":{"running":0}},"pipeline":{"clients":15,"events":{"active":0}}},"registrar":{"states":{"current":0}},"system":{"load":{"1":0,"15":0,"5":0,"norm":{"1":0,"15":0,"5":0}}}}}}
2020-11-19T04:22:59.451Z	INFO	[monitoring]	log/log.go:145	Non-zero metrics in the last 30s	{"monitoring": {"metrics": {"beat":{"cpu":{"system":{"ticks":40,"time":{"ms":2}},"total":{"ticks":100,"time":{"ms":4},"value":100},"user":{"ticks":60,"time":{"ms":2}}},"handles":{"limit":{"hard":1048576,"soft":1048576},"open":8},"info":{"ephemeral_id":"a56ab4a4-663a-4760-bfab-28e7dd5c934f","uptime":{"ms":180078}},"memstats":{"gc_next":9761808,"memory_alloc":5839112,"memory_total":19370880},"runtime":{"goroutines":103}},"filebeat":{"harvester":{"open_files":0,"running":0}},"libbeat":{"config":{"module":{"running":0}},"pipeline":{"clients":15,"events":{"active":0}}},"registrar":{"states":{"current":0}},"system":{"load":{"1":0,"15":0,"5":0,"norm":{"1":0,"15":0,"5":0}}}}}}
2020-11-19T04:23:29.452Z	INFO	[monitoring]	log/log.go:145	Non-zero metrics in the last 30s	{"monitoring": {"metrics": {"beat":{"cpu":{"system":{"ticks":50,"time":{"ms":5}},"total":{"ticks":110,"time":{"ms":6},"value":110},"user":{"ticks":60,"time":{"ms":1}}},"handles":{"limit":{"hard":1048576,"soft":1048576},"open":8},"info":{"ephemeral_id":"a56ab4a4-663a-4760-bfab-28e7dd5c934f","uptime":{"ms":210078}},"memstats":{"gc_next":9761808,"memory_alloc":6345288,"memory_total":19877056},"runtime":{"goroutines":103}},"filebeat":{"harvester":{"open_files":0,"running":0}},"libbeat":{"config":{"module":{"running":0}},"pipeline":{"clients":15,"events":{"active":0}}},"registrar":{"states":{"current":0}},"system":{"load":{"1":0,"15":0,"5":0,"norm":{"1":0,"15":0,"5":0}}}}}}
2020-11-19T04:23:59.452Z	INFO	[monitoring]	log/log.go:145	Non-zero metrics in the last 30s	{"monitoring": {"metrics": {"beat":{"cpu":{"system":{"ticks":50,"time":{"ms":4}},"total":{"ticks":110,"time":{"ms":4},"value":110},"user":{"ticks":60}},"handles":{"limit":{"hard":1048576,"soft":1048576},"open":8},"info":{"ephemeral_id":"a56ab4a4-663a-4760-bfab-28e7dd5c934f","uptime":{"ms":240078}},"memstats":{"gc_next":9761808,"memory_alloc":6938448,"memory_total":20470216},"runtime":{"goroutines":103}},"filebeat":{"harvester":{"open_files":0,"running":0}},"libbeat":{"config":{"module":{"running":0}},"pipeline":{"clients":15,"events":{"active":0}}},"registrar":{"states":{"current":0}},"system":{"load":{"1":0,"15":0,"5":0,"norm":{"1":0,"15":0,"5":0}}}}}}
2020-11-19T04:24:29.452Z	INFO	[monitoring]	log/log.go:145	Non-zero metrics in the last 30s	{"monitoring": {"metrics": {"beat":{"cpu":{"system":{"ticks":50,"time":{"ms":1}},"total":{"ticks":110,"time":{"ms":9},"value":110},"user":{"ticks":60,"time":{"ms":8}}},"handles":{"limit":{"hard":1048576,"soft":1048576},"open":8},"info":{"ephemeral_id":"a56ab4a4-663a-4760-bfab-28e7dd5c934f","uptime":{"ms":270079}},"memstats":{"gc_next":9313344,"memory_alloc":5074472,"memory_total":21245720},"runtime":{"goroutines":103}},"filebeat":{"harvester":{"open_files":0,"running":0}},"libbeat":{"config":{"module":{"running":0}},"pipeline":{"clients":15,"events":{"active":0}}},"registrar":{"states":{"current":0}},"system":{"load":{"1":0,"15":0,"5":0,"norm":{"1":0,"15":0,"5":0}}}}}}
^C2020-11-19T04:24:31.956Z	INFO	beater/filebeat.go:443	Stopping filebeat
2020-11-19T04:24:31.956Z	INFO	crawler/crawler.go:139	Stopping Crawler
2020-11-19T04:24:31.956Z	INFO	crawler/crawler.go:149	Stopping 11 inputs
2020-11-19T04:24:31.956Z	INFO	cfgfile/reload.go:229	Dynamic config reloader stopped
2020-11-19T04:24:31.956Z	INFO	[reload]	cfgfile/list.go:118	Stopping 1 runners ...
2020-11-19T04:24:31.956Z	INFO	input/input.go:149	input ticker stopped
2020-11-19T04:24:31.956Z	INFO	input/input.go:167	Stopping Input: 5214519797908401371
2020-11-19T04:24:31.956Z	INFO	input/input.go:149	input ticker stopped
2020-11-19T04:24:31.956Z	INFO	input/input.go:167	Stopping Input: 11948502083291095216
2020-11-19T04:24:31.956Z	INFO	[syslog]	syslog/input.go:175	Stopping Syslog input
2020-11-19T04:24:31.956Z	INFO	[udp]	udp/server.go:140	Stopping UDP server	{"address": "localhost:9001"}
2020-11-19T04:24:31.956Z	INFO	[udp]	udp/server.go:118	Connection has been closed	{"address": "localhost:9001"}
2020-11-19T04:24:31.956Z	INFO	[udp]	udp/server.go:144	UDP server stopped	{"address": "localhost:9001"}
2020-11-19T04:24:31.956Z	INFO	input/input.go:149	input ticker stopped
2020-11-19T04:24:31.957Z	INFO	input/input.go:167	Stopping Input: 1559381596868758645
2020-11-19T04:24:31.957Z	INFO	input/input.go:149	input ticker stopped
2020-11-19T04:24:31.957Z	INFO	input/input.go:167	Stopping Input: 15089596070574456188
2020-11-19T04:24:31.957Z	INFO	input/input.go:149	input ticker stopped
2020-11-19T04:24:31.957Z	INFO	input/input.go:167	Stopping Input: 7922089049448530986
2020-11-19T04:24:31.957Z	INFO	input/input.go:149	input ticker stopped
2020-11-19T04:24:31.957Z	INFO	input/input.go:167	Stopping Input: 5529333814483746034
2020-11-19T04:24:31.957Z	INFO	input/input.go:149	input ticker stopped
2020-11-19T04:24:31.957Z	INFO	input/input.go:167	Stopping Input: 1560080646516122171
2020-11-19T04:24:31.957Z	INFO	input/input.go:149	input ticker stopped
2020-11-19T04:24:31.957Z	INFO	input/input.go:167	Stopping Input: 15046769416347304333
2020-11-19T04:24:31.957Z	INFO	input/input.go:149	input ticker stopped
2020-11-19T04:24:31.957Z	INFO	input/input.go:167	Stopping Input: 15589749874440875315
2020-11-19T04:24:31.957Z	INFO	input/input.go:149	input ticker stopped
2020-11-19T04:24:31.957Z	INFO	input/input.go:167	Stopping Input: 15581115036600007634
2020-11-19T04:24:31.957Z	INFO	input/input.go:149	input ticker stopped
2020-11-19T04:24:31.957Z	INFO	input/input.go:167	Stopping Input: 4516640461817529658
2020-11-19T04:24:31.957Z	INFO	input/input.go:149	input ticker stopped
2020-11-19T04:24:31.957Z	INFO	input/input.go:167	Stopping Input: 207241600085807068
2020-11-19T04:24:31.957Z	INFO	input/input.go:149	input ticker stopped
2020-11-19T04:24:31.957Z	INFO	input/input.go:167	Stopping Input: 11368361240418550569
2020-11-19T04:24:31.957Z	INFO	crawler/crawler.go:165	Crawler stopped
2020-11-19T04:24:31.957Z	INFO	registrar/registrar.go:367	Stopping Registrar
2020-11-19T04:24:31.957Z	INFO	registrar/registrar.go:293	Ending Registrar
2020-11-19T04:24:31.974Z	INFO	[monitoring]	log/log.go:153	Total non-zero metrics	{"monitoring": {"metrics": {"beat":{"cpu":{"system":{"ticks":50,"time":{"ms":58}},"total":{"ticks":120,"time":{"ms":131},"value":120},"user":{"ticks":70,"time":{"ms":73}}},"handles":{"limit":{"hard":1048576,"soft":1048576},"open":7},"info":{"ephemeral_id":"a56ab4a4-663a-4760-bfab-28e7dd5c934f","uptime":{"ms":272601}},"memstats":{"gc_next":9313344,"memory_alloc":5323104,"memory_total":21494352,"rss":55156736},"runtime":{"goroutines":13}},"filebeat":{"harvester":{"open_files":0,"running":0}},"libbeat":{"config":{"module":{"running":0},"reloads":1},"output":{"type":"elasticsearch"},"pipeline":{"clients":0,"events":{"active":0}}},"registrar":{"states":{"current":0},"writes":{"success":1,"total":1}},"system":{"cpu":{"cores":1},"load":{"1":0,"15":0,"5":0,"norm":{"1":0,"15":0,"5":0}}}}}}
2020-11-19T04:24:31.975Z	INFO	[monitoring]	log/log.go:154	Uptime: 4m32.602545615s
2020-11-19T04:24:31.975Z	INFO	[monitoring]	log/log.go:131	Stopping metrics logging.
2020-11-19T04:24:31.975Z	INFO	instance/beat.go:445	filebeat stopped.
root@cf331a2fb986:/etc/ansible/files# service filebeat start
2020-11-19T04:30:57.628Z	INFO	instance/beat.go:622	Home path: [/usr/share/filebeat] Config path: [/etc/filebeat] Data path: [/var/lib/filebeat] Logs path: [/var/log/filebeat]
2020-11-19T04:30:57.630Z	INFO	instance/beat.go:630	Beat ID: 1542fbad-35db-4fb1-ae0c-9c2a75d52cd2
2020-11-19T04:30:57.631Z	INFO	[beat]	instance/beat.go:958	Beat info	{"system_info": {"beat": {"path": {"config": "/etc/filebeat", "data": "/var/lib/filebeat", "home": "/usr/share/filebeat", "logs": "/var/log/filebeat"}, "type": "filebeat", "uuid": "1542fbad-35db-4fb1-ae0c-9c2a75d52cd2"}}}
2020-11-19T04:30:57.632Z	INFO	[beat]	instance/beat.go:967	Build info	{"system_info": {"build": {"commit": "c1c49432bdc53563e63e9d684ca3e9843626e448", "libbeat": "7.6.1", "time": "2020-02-28T23:12:26.000Z", "version": "7.6.1"}}}
2020-11-19T04:30:57.633Z	INFO	[beat]	instance/beat.go:970	Go runtime info	{"system_info": {"go": {"os":"linux","arch":"amd64","max_procs":1,"version":"go1.13.8"}}}
2020-11-19T04:30:57.634Z	INFO	[beat]	instance/beat.go:974	Host info	{"system_info": {"host": {"architecture":"x86_64","boot_time":"2020-11-19T01:30:02Z","containerized":true,"name":"cf331a2fb986","ip":["127.0.0.1/8","172.17.0.2/16"],"kernel_version":"5.4.0-1031-azure","mac":["02:42:ac:11:00:02"],"os":{"family":"debian","platform":"ubuntu","name":"Ubuntu","version":"18.04.3 LTS (Bionic Beaver)","major":18,"minor":4,"patch":3,"codename":"bionic"},"timezone":"UTC","timezone_offset_sec":0}}}
2020-11-19T04:30:57.636Z	INFO	[beat]	instance/beat.go:1003	Process info	{"system_info": {"process": {"capabilities": {"inheritable":["chown","dac_override","fowner","fsetid","kill","setgid","setuid","setpcap","net_bind_service","net_raw","sys_chroot","mknod","audit_write","setfcap"],"permitted":["chown","dac_override","fowner","fsetid","kill","setgid","setuid","setpcap","net_bind_service","net_raw","sys_chroot","mknod","audit_write","setfcap"],"effective":["chown","dac_override","fowner","fsetid","kill","setgid","setuid","setpcap","net_bind_service","net_raw","sys_chroot","mknod","audit_write","setfcap"],"bounding":["chown","dac_override","fowner","fsetid","kill","setgid","setuid","setpcap","net_bind_service","net_raw","sys_chroot","mknod","audit_write","setfcap"],"ambient":null}, "cwd": "/", "exe": "/usr/share/filebeat/bin/filebeat", "name": "filebeat", "pid": 209, "ppid": 208, "seccomp": {"mode":"filter","no_new_privs":false}, "start_time": "2020-11-19T04:30:56.650Z"}}}
2020-11-19T04:30:57.637Z	INFO	instance/beat.go:298	Setup Beat: filebeat; Version: 7.6.1
2020-11-19T04:30:57.637Z	INFO	[index-management]	idxmgmt/std.go:182	Set output.elasticsearch.index to 'filebeat-7.6.1' as ILM is enabled.
2020-11-19T04:30:57.639Z	INFO	elasticsearch/client.go:174	Elasticsearch url: http://10.1.1.4:9200
2020-11-19T04:30:57.640Z	INFO	[publisher]	pipeline/module.go:110	Beat name: cf331a2fb986
2020-11-19T04:30:57.647Z	INFO	beater/filebeat.go:92	Enabled modules/filesets: osquery (result), santa (log),  (), elasticsearch (server, slowlog, audit, deprecation, gc), haproxy (log), kafka (log), kibana (log), nats (log)
Config OK
root@cf331a2fb986:/etc/ansible/files# service filebeat start
2020-11-19T04:33:19.915Z	INFO	instance/beat.go:622	Home path: [/usr/share/filebeat] Config path: [/etc/filebeat] Data path: [/var/lib/filebeat] Logs path: [/var/log/filebeat]
2020-11-19T04:33:19.917Z	INFO	instance/beat.go:630	Beat ID: 1542fbad-35db-4fb1-ae0c-9c2a75d52cd2
2020-11-19T04:33:19.918Z	INFO	[beat]	instance/beat.go:958	Beat info	{"system_info": {"beat": {"path": {"config": "/etc/filebeat", "data": "/var/lib/filebeat", "home": "/usr/share/filebeat", "logs": "/var/log/filebeat"}, "type": "filebeat", "uuid": "1542fbad-35db-4fb1-ae0c-9c2a75d52cd2"}}}
2020-11-19T04:33:19.919Z	INFO	[beat]	instance/beat.go:967	Build info	{"system_info": {"build": {"commit": "c1c49432bdc53563e63e9d684ca3e9843626e448", "libbeat": "7.6.1", "time": "2020-02-28T23:12:26.000Z", "version": "7.6.1"}}}
2020-11-19T04:33:19.920Z	INFO	[beat]	instance/beat.go:970	Go runtime info	{"system_info": {"go": {"os":"linux","arch":"amd64","max_procs":1,"version":"go1.13.8"}}}
2020-11-19T04:33:19.922Z	INFO	[beat]	instance/beat.go:974	Host info	{"system_info": {"host": {"architecture":"x86_64","boot_time":"2020-11-19T01:30:02Z","containerized":true,"name":"cf331a2fb986","ip":["127.0.0.1/8","172.17.0.2/16"],"kernel_version":"5.4.0-1031-azure","mac":["02:42:ac:11:00:02"],"os":{"family":"debian","platform":"ubuntu","name":"Ubuntu","version":"18.04.3 LTS (Bionic Beaver)","major":18,"minor":4,"patch":3,"codename":"bionic"},"timezone":"UTC","timezone_offset_sec":0}}}
2020-11-19T04:33:19.923Z	INFO	[beat]	instance/beat.go:1003	Process info	{"system_info": {"process": {"capabilities": {"inheritable":["chown","dac_override","fowner","fsetid","kill","setgid","setuid","setpcap","net_bind_service","net_raw","sys_chroot","mknod","audit_write","setfcap"],"permitted":["chown","dac_override","fowner","fsetid","kill","setgid","setuid","setpcap","net_bind_service","net_raw","sys_chroot","mknod","audit_write","setfcap"],"effective":["chown","dac_override","fowner","fsetid","kill","setgid","setuid","setpcap","net_bind_service","net_raw","sys_chroot","mknod","audit_write","setfcap"],"bounding":["chown","dac_override","fowner","fsetid","kill","setgid","setuid","setpcap","net_bind_service","net_raw","sys_chroot","mknod","audit_write","setfcap"],"ambient":null}, "cwd": "/", "exe": "/usr/share/filebeat/bin/filebeat", "name": "filebeat", "pid": 233, "ppid": 232, "seccomp": {"mode":"filter","no_new_privs":false}, "start_time": "2020-11-19T04:33:18.940Z"}}}
2020-11-19T04:33:19.924Z	INFO	instance/beat.go:298	Setup Beat: filebeat; Version: 7.6.1
2020-11-19T04:33:19.924Z	INFO	[index-management]	idxmgmt/std.go:182	Set output.elasticsearch.index to 'filebeat-7.6.1' as ILM is enabled.
2020-11-19T04:33:19.926Z	INFO	elasticsearch/client.go:174	Elasticsearch url: http://10.1.1.4:9200
2020-11-19T04:33:19.927Z	INFO	[publisher]	pipeline/module.go:110	Beat name: cf331a2fb986
2020-11-19T04:33:19.934Z	INFO	beater/filebeat.go:92	Enabled modules/filesets: osquery (result), santa (log),  (), elasticsearch (audit, deprecation, gc, server, slowlog), haproxy (log), kafka (log), kibana (log), nats (log)
Config OK
/usr/share/filebeat/bin/filebeat-god already running.
root@cf331a2fb986:/etc/ansible/files# service filebeat start
2020-11-19T04:33:25.850Z	INFO	instance/beat.go:622	Home path: [/usr/share/filebeat] Config path: [/etc/filebeat] Data path: [/var/lib/filebeat] Logs path: [/var/log/filebeat]
2020-11-19T04:33:25.852Z	INFO	instance/beat.go:630	Beat ID: 1542fbad-35db-4fb1-ae0c-9c2a75d52cd2
2020-11-19T04:33:25.853Z	INFO	[beat]	instance/beat.go:958	Beat info	{"system_info": {"beat": {"path": {"config": "/etc/filebeat", "data": "/var/lib/filebeat", "home": "/usr/share/filebeat", "logs": "/var/log/filebeat"}, "type": "filebeat", "uuid": "1542fbad-35db-4fb1-ae0c-9c2a75d52cd2"}}}
2020-11-19T04:33:25.854Z	INFO	[beat]	instance/beat.go:967	Build info	{"system_info": {"build": {"commit": "c1c49432bdc53563e63e9d684ca3e9843626e448", "libbeat": "7.6.1", "time": "2020-02-28T23:12:26.000Z", "version": "7.6.1"}}}
2020-11-19T04:33:25.855Z	INFO	[beat]	instance/beat.go:970	Go runtime info	{"system_info": {"go": {"os":"linux","arch":"amd64","max_procs":1,"version":"go1.13.8"}}}
2020-11-19T04:33:25.856Z	INFO	[beat]	instance/beat.go:974	Host info	{"system_info": {"host": {"architecture":"x86_64","boot_time":"2020-11-19T01:30:02Z","containerized":true,"name":"cf331a2fb986","ip":["127.0.0.1/8","172.17.0.2/16"],"kernel_version":"5.4.0-1031-azure","mac":["02:42:ac:11:00:02"],"os":{"family":"debian","platform":"ubuntu","name":"Ubuntu","version":"18.04.3 LTS (Bionic Beaver)","major":18,"minor":4,"patch":3,"codename":"bionic"},"timezone":"UTC","timezone_offset_sec":0}}}
2020-11-19T04:33:25.857Z	INFO	[beat]	instance/beat.go:1003	Process info	{"system_info": {"process": {"capabilities": {"inheritable":["chown","dac_override","fowner","fsetid","kill","setgid","setuid","setpcap","net_bind_service","net_raw","sys_chroot","mknod","audit_write","setfcap"],"permitted":["chown","dac_override","fowner","fsetid","kill","setgid","setuid","setpcap","net_bind_service","net_raw","sys_chroot","mknod","audit_write","setfcap"],"effective":["chown","dac_override","fowner","fsetid","kill","setgid","setuid","setpcap","net_bind_service","net_raw","sys_chroot","mknod","audit_write","setfcap"],"bounding":["chown","dac_override","fowner","fsetid","kill","setgid","setuid","setpcap","net_bind_service","net_raw","sys_chroot","mknod","audit_write","setfcap"],"ambient":null}, "cwd": "/", "exe": "/usr/share/filebeat/bin/filebeat", "name": "filebeat", "pid": 246, "ppid": 245, "seccomp": {"mode":"filter","no_new_privs":false}, "start_time": "2020-11-19T04:33:24.870Z"}}}
2020-11-19T04:33:25.858Z	INFO	instance/beat.go:298	Setup Beat: filebeat; Version: 7.6.1
2020-11-19T04:33:25.858Z	INFO	[index-management]	idxmgmt/std.go:182	Set output.elasticsearch.index to 'filebeat-7.6.1' as ILM is enabled.
2020-11-19T04:33:25.858Z	INFO	elasticsearch/client.go:174	Elasticsearch url: http://10.1.1.4:9200
2020-11-19T04:33:25.859Z	INFO	[publisher]	pipeline/module.go:110	Beat name: cf331a2fb986
2020-11-19T04:33:25.865Z	INFO	beater/filebeat.go:92	Enabled modules/filesets: elasticsearch (audit, deprecation, gc, server, slowlog), haproxy (log), kafka (log), kibana (log), nats (log), osquery (result), santa (log),  ()
Config OK
/usr/share/filebeat/bin/filebeat-god already running.
root@cf331a2fb986:/etc/ansible/files# exit
Connection to 137.135.63.210 closed by remote host.
Connection to 137.135.63.210 closed.
kw@iMac-OS-X-Server ~ % 
